ARM Linker, 5.02 [Build 28] [MDK-ARM Standard]

==============================================================================

Section Cross References

    system_stm32f4xx.o(i.SystemCoreClockUpdate) refers to system_stm32f4xx.o(.data) for .data
    system_stm32f4xx.o(i.SystemInit) refers to system_stm32f4xx.o(i.SetSysClock) for SetSysClock
    startup_stm32f4xx.o(RESET) refers to startup_stm32f4xx.o(STACK) for __initial_sp
    startup_stm32f4xx.o(RESET) refers to startup_stm32f4xx.o(.text) for Reset_Handler
    startup_stm32f4xx.o(RESET) refers to stm32f4xx_it.o(i.NMI_Handler) for NMI_Handler
    startup_stm32f4xx.o(RESET) refers to stm32f4xx_it.o(i.HardFault_Handler) for HardFault_Handler
    startup_stm32f4xx.o(RESET) refers to stm32f4xx_it.o(i.MemManage_Handler) for MemManage_Handler
    startup_stm32f4xx.o(RESET) refers to stm32f4xx_it.o(i.BusFault_Handler) for BusFault_Handler
    startup_stm32f4xx.o(RESET) refers to stm32f4xx_it.o(i.UsageFault_Handler) for UsageFault_Handler
    startup_stm32f4xx.o(RESET) refers to hal_cm4.o(.emb_text) for SVC_Handler
    startup_stm32f4xx.o(RESET) refers to stm32f4xx_it.o(i.DebugMon_Handler) for DebugMon_Handler
    startup_stm32f4xx.o(.text) refers to system_stm32f4xx.o(i.SystemInit) for SystemInit
    startup_stm32f4xx.o(.text) refers to entry.o(.ARM.Collect$$$$00000000) for __main
    stm32f4xx_gpio.o(i.GPIO_DeInit) refers to stm32f4xx_rcc.o(i.RCC_AHB1PeriphResetCmd) for RCC_AHB1PeriphResetCmd
    stm32f4xx_rcc.o(i.RCC_GetClocksFreq) refers to stm32f4xx_rcc.o(.data) for .data
    stm32f4xx_rcc.o(i.RCC_WaitForHSEStartUp) refers to stm32f4xx_rcc.o(i.RCC_GetFlagStatus) for RCC_GetFlagStatus
    stm32f4xx_spi.o(i.SPI_I2S_DeInit) refers to stm32f4xx_rcc.o(i.RCC_APB2PeriphResetCmd) for RCC_APB2PeriphResetCmd
    stm32f4xx_spi.o(i.SPI_I2S_DeInit) refers to stm32f4xx_rcc.o(i.RCC_APB1PeriphResetCmd) for RCC_APB1PeriphResetCmd
    stm32f4xx_usart.o(i.USART_DeInit) refers to stm32f4xx_rcc.o(i.RCC_APB2PeriphResetCmd) for RCC_APB2PeriphResetCmd
    stm32f4xx_usart.o(i.USART_DeInit) refers to stm32f4xx_rcc.o(i.RCC_APB1PeriphResetCmd) for RCC_APB1PeriphResetCmd
    stm32f4xx_usart.o(i.USART_Init) refers to stm32f4xx_rcc.o(i.RCC_GetClocksFreq) for RCC_GetClocksFreq
    stm32f4xx_syscfg.o(i.SYSCFG_DeInit) refers to stm32f4xx_rcc.o(i.RCC_APB2PeriphResetCmd) for RCC_APB2PeriphResetCmd
    main.o(i.Init_System) refers to uart_api.o(i.put_log) for put_log
    main.o(i.Init_System) refers to leds.o(i.LED_Init) for LED_Init
    main.o(i.Init_System) refers to leds.o(i.create_LED_Control_Task) for create_LED_Control_Task
    main.o(i.Init_System) refers to acc_api.o(i.create_Acc_Update_task) for create_Acc_Update_task
    main.o(i.Init_System) refers to rt_time.o(i.rt_dly_wait) for rt_dly_wait
    main.o(i.Init_System) refers to rt_task.o(i.rt_tsk_delete) for rt_tsk_delete
    main.o(i.main) refers to uart_driver.o(i.Init_USARTS) for Init_USARTS
    main.o(i.main) refers to acc_driver.o(i.Acc_Init) for Acc_Init
    main.o(i.main) refers to hal_cm4.o(.emb_text) for os_set_env
    main.o(i.main) refers to rt_time.o(i.rt_dly_wait) for rt_dly_wait
    main.o(i.main) refers to main.o(i.Init_System) for Init_System
    main.o(i.main) refers to rt_task.o(i.rt_sys_init) for rt_sys_init
    rtx_conf_cm.o(.data) refers to rtx_conf_cm.o(.bss) for mp_tmr
    acc_api.o(i.Acc_Update) refers to uart_api.o(i.put_log) for put_log
    acc_api.o(i.Acc_Update) refers to acc_driver.o(i.LIS302DL_ReadACC) for LIS302DL_ReadACC
    acc_api.o(i.Acc_Update) refers to rt_time.o(i.rt_dly_wait) for rt_dly_wait
    acc_api.o(i.create_Acc_Update_task) refers to acc_api.o(.bss) for .bss
    acc_api.o(i.create_Acc_Update_task) refers to acc_api.o(i.Acc_Update) for Acc_Update
    acc_api.o(i.create_Acc_Update_task) refers to rt_task.o(i.rt_tsk_create) for rt_tsk_create
    acc_api.o(i.create_Acc_Update_task) refers to acc_api.o(.data) for .data
    acc_driver.o(i.Acc_Init) refers to acc_driver.o(i.LIS302DL_Init) for LIS302DL_Init
    acc_driver.o(i.Acc_Init) refers to rt_time.o(i.rt_dly_wait) for rt_dly_wait
    acc_driver.o(i.LIS302DL_DataRateCmd) refers to acc_driver.o(i.LIS302DL_Read) for LIS302DL_Read
    acc_driver.o(i.LIS302DL_DataRateCmd) refers to acc_driver.o(i.LIS302DL_Write) for LIS302DL_Write
    acc_driver.o(i.LIS302DL_FilterConfig) refers to acc_driver.o(i.LIS302DL_Read) for LIS302DL_Read
    acc_driver.o(i.LIS302DL_FilterConfig) refers to acc_driver.o(i.LIS302DL_Write) for LIS302DL_Write
    acc_driver.o(i.LIS302DL_FullScaleCmd) refers to acc_driver.o(i.LIS302DL_Read) for LIS302DL_Read
    acc_driver.o(i.LIS302DL_FullScaleCmd) refers to acc_driver.o(i.LIS302DL_Write) for LIS302DL_Write
    acc_driver.o(i.LIS302DL_Init) refers to acc_driver.o(i.LIS302DL_LowLevel_Init) for LIS302DL_LowLevel_Init
    acc_driver.o(i.LIS302DL_Init) refers to acc_driver.o(i.LIS302DL_Write) for LIS302DL_Write
    acc_driver.o(i.LIS302DL_InterruptConfig) refers to acc_driver.o(i.LIS302DL_Read) for LIS302DL_Read
[...]
    printfa.o(i._printf_post_padding) refers (Special) to iusefp.o(.text) for __I$use$fp
    printfa.o(i._printf_pre_padding) refers (Special) to iusefp.o(.text) for __I$use$fp
    printfa.o(i._snputc) refers (Special) to iusefp.o(.text) for __I$use$fp
    printfa.o(i._sputc) refers (Special) to iusefp.o(.text) for __I$use$fp
    atoi.o(.text) refers to errno.o(i.__aeabi_errno_addr) for __aeabi_errno_addr
    atoi.o(.text) refers to strtol.o(.text) for strtol
    dadd.o(.text) refers (Special) to iusefp.o(.text) for __I$use$fp
    dadd.o(.text) refers to llshl.o(.text) for __aeabi_llsl
    dadd.o(.text) refers to llsshr.o(.text) for __aeabi_lasr
    dadd.o(.text) refers to depilogue.o(.text) for _double_epilogue
    dmul.o(.text) refers (Special) to iusefp.o(.text) for __I$use$fp
    dmul.o(.text) refers to depilogue.o(.text) for _double_epilogue
    ddiv.o(.text) refers (Special) to iusefp.o(.text) for __I$use$fp
    ddiv.o(.text) refers to depilogue.o(.text) for _double_round
    dneg.o(.text) refers (Special) to iusefp.o(.text) for __I$use$fp
    dfixui.o(.text) refers (Special) to iusefp.o(.text) for __I$use$fp
    dfixui.o(.text) refers to llushr.o(.text) for __aeabi_llsr
    d2f.o(.text) refers (Special) to iusefp.o(.text) for __I$use$fp
    d2f.o(.text) refers to fepilogue.o(.text) for _float_round
    entry2.o(.ARM.Collect$$$$00000001) refers to entry2.o(.ARM.Collect$$$$00002712) for __lit__00000000
    entry2.o(.ARM.Collect$$$$00002712) refers to startup_stm32f4xx.o(STACK) for __initial_sp
    entry2.o(__vectab_stack_and_reset_area) refers to startup_stm32f4xx.o(STACK) for __initial_sp
    entry2.o(__vectab_stack_and_reset_area) refers to entry.o(.ARM.Collect$$$$00000000) for __main
    entry5.o(.ARM.Collect$$$$00000004) refers to init.o(.text) for __scatterload
    entry8.o(.ARM.Collect$$$$00000009) refers to main.o(i.main) for main
    fputc.o(i.fputc) refers (Special) to iusesemip.o(.text) for __I$use$semihosting$fputc
    fputc.o(i.fputc) refers (Special) to semi.o(.text) for __semihosting_library_function
    uldiv.o(.text) refers to llushr.o(.text) for __aeabi_llsr
    uldiv.o(.text) refers to llshl.o(.text) for __aeabi_llsl
    errno.o(i.__aeabi_errno_addr) refers to errno.o(.data) for .data
    errno.o(i.__read_errno) refers to errno.o(.data) for .data
    errno.o(i.__set_errno) refers to errno.o(.data) for .data
    strtod.o(.text) refers to scanf_fp.o(.text) for _scanf_real
    strtod.o(.text) refers to _sgetc.o(.text) for _sgetc
    strtod.o(.text) refers to isspace_o.o(.text) for isspace
    strtol.o(.text) refers to ctype_o.o(.text) for __rt_ctype_table
    strtol.o(.text) refers to _strtoul.o(.text) for _strtoul
    strtol.o(.text) refers to errno.o(i.__aeabi_errno_addr) for __aeabi_errno_addr
    depilogue.o(.text) refers to llshl.o(.text) for __aeabi_llsl
    depilogue.o(.text) refers to llushr.o(.text) for __aeabi_llsr
    dfixul.o(.text) refers to llushr.o(.text) for __aeabi_llsr
    dfixul.o(.text) refers to llshl.o(.text) for __aeabi_llsl
    init.o(.text) refers to entry5.o(.ARM.Collect$$$$00000004) for __main_after_scatterload
    isspace_c.o(.text) refers to ctype_c.o(.text) for __ctype_lookup
    ctype_o.o(.text) refers to ctype_o.o(.constdata) for .constdata
    ctype_o.o(.constdata) refers to ctype_o.o(.constdata) for __ctype_table
    isalnum_o.o(.text) refers to ctype_o.o(.text) for __rt_ctype_table
    isalpha_o.o(.text) refers to ctype_o.o(.text) for __rt_ctype_table
    isblank_o.o(.text) refers to ctype_o.o(.constdata) for __ctype_table
    iscntrl_o.o(.text) refers to ctype_o.o(.text) for __rt_ctype_table
    isdigit_o.o(.text) refers to ctype_o.o(.text) for __rt_ctype_table
    isgraph_o.o(.text) refers to ctype_o.o(.text) for __rt_ctype_table
    islower_o.o(.text) refers to ctype_o.o(.text) for __rt_ctype_table
    isprint_o.o(.text) refers to ctype_o.o(.text) for __rt_ctype_table
    ispunct_o.o(.text) refers to ctype_o.o(.text) for __rt_ctype_table
    isspace_o.o(.text) refers to ctype_o.o(.text) for __rt_ctype_table
    isupper_o.o(.text) refers to ctype_o.o(.text) for __rt_ctype_table
    isxdigit_o.o(.text) refers to ctype_o.o(.text) for __rt_ctype_table
    scanf_fp.o(.text) refers (Special) to iusefp.o(.text) for __I$use$fp
    scanf_fp.o(.text) refers to dfltul.o(.text) for __aeabi_ul2d
    scanf_fp.o(.text) refers to dmul.o(.text) for __aeabi_dmul
    scanf_fp.o(.text) refers to ddiv.o(.text) for __aeabi_ddiv
    scanf_fp.o(.text) refers to scanf_fp.o(i._is_digit) for _is_digit
    scanf_fp.o(.text) refers to d2f.o(.text) for __aeabi_d2f
    _strtoul.o(.text) refers to _chval.o(.text) for _chval
    _strtoul.o(.text) refers to errno.o(i.__aeabi_errno_addr) for __aeabi_errno_addr
    ctype_c.o(.text) refers to ctype_c.o(.constdata) for .constdata
    dfltul.o(.text) refers to depilogue.o(.text) for _double_epilogue
    scanf_fp.o(i._is_digit) refers (Special) to iusefp.o(.text) for __I$use$fp


==============================================================================

Removing Unused input sections from the image.

    Removing system_stm32f4xx.o(.emb_text), (8 bytes).
    Removing system_stm32f4xx.o(i.SystemCoreClockUpdate), (120 bytes).
    Removing system_stm32f4xx.o(.data), (20 bytes).
    Removing startup_stm32f4xx.o(HEAP), (512 bytes).
    Removing stm32f4xx_it.o(.emb_text), (8 bytes).
    Removing misc.o(.emb_text), (8 bytes).
    Removing misc.o(i.NVIC_Init), (100 bytes).
    Removing misc.o(i.NVIC_PriorityGroupConfig), (20 bytes).
    Removing misc.o(i.NVIC_SetVectorTable), (20 bytes).
    Removing misc.o(i.NVIC_SystemLPConfig), (24 bytes).
    Removing misc.o(i.SysTick_CLKSourceConfig), (24 bytes).
    Removing stm32f4xx_gpio.o(.emb_text), (8 bytes).
    Removing stm32f4xx_gpio.o(i.GPIO_DeInit), (228 bytes).
    Removing stm32f4xx_gpio.o(i.GPIO_PinLockConfig), (16 bytes).
    Removing stm32f4xx_gpio.o(i.GPIO_ReadInputData), (6 bytes).
    Removing stm32f4xx_gpio.o(i.GPIO_ReadInputDataBit), (14 bytes).
    Removing stm32f4xx_gpio.o(i.GPIO_ReadOutputData), (6 bytes).
    Removing stm32f4xx_gpio.o(i.GPIO_ReadOutputDataBit), (14 bytes).
    Removing stm32f4xx_gpio.o(i.GPIO_StructInit), (18 bytes).
    Removing stm32f4xx_gpio.o(i.GPIO_ToggleBits), (8 bytes).
    Removing stm32f4xx_gpio.o(i.GPIO_Write), (4 bytes).
    Removing stm32f4xx_gpio.o(i.GPIO_WriteBit), (10 bytes).
    Removing stm32f4xx_rcc.o(.emb_text), (8 bytes).
    Removing stm32f4xx_rcc.o(i.RCC_AHB1PeriphClockLPModeCmd), (24 bytes).
    Removing stm32f4xx_rcc.o(i.RCC_AHB1PeriphResetCmd), (24 bytes).
    Removing stm32f4xx_rcc.o(i.RCC_AHB2PeriphClockCmd), (24 bytes).
    Removing stm32f4xx_rcc.o(i.RCC_AHB2PeriphClockLPModeCmd), (24 bytes).
    Removing stm32f4xx_rcc.o(i.RCC_AHB2PeriphResetCmd), (24 bytes).
    Removing stm32f4xx_rcc.o(i.RCC_AHB3PeriphClockCmd), (24 bytes).
    Removing stm32f4xx_rcc.o(i.RCC_AHB3PeriphClockLPModeCmd), (24 bytes).
    Removing stm32f4xx_rcc.o(i.RCC_AHB3PeriphResetCmd), (24 bytes).
    Removing stm32f4xx_rcc.o(i.RCC_APB1PeriphClockLPModeCmd), (24 bytes).
    Removing stm32f4xx_rcc.o(i.RCC_APB2PeriphClockLPModeCmd), (24 bytes).
    Removing stm32f4xx_rcc.o(i.RCC_AdjustHSICalibrationValue), (20 bytes).
    Removing stm32f4xx_rcc.o(i.RCC_BackupResetCmd), (12 bytes).
    Removing stm32f4xx_rcc.o(i.RCC_ClearFlag), (16 bytes).
    Removing stm32f4xx_rcc.o(i.RCC_ClearITPendingBit), (12 bytes).
    Removing stm32f4xx_rcc.o(i.RCC_ClockSecuritySystemCmd), (12 bytes).
    Removing stm32f4xx_rcc.o(i.RCC_DeInit), (60 bytes).
    Removing stm32f4xx_rcc.o(i.RCC_GetFlagStatus), (52 bytes).
    Removing stm32f4xx_rcc.o(i.RCC_GetITStatus), (20 bytes).
    Removing stm32f4xx_rcc.o(i.RCC_GetSYSCLKSource), (16 bytes).
    Removing stm32f4xx_rcc.o(i.RCC_HCLKConfig), (20 bytes).
    Removing stm32f4xx_rcc.o(i.RCC_HSEConfig), (16 bytes).
    Removing stm32f4xx_rcc.o(i.RCC_HSICmd), (12 bytes).
    Removing stm32f4xx_rcc.o(i.RCC_I2SCLKConfig), (12 bytes).
    Removing stm32f4xx_rcc.o(i.RCC_ITConfig), (24 bytes).
    Removing stm32f4xx_rcc.o(i.RCC_LSEConfig), (28 bytes).
    Removing stm32f4xx_rcc.o(i.RCC_LSICmd), (12 bytes).
    Removing stm32f4xx_rcc.o(i.RCC_MCO1Config), (20 bytes).
    Removing stm32f4xx_rcc.o(i.RCC_MCO2Config), (20 bytes).
    Removing stm32f4xx_rcc.o(i.RCC_PCLK1Config), (20 bytes).
    Removing stm32f4xx_rcc.o(i.RCC_PCLK2Config), (20 bytes).
    Removing stm32f4xx_rcc.o(i.RCC_PLLCmd), (12 bytes).
    Removing stm32f4xx_rcc.o(i.RCC_PLLConfig), (40 bytes).
    Removing stm32f4xx_rcc.o(i.RCC_PLLI2SCmd), (12 bytes).
    Removing stm32f4xx_rcc.o(i.RCC_PLLI2SConfig), (16 bytes).
    Removing stm32f4xx_rcc.o(i.RCC_RTCCLKCmd), (12 bytes).
    Removing stm32f4xx_rcc.o(i.RCC_RTCCLKConfig), (48 bytes).
    Removing stm32f4xx_rcc.o(i.RCC_SYSCLKConfig), (20 bytes).
    Removing stm32f4xx_rcc.o(i.RCC_WaitForHSEStartUp), (38 bytes).
    Removing stm32f4xx_spi.o(.emb_text), (8 bytes).
    Removing stm32f4xx_spi.o(i.I2S_Cmd), (20 bytes).
    Removing stm32f4xx_spi.o(i.I2S_FullDuplexConfig), (58 bytes).
    Removing stm32f4xx_spi.o(i.I2S_Init), (196 bytes).
    Removing stm32f4xx_spi.o(i.I2S_StructInit), (18 bytes).
    Removing stm32f4xx_spi.o(i.SPI_BiDirectionalLineConfig), (22 bytes).
    Removing stm32f4xx_spi.o(i.SPI_CalculateCRC), (20 bytes).
    Removing stm32f4xx_spi.o(i.SPI_DataSizeConfig), (16 bytes).
    Removing stm32f4xx_spi.o(i.SPI_GetCRC), (12 bytes).
    Removing stm32f4xx_spi.o(i.SPI_GetCRCPolynomial), (4 bytes).
    Removing stm32f4xx_spi.o(i.SPI_I2S_ClearFlag), (6 bytes).
    Removing stm32f4xx_spi.o(i.SPI_I2S_ClearITPendingBit), (14 bytes).
    Removing stm32f4xx_spi.o(i.SPI_I2S_DMACmd), (16 bytes).
    Removing stm32f4xx_spi.o(i.SPI_I2S_GetITStatus), (44 bytes).
    Removing stm32f4xx_spi.o(i.SPI_I2S_ITConfig), (24 bytes).
    Removing stm32f4xx_spi.o(i.SPI_NSSInternalSoftwareConfig), (24 bytes).
    Removing stm32f4xx_spi.o(i.SPI_SSOutputCmd), (20 bytes).
    Removing stm32f4xx_spi.o(i.SPI_StructInit), (24 bytes).
    Removing stm32f4xx_spi.o(i.SPI_TIModeCmd), (20 bytes).
    Removing stm32f4xx_spi.o(i.SPI_TransmitCRC), (10 bytes).
    Removing stm32f4xx_usart.o(.emb_text), (8 bytes).
    Removing stm32f4xx_usart.o(i.USART_ClearFlag), (6 bytes).
    Removing stm32f4xx_usart.o(i.USART_ClearITPendingBit), (12 bytes).
    Removing stm32f4xx_usart.o(i.USART_ClockInit), (28 bytes).
    Removing stm32f4xx_usart.o(i.USART_ClockStructInit), (12 bytes).
    Removing stm32f4xx_usart.o(i.USART_DMACmd), (16 bytes).
    Removing stm32f4xx_usart.o(i.USART_DeInit), (140 bytes).
    Removing stm32f4xx_usart.o(i.USART_GetITStatus), (62 bytes).
    Removing stm32f4xx_usart.o(i.USART_HalfDuplexCmd), (20 bytes).
    Removing stm32f4xx_usart.o(i.USART_ITConfig), (48 bytes).
    Removing stm32f4xx_usart.o(i.USART_IrDACmd), (20 bytes).
    Removing stm32f4xx_usart.o(i.USART_IrDAConfig), (16 bytes).
    Removing stm32f4xx_usart.o(i.USART_LINBreakDetectLengthConfig), (16 bytes).
    Removing stm32f4xx_usart.o(i.USART_LINCmd), (20 bytes).
    Removing stm32f4xx_usart.o(i.USART_OneBitMethodCmd), (20 bytes).
    Removing stm32f4xx_usart.o(i.USART_OverSampling8Cmd), (20 bytes).
    Removing stm32f4xx_usart.o(i.USART_ReceiveData), (8 bytes).
    Removing stm32f4xx_usart.o(i.USART_ReceiverWakeUpCmd), (20 bytes).
    Removing stm32f4xx_usart.o(i.USART_SendBreak), (10 bytes).
    Removing stm32f4xx_usart.o(i.USART_SetAddress), (16 bytes).
    Removing stm32f4xx_usart.o(i.USART_SetGuardTime), (16 bytes).
    Removing stm32f4xx_usart.o(i.USART_SetPrescaler), (16 bytes).
    Removing stm32f4xx_usart.o(i.USART_SmartCardCmd), (20 bytes).
    Removing stm32f4xx_usart.o(i.USART_SmartCardNACKCmd), (20 bytes).
    Removing stm32f4xx_usart.o(i.USART_StructInit), (22 bytes).
    Removing stm32f4xx_usart.o(i.USART_WakeUpConfig), (16 bytes).
    Removing stm32f4xx_exti.o(.emb_text), (8 bytes).
    Removing stm32f4xx_exti.o(i.EXTI_ClearFlag), (12 bytes).
    Removing stm32f4xx_exti.o(i.EXTI_ClearITPendingBit), (12 bytes).
    Removing stm32f4xx_exti.o(i.EXTI_DeInit), (36 bytes).
    Removing stm32f4xx_exti.o(i.EXTI_GenerateSWInterrupt), (16 bytes).
    Removing stm32f4xx_exti.o(i.EXTI_GetFlagStatus), (20 bytes).
    Removing stm32f4xx_exti.o(i.EXTI_GetITStatus), (32 bytes).
    Removing stm32f4xx_exti.o(i.EXTI_Init), (112 bytes).
    Removing stm32f4xx_exti.o(i.EXTI_StructInit), (14 bytes).
    Removing stm32f4xx_syscfg.o(.emb_text), (8 bytes).
    Removing stm32f4xx_syscfg.o(i.SYSCFG_CompensationCellCmd), (12 bytes).
    Removing stm32f4xx_syscfg.o(i.SYSCFG_DeInit), (24 bytes).
    Removing stm32f4xx_syscfg.o(i.SYSCFG_ETH_MediaInterfaceConfig), (12 bytes).
    Removing stm32f4xx_syscfg.o(i.SYSCFG_EXTILineConfig), (40 bytes).
    Removing stm32f4xx_syscfg.o(i.SYSCFG_GetCompensationCellStatus), (20 bytes).
    Removing stm32f4xx_syscfg.o(i.SYSCFG_MemoryRemapConfig), (12 bytes).
    Removing stm32f4xx_dma.o(.emb_text), (8 bytes).
    Removing stm32f4xx_dma.o(i.DMA_ClearFlag), (44 bytes).
    Removing stm32f4xx_dma.o(i.DMA_ClearITPendingBit), (44 bytes).
    Removing stm32f4xx_dma.o(i.DMA_Cmd), (20 bytes).
    Removing stm32f4xx_dma.o(i.DMA_DeInit), (292 bytes).
    Removing stm32f4xx_dma.o(i.DMA_DoubleBufferModeCmd), (20 bytes).
    Removing stm32f4xx_dma.o(i.DMA_DoubleBufferModeConfig), (22 bytes).
    Removing stm32f4xx_dma.o(i.DMA_FlowControllerConfig), (20 bytes).
    Removing stm32f4xx_dma.o(i.DMA_GetCmdStatus), (14 bytes).
    Removing stm32f4xx_dma.o(i.DMA_GetCurrDataCounter), (6 bytes).
    Removing stm32f4xx_dma.o(i.DMA_GetCurrentMemoryTarget), (14 bytes).
    Removing stm32f4xx_dma.o(i.DMA_GetFIFOStatus), (8 bytes).
    Removing stm32f4xx_dma.o(i.DMA_GetFlagStatus), (52 bytes).
    Removing stm32f4xx_dma.o(i.DMA_GetITStatus), (84 bytes).
    Removing stm32f4xx_dma.o(i.DMA_ITConfig), (44 bytes).
    Removing stm32f4xx_dma.o(i.DMA_Init), (84 bytes).
    Removing stm32f4xx_dma.o(i.DMA_MemoryTargetConfig), (10 bytes).
    Removing stm32f4xx_dma.o(i.DMA_PeriphIncOffsetSizeConfig), (20 bytes).
    Removing stm32f4xx_dma.o(i.DMA_SetCurrDataCounter), (4 bytes).
    Removing stm32f4xx_dma.o(i.DMA_StructInit), (34 bytes).
    Removing main.o(.emb_text), (8 bytes).
    Removing rtx_conf_cm.o(.emb_text), (8 bytes).
    Removing rtx_conf_cm.o(.constdata), (4 bytes).
    Removing acc_api.o(.emb_text), (8 bytes).
    Removing acc_driver.o(.emb_text), (8 bytes).
    Removing acc_driver.o(i.LIS302DL_DataRateCmd), (40 bytes).
    Removing acc_driver.o(i.LIS302DL_FilterConfig), (60 bytes).
    Removing acc_driver.o(i.LIS302DL_FullScaleCmd), (40 bytes).
    Removing acc_driver.o(i.LIS302DL_InterruptConfig), (46 bytes).
    Removing acc_driver.o(i.LIS302DL_LowpowerCmd), (40 bytes).
    Removing acc_driver.o(i.LIS302DL_RebootCmd), (36 bytes).
    Removing leds.o(.emb_text), (8 bytes).
    Removing uart_api.o(.emb_text), (8 bytes).
    Removing uart_api.o(i.send_to_modem), (56 bytes).
    Removing uart_api.o(.bss), (300 bytes).
    Removing uart_api.o(.bss), (512 bytes).
    Removing uart_driver.o(.emb_text), (8 bytes).
    Removing phone_api.o(.emb_text), (8 bytes).
    Removing phone_api.o(i.API_deletemsg), (48 bytes).
    Removing phone_api.o(i.API_readmsg), (20 bytes).
    Removing phone_api.o(i.API_sendmsg), (348 bytes).
    Removing phone_api.o(i.API_sendmsg_Unauth), (424 bytes).
    Removing phone_api.o(i.itoa), (50 bytes).
    Removing phone_api.o(.bss), (161 bytes).
    Removing phone_api.o(.constdata), (52 bytes).
    Removing phone_api.o(.constdata), (7 bytes).
    Removing phone_api.o(.constdata), (18 bytes).
    Removing phone_api.o(.constdata), (25 bytes).
    Removing phone_api.o(.constdata), (9 bytes).
    Removing phone_api.o(.constdata), (9 bytes).
    Removing phone_api.o(.constdata), (3 bytes).
    Removing phone_com.o(.emb_text), (8 bytes).
    Removing phone_com.o(i.COM_gets), (8 bytes).
    Removing phone_com.o(i.COM_put_integer), (68 bytes).
    Removing phone_com.o(i.COM_trim), (48 bytes).
    Removing phone_com.o(.constdata), (5 bytes).
    Removing phone_com.o(.constdata), (8 bytes).
    Removing phone_com.o(.constdata), (3 bytes).
    Removing phone_com.o(.constdata), (3 bytes).
    Removing phone_com.o(.data), (16 bytes).
    Removing phone_com.o(.data), (4 bytes).
    Removing phone_com.o(.data), (4 bytes).
    Removing phone_com.o(.data), (4 bytes).
    Removing phone_sms_sending.o(.emb_text), (8 bytes).
    Removing phone_sms_sending.o(i.create_response_number), (120 bytes).
    Removing phone_sms_sending.o(i.octet_to_byte), (208 bytes).
    Removing phone_sms_sending.o(i.send_alarm_sms), (68 bytes).
    Removing phone_sms_sending.o(.bss), (86 bytes).
    Removing phone_sms_sending.o(.bss), (191 bytes).
    Removing phone_sms_sending.o(.bss), (17 bytes).
    Removing phone_sms_sending.o(.bss), (17 bytes).
    Removing phone_sms_sending.o(.bss), (512 bytes).
    Removing phone_sms_sending.o(.bss), (512 bytes).
    Removing phone_sms_sending.o(.constdata), (5 bytes).
    Removing phone_sms_sending.o(.constdata), (13 bytes).
    Removing phone_sms_sending.o(.constdata), (9 bytes).
    Removing phone_sms_sending.o(.constdata), (7 bytes).
    Removing phone_sms_sending.o(.constdata), (70 bytes).
    Removing phone_sms_sending.o(.data), (7 bytes).
    Removing phone_sms_sending.o(.data), (7 bytes).
    Removing phone_sms_sending.o(.data), (2 bytes).
    Removing phone_sms_sending.o(.data), (2 bytes).
    Removing phone_sms_sending.o(.data), (2 bytes).
    Removing phone_sms_sending.o(.data), (2 bytes).
    Removing phone_sms_sending.o(.data), (1 bytes).
    Removing phone_sms_sending.o(.data), (1 bytes).
    Removing phone_sms_sending.o(.data), (1 bytes).
    Removing phone_sms_sending.o(.data), (1 bytes).
    Removing phone_sms_sending.o(.data), (1 bytes).
    Removing phone_tools.o(i.TOOLS__decodeCMGR), (88 bytes).
    Removing phone_tools.o(i.TOOLS_decodeCMTI), (46 bytes).
    Removing phone_zip.o(i.ZIP_atoi), (38 bytes).
    Removing phone_zip.o(i.ZIP_compress), (116 bytes).
    Removing phone_zip.o(i.ZIP_decompress), (124 bytes).
    Removing phone_zip.o(i.ZIP_htoi), (16 bytes).
    Removing phone_zip.o(i.ZIP_itoh), (28 bytes).
    Removing phone_zip.o(.constdata), (31 bytes).
    Removing nmea_api.o(.emb_text), (8 bytes).
    Removing nmea_api.o(i.GpsGetAvailable), (20 bytes).
    Removing nmea_api.o(i.GpsGetDay), (12 bytes).
    Removing nmea_api.o(i.GpsGetDirection), (24 bytes).
    Removing nmea_api.o(i.GpsGetFixQuality), (12 bytes).
    Removing nmea_api.o(i.GpsGetHour), (12 bytes).
    Removing nmea_api.o(i.GpsGetLatitude), (28 bytes).
    Removing nmea_api.o(i.GpsGetLongitude), (28 bytes).
    Removing nmea_api.o(i.GpsGetMinute), (12 bytes).
    Removing nmea_api.o(i.GpsGetMonth), (12 bytes).
    Removing nmea_api.o(i.GpsGetSatellites), (12 bytes).
    Removing nmea_api.o(i.GpsGetSecond), (12 bytes).
    Removing nmea_api.o(i.GpsGetSpeed), (44 bytes).
    Removing nmea_api.o(i.GpsGetYear), (12 bytes).
    Removing nmea_api.o(i.Gps_Param_Clear), (68 bytes).
    Removing nmea_api.o(i.check_for_data), (110 bytes).
    Removing nmea_api.o(i.nmea_filter), (92 bytes).
    Removing nmea_api.o(i.process_MRC), (716 bytes).
    Removing nmea_api.o(.data), (56 bytes).
    Removing nmea_api.o(.data), (1 bytes).
    Removing nmea_api.o(.data), (1 bytes).
    Removing nmea_api.o(.data), (1 bytes).
    Removing nmea_data.o(.emb_text), (8 bytes).
    Removing nmea_data.o(.data), (1 bytes).
    Removing nmea_data.o(.data), (1 bytes).
    Removing nmea_data.o(.data), (1 bytes).
    Removing nmea_data.o(.data), (1 bytes).
    Removing nmea_data.o(.data), (4 bytes).
    Removing nmea_data.o(.data), (32 bytes).
    Removing nmea_data.o(.data), (32 bytes).
    Removing rt_task.o(i.rt_tsk_pass), (48 bytes).
    Removing rt_task.o(i.rt_tsk_prio), (128 bytes).
    Removing rt_task.o(i.rt_tsk_self), (16 bytes).
    Removing rt_time.o(i.rt_itv_set), (24 bytes).
    Removing rt_time.o(i.rt_itv_wait), (44 bytes).
    Removing rt_time.o(i.rt_time_get), (12 bytes).
    Removing rt_timer.o(i.rt_tmr_kill), (52 bytes).
    Removing rt_system.o(.emb_text), (0 bytes).
    Removing rt_system.o(i.rt_psh_req), (32 bytes).
    Removing rt_system.o(i.rt_resume), (176 bytes).
    Removing rt_system.o(i.rt_suspend), (44 bytes).
    Removing rt_system.o(i.rt_tsk_lock), (80 bytes).
    Removing rt_system.o(i.rt_tsk_unlock), (80 bytes).
    Removing rt_list.o(i.rt_get_same_rdy_prio), (36 bytes).
    Removing rt_list.o(i.rt_psq_enq), (88 bytes).
    Removing rt_list.o(i.rt_resort_prio), (52 bytes).
    Removing rt_membox.o(i._calloc_box), (30 bytes).
    Removing rt_event.o(i.isr_evt_set), (40 bytes).
    Removing rt_event.o(i.rt_evt_clr), (28 bytes).
    Removing rt_event.o(i.rt_evt_get), (12 bytes).
    Removing rt_event.o(i.rt_evt_set), (96 bytes).
    Removing rt_event.o(i.rt_evt_wait), (64 bytes).
    Removing rt_mailbox.o(i.isr_mbx_receive), (84 bytes).
    Removing rt_mailbox.o(i.isr_mbx_send), (14 bytes).
    Removing rt_mailbox.o(i.rt_mbx_check), (8 bytes).
    Removing rt_mailbox.o(i.rt_mbx_init), (26 bytes).
    Removing rt_mailbox.o(i.rt_mbx_send), (160 bytes).
    Removing rt_mailbox.o(i.rt_mbx_wait), (184 bytes).
    Removing rt_semaphore.o(i.isr_sem_send), (16 bytes).
    Removing rt_semaphore.o(i.rt_sem_init), (12 bytes).
    Removing rt_semaphore.o(i.rt_sem_send), (56 bytes).
    Removing rt_semaphore.o(i.rt_sem_wait), (60 bytes).
    Removing rt_robin.o(i.rt_chk_robin), (72 bytes).
    Removing rt_robin.o(i.rt_init_robin), (24 bytes).
    Removing rt_robin.o(.data), (8 bytes).
    Removing dadd.o(.text), (334 bytes).
    Removing dmul.o(.text), (228 bytes).
    Removing ddiv.o(.text), (222 bytes).
    Removing dneg.o(.text), (6 bytes).
    Removing dfixui.o(.text), (50 bytes).
    Removing d2f.o(.text), (56 bytes).
    Removing fepilogue.o(.text), (108 bytes).
    Removing depilogue.o(.text), (190 bytes).
    Removing dfixul.o(.text), (48 bytes).
    Removing cdrcmple.o(.text), (40 bytes).
    Removing dfltul.o(.text), (24 bytes).

296 unused section(s) (total 13997 bytes) removed from the image.

==============================================================================

Image Symbol Table

    Local Symbols

    Symbol Name                              Value     Ov Type        Size  Object(Section)

    ../clib/microlib/ctype/ctype.c           0x00000000   Number         0  ctype_o.o ABSOLUTE
    ../clib/microlib/ctype/ctype.c           0x00000000   Number         0  iscntrl_o.o ABSOLUTE
    ../clib/microlib/ctype/ctype.c           0x00000000   Number         0  isdigit_o.o ABSOLUTE
    ../clib/microlib/ctype/ctype.c           0x00000000   Number         0  isspace_o.o ABSOLUTE
    ../clib/microlib/ctype/ctype.c           0x00000000   Number         0  ispunct_o.o ABSOLUTE
    ../clib/microlib/ctype/ctype.c           0x00000000   Number         0  isgraph_o.o ABSOLUTE
    ../clib/microlib/ctype/ctype.c           0x00000000   Number         0  ctype_c.o ABSOLUTE
    ../clib/microlib/ctype/ctype.c           0x00000000   Number         0  isprint_o.o ABSOLUTE
    ../clib/microlib/ctype/ctype.c           0x00000000   Number         0  islower_o.o ABSOLUTE
    ../clib/microlib/ctype/ctype.c           0x00000000   Number         0  isspace_c.o ABSOLUTE
    ../clib/microlib/ctype/ctype.c           0x00000000   Number         0  isalnum_o.o ABSOLUTE
    ../clib/microlib/ctype/ctype.c           0x00000000   Number         0  isalpha_o.o ABSOLUTE
    ../clib/microlib/ctype/ctype.c           0x00000000   Number         0  isblank_o.o ABSOLUTE
    ../clib/microlib/ctype/ctype.c           0x00000000   Number         0  isxdigit_o.o ABSOLUTE
    ../clib/microlib/ctype/ctype.c           0x00000000   Number         0  isupper_o.o ABSOLUTE
    ../clib/microlib/division.c              0x00000000   Number         0  uidiv.o ABSOLUTE
    ../clib/microlib/division.c              0x00000000   Number         0  uldiv.o ABSOLUTE
    ../clib/microlib/errno.c                 0x00000000   Number         0  errno.o ABSOLUTE
    ../clib/microlib/init/entry.s            0x00000000   Number         0  entry7a.o ABSOLUTE
    ../clib/microlib/init/entry.s            0x00000000   Number         0  entry8.o ABSOLUTE
    ../clib/microlib/init/entry.s            0x00000000   Number         0  entry5.o ABSOLUTE
    ../clib/microlib/init/entry.s            0x00000000   Number         0  entry7b.o ABSOLUTE
    ../clib/microlib/init/entry.s            0x00000000   Number         0  entry.o ABSOLUTE
    ../clib/microlib/init/entry.s            0x00000000   Number         0  entry2.o ABSOLUTE
    ../clib/microlib/longlong.c              0x00000000   Number         0  llsshr.o ABSOLUTE
    ../clib/microlib/longlong.c              0x00000000   Number         0  llushr.o ABSOLUTE
    ../clib/microlib/longlong.c              0x00000000   Number         0  llshl.o ABSOLUTE
    ../clib/microlib/printf/printf.c         0x00000000   Number         0  printfb.o ABSOLUTE
    ../clib/microlib/printf/printf.c         0x00000000   Number         0  printf0.o ABSOLUTE
    ../clib/microlib/printf/printf.c         0x00000000   Number         0  printfa.o ABSOLUTE
    ../clib/microlib/printf/printf.c         0x00000000   Number         0  printf8.o ABSOLUTE
    ../clib/microlib/printf/printf.c         0x00000000   Number         0  printf7.o ABSOLUTE
    ../clib/microlib/printf/printf.c         0x00000000   Number         0  printf6.o ABSOLUTE
    ../clib/microlib/printf/printf.c         0x00000000   Number         0  printf5.o ABSOLUTE
    ../clib/microlib/printf/printf.c         0x00000000   Number         0  printf4.o ABSOLUTE
    ../clib/microlib/printf/printf.c         0x00000000   Number         0  printf3.o ABSOLUTE
    ../clib/microlib/printf/printf.c         0x00000000   Number         0  printf2.o ABSOLUTE
    ../clib/microlib/printf/printf.c         0x00000000   Number         0  printf1.o ABSOLUTE
    ../clib/microlib/printf/stubs.s          0x00000000   Number         0  stubs.o ABSOLUTE
    ../clib/microlib/stdio/fputc.c           0x00000000   Number         0  fputc.o ABSOLUTE
    ../clib/microlib/stdio/semi.s            0x00000000   Number         0  semi.o ABSOLUTE
    ../clib/microlib/stdio/streams.c         0x00000000   Number         0  stdout.o ABSOLUTE
    ../clib/microlib/string/memcpy.c         0x00000000   Number         0  memcpyb.o ABSOLUTE
    ../clib/microlib/string/memcpy.c         0x00000000   Number         0  memcpya.o ABSOLUTE
    ../clib/microlib/string/memset.c         0x00000000   Number         0  memseta.o ABSOLUTE
    ../clib/microlib/stubs.s                 0x00000000   Number         0  iusesemip.o ABSOLUTE
    ../clib/microlib/stubs.s                 0x00000000   Number         0  iusefp.o ABSOLUTE
    ../clib/scanf.c                          0x00000000   Number         0  strtol.o ABSOLUTE
    ../clib/scanf.c                          0x00000000   Number         0  _chval.o ABSOLUTE
    ../clib/scanf.c                          0x00000000   Number         0  atoi.o ABSOLUTE
    ../clib/scanf.c                          0x00000000   Number         0  strtod.o ABSOLUTE
    ../clib/scanf.c                          0x00000000   Number         0  scanf_fp.o ABSOLUTE
    ../clib/scanf.c                          0x00000000   Number         0  _sgetc.o ABSOLUTE
    ../clib/scanf.c                          0x00000000   Number         0  _strtoul.o ABSOLUTE
    ../fplib/microlib/d2f.c                  0x00000000   Number         0  d2f.o ABSOLUTE
    ../fplib/microlib/fpadd.c                0x00000000   Number         0  dadd.o ABSOLUTE
    ../fplib/microlib/fpdiv.c                0x00000000   Number         0  ddiv.o ABSOLUTE
    ../fplib/microlib/fpepilogue.c           0x00000000   Number         0  depilogue.o ABSOLUTE
    ../fplib/microlib/fpepilogue.c           0x00000000   Number         0  fepilogue.o ABSOLUTE
    ../fplib/microlib/fpfix.c                0x00000000   Number         0  dfixui.o ABSOLUTE
    ../fplib/microlib/fpfix.c                0x00000000   Number         0  dfixul.o ABSOLUTE
    ../fplib/microlib/fpflt.c                0x00000000   Number         0  dfltul.o ABSOLUTE
    ../fplib/microlib/fpmul.c                0x00000000   Number         0  dmul.o ABSOLUTE
    ../fplib/microlib/fpneg.c                0x00000000   Number         0  dneg.o ABSOLUTE
    ../mathlib/atof.c                        0x00000000   Number         0  atof.o ABSOLUTE
    ..\..\Libraries\STM32F4xx_StdPeriph_Driver\src\misc.c 0x00000000   Number         0  misc.o ABSOLUTE
    ..\..\Libraries\STM32F4xx_StdPeriph_Driver\src\stm32f4xx_dma.c 0x00000000   Number         0  stm32f4xx_dma.o ABSOLUTE
    ..\..\Libraries\STM32F4xx_StdPeriph_Driver\src\stm32f4xx_exti.c 0x00000000   Number         0  stm32f4xx_exti.o ABSOLUTE
    ..\..\Libraries\STM32F4xx_StdPeriph_Driver\src\stm32f4xx_gpio.c 0x00000000   Number         0  stm32f4xx_gpio.o ABSOLUTE
    ..\..\Libraries\STM32F4xx_StdPeriph_Driver\src\stm32f4xx_rcc.c 0x00000000   Number         0  stm32f4xx_rcc.o ABSOLUTE
    ..\..\Libraries\STM32F4xx_StdPeriph_Driver\src\stm32f4xx_spi.c 0x00000000   Number         0  stm32f4xx_spi.o ABSOLUTE
    ..\..\Libraries\STM32F4xx_StdPeriph_Driver\src\stm32f4xx_syscfg.c 0x00000000   Number         0  stm32f4xx_syscfg.o ABSOLUTE
    ..\..\Libraries\STM32F4xx_StdPeriph_Driver\src\stm32f4xx_usart.c 0x00000000   Number         0  stm32f4xx_usart.o ABSOLUTE
    ..\\..\\Libraries\\STM32F4xx_StdPeriph_Driver\\src\\misc.c 0x00000000   Number         0  misc.o ABSOLUTE
    ..\\..\\Libraries\\STM32F4xx_StdPeriph_Driver\\src\\stm32f4xx_dma.c 0x00000000   Number         0  stm32f4xx_dma.o ABSOLUTE
    ..\\..\\Libraries\\STM32F4xx_StdPeriph_Driver\\src\\stm32f4xx_exti.c 0x00000000   Number         0  stm32f4xx_exti.o ABSOLUTE
    ..\\..\\Libraries\\STM32F4xx_StdPeriph_Driver\\src\\stm32f4xx_gpio.c 0x00000000   Number         0  stm32f4xx_gpio.o ABSOLUTE
    ..\\..\\Libraries\\STM32F4xx_StdPeriph_Driver\\src\\stm32f4xx_rcc.c 0x00000000   Number         0  stm32f4xx_rcc.o ABSOLUTE
    ..\\..\\Libraries\\STM32F4xx_StdPeriph_Driver\\src\\stm32f4xx_spi.c 0x00000000   Number         0  stm32f4xx_spi.o ABSOLUTE
    ..\\..\\Libraries\\STM32F4xx_StdPeriph_Driver\\src\\stm32f4xx_syscfg.c 0x00000000   Number         0  stm32f4xx_syscfg.o ABSOLUTE
    ..\\..\\Libraries\\STM32F4xx_StdPeriph_Driver\\src\\stm32f4xx_usart.c 0x00000000   Number         0  stm32f4xx_usart.o ABSOLUTE
    ..\\sources\\GPS\\nmea_api.c             0x00000000   Number         0  nmea_api.o ABSOLUTE
    ..\\sources\\GPS\\nmea_data.c            0x00000000   Number         0  nmea_data.o ABSOLUTE
    ..\\sources\\Modem\\phone_api.c          0x00000000   Number         0  phone_api.o ABSOLUTE
    ..\\sources\\Modem\\phone_com.c          0x00000000   Number         0  phone_com.o ABSOLUTE
    ..\\sources\\Modem\\phone_sms_sending.c  0x00000000   Number         0  phone_sms_sending.o ABSOLUTE
    ..\\sources\\RTX_Conf_CM.c               0x00000000   Number         0  rtx_conf_cm.o ABSOLUTE
    ..\\sources\\acc_api.c                   0x00000000   Number         0  acc_api.o ABSOLUTE
    ..\\sources\\acc_driver.c                0x00000000   Number         0  acc_driver.o ABSOLUTE
    ..\\sources\\leds.c                      0x00000000   Number         0  leds.o ABSOLUTE
    ..\\sources\\main.c                      0x00000000   Number         0  main.o ABSOLUTE
    ..\\sources\\stm32f4xx_it.c              0x00000000   Number         0  stm32f4xx_it.o ABSOLUTE
    ..\\sources\\system_stm32f4xx.c          0x00000000   Number         0  system_stm32f4xx.o ABSOLUTE
    ..\\sources\\uart_api.c                  0x00000000   Number         0  uart_api.o ABSOLUTE
    ..\\sources\\uart_driver.c               0x00000000   Number         0  uart_driver.o ABSOLUTE
    ..\sources\GPS\nmea_api.c                0x00000000   Number         0  nmea_api.o ABSOLUTE
    ..\sources\GPS\nmea_data.c               0x00000000   Number         0  nmea_data.o ABSOLUTE
    ..\sources\Modem\phone_api.c             0x00000000   Number         0  phone_api.o ABSOLUTE
    ..\sources\Modem\phone_com.c             0x00000000   Number         0  phone_com.o ABSOLUTE
    ..\sources\Modem\phone_sms_sending.c     0x00000000   Number         0  phone_sms_sending.o ABSOLUTE
    ..\sources\Modem\phone_tools.c           0x00000000   Number         0  phone_tools.o ABSOLUTE
    ..\sources\Modem\phone_zip.c             0x00000000   Number         0  phone_zip.o ABSOLUTE
    ..\sources\RTX_Conf_CM.c                 0x00000000   Number         0  rtx_conf_cm.o ABSOLUTE
    ..\sources\acc_api.c                     0x00000000   Number         0  acc_api.o ABSOLUTE
    ..\sources\acc_driver.c                  0x00000000   Number         0  acc_driver.o ABSOLUTE
    ..\sources\leds.c                        0x00000000   Number         0  leds.o ABSOLUTE
    ..\sources\main.c                        0x00000000   Number         0  main.o ABSOLUTE
    ..\sources\startup_stm32f4xx.s           0x00000000   Number         0  startup_stm32f4xx.o ABSOLUTE
    ..\sources\stm32f4xx_it.c                0x00000000   Number         0  stm32f4xx_it.o ABSOLUTE
    ..\sources\system_stm32f4xx.c            0x00000000   Number         0  system_stm32f4xx.o ABSOLUTE
    ..\sources\uart_api.c                    0x00000000   Number         0  uart_api.o ABSOLUTE
    ..\sources\uart_driver.c                 0x00000000   Number         0  uart_driver.o ABSOLUTE
    SRC\CM\HAL_CM4.c                         0x00000000   Number         0  hal_cm4.o ABSOLUTE
    SRC\CM\SVC_Table.s                       0x00000000   Number         0  SVC_Table.o ABSOLUTE
    SRC\CM\rt_Event.c                        0x00000000   Number         0  rt_event.o ABSOLUTE
    SRC\CM\rt_List.c                         0x00000000   Number         0  rt_list.o ABSOLUTE
    SRC\CM\rt_Mailbox.c                      0x00000000   Number         0  rt_mailbox.o ABSOLUTE
    SRC\CM\rt_MemBox.c                       0x00000000   Number         0  rt_membox.o ABSOLUTE
    SRC\CM\rt_Robin.c                        0x00000000   Number         0  rt_robin.o ABSOLUTE
    SRC\CM\rt_Semaphore.c                    0x00000000   Number         0  rt_semaphore.o ABSOLUTE
    SRC\CM\rt_System.c                       0x00000000   Number         0  rt_system.o ABSOLUTE
    SRC\CM\rt_Task.c                         0x00000000   Number         0  rt_task.o ABSOLUTE
    SRC\CM\rt_Time.c                         0x00000000   Number         0  rt_time.o ABSOLUTE
    SRC\CM\rt_Timer.c                        0x00000000   Number         0  rt_timer.o ABSOLUTE
    SRC\\CM\\HAL_CM4.c                       0x00000000   Number         0  hal_cm4.o ABSOLUTE
    SRC\\CM\\rt_System.c                     0x00000000   Number         0  rt_system.o ABSOLUTE
    cdrcmple.s                               0x00000000   Number         0  cdrcmple.o ABSOLUTE
    dc.s                                     0x00000000   Number         0  dc.o ABSOLUTE
    handlers.s                               0x00000000   Number         0  handlers.o ABSOLUTE
    init.s                                   0x00000000   Number         0  init.o ABSOLUTE
    RESET                                    0x08000000   Section      392  startup_stm32f4xx.o(RESET)
    .ARM.Collect$$$$00000000                 0x08000188   Section        0  entry.o(.ARM.Collect$$$$00000000)
    .ARM.Collect$$$$00000001                 0x08000188   Section        4  entry2.o(.ARM.Collect$$$$00000001)
    .ARM.Collect$$$$00000004                 0x0800018c   Section        4  entry5.o(.ARM.Collect$$$$00000004)
    .ARM.Collect$$$$00000008                 0x08000190   Section        0  entry7b.o(.ARM.Collect$$$$00000008)
    .ARM.Collect$$$$00000009                 0x08000190   Section        8  entry8.o(.ARM.Collect$$$$00000009)
    .ARM.Collect$$$$00002712                 0x08000198   Section        4  entry2.o(.ARM.Collect$$$$00002712)
    __lit__00000000                          0x08000198   Data           4  entry2.o(.ARM.Collect$$$$00002712)
    .emb_text                                0x0800019c   Section      412  hal_cm4.o(.emb_text)
    $v0                                      0x0800019c   Number         0  hal_cm4.o(.emb_text)
    .text                                    0x08000338   Section       52  startup_stm32f4xx.o(.text)
    $v0                                      0x08000338   Number         0  startup_stm32f4xx.o(.text)
    .text                                    0x0800036c   Section       36  init.o(.text)
    SVC_TABLE                                0x08000390   Section        4  SVC_Table.o(SVC_TABLE)
    i.Acc_Init                               0x08000394   Section        0  acc_driver.o(i.Acc_Init)
    i.Acc_Update                             0x080003c4   Section        0  acc_api.o(i.Acc_Update)
    i.BusFault_Handler                       0x08000404   Section        0  stm32f4xx_it.o(i.BusFault_Handler)
    i.DebugMon_Handler                       0x08000406   Section        0  stm32f4xx_it.o(i.DebugMon_Handler)
    i.GPIO_Init                              0x08000408   Section        0  stm32f4xx_gpio.o(i.GPIO_Init)
    i.GPIO_PinAFConfig                       0x08000480   Section        0  stm32f4xx_gpio.o(i.GPIO_PinAFConfig)
    i.GPIO_ResetBits                         0x080004a0   Section        0  stm32f4xx_gpio.o(i.GPIO_ResetBits)
    i.GPIO_SetBits                           0x080004a4   Section        0  stm32f4xx_gpio.o(i.GPIO_SetBits)
    i.HardFault_Handler                      0x080004a8   Section        0  stm32f4xx_it.o(i.HardFault_Handler)
    i.Init_System                            0x080004ac   Section        0  main.o(i.Init_System)
    i.Init_USARTS                            0x08000570   Section        0  uart_driver.o(i.Init_USARTS)
    i.LED_Init                               0x080005e8   Section        0  leds.o(i.LED_Init)
    i.LED_TOGGLE                             0x0800061c   Section        0  leds.o(i.LED_TOGGLE)
    i.LIS302DL_Init                          0x08000688   Section        0  acc_driver.o(i.LIS302DL_Init)
    i.LIS302DL_LowLevel_Init                 0x080006b8   Section        0  acc_driver.o(i.LIS302DL_LowLevel_Init)
    LIS302DL_LowLevel_Init                   0x080006b9   Thumb Code   224  acc_driver.o(i.LIS302DL_LowLevel_Init)
    i.LIS302DL_Read                          0x080007a4   Section        0  acc_driver.o(i.LIS302DL_Read)
    i.LIS302DL_ReadACC                       0x080007f0   Section        0  acc_driver.o(i.LIS302DL_ReadACC)
    i.LIS302DL_SendByte                      0x08000850   Section        0  acc_driver.o(i.LIS302DL_SendByte)
    LIS302DL_SendByte                        0x08000851   Thumb Code    90  acc_driver.o(i.LIS302DL_SendByte)
    i.LIS302DL_TIMEOUT_UserCallback          0x080008b4   Section        0  acc_driver.o(i.LIS302DL_TIMEOUT_UserCallback)
    i.LIS302DL_Write                         0x080008c4   Section        0  acc_driver.o(i.LIS302DL_Write)
    i.MemManage_Handler                      0x08000908   Section        0  stm32f4xx_it.o(i.MemManage_Handler)
    i.NMI_Handler                            0x0800090a   Section        0  stm32f4xx_it.o(i.NMI_Handler)
    i.RCC_AHB1PeriphClockCmd                 0x0800090c   Section        0  stm32f4xx_rcc.o(i.RCC_AHB1PeriphClockCmd)
    i.RCC_APB1PeriphClockCmd                 0x08000924   Section        0  stm32f4xx_rcc.o(i.RCC_APB1PeriphClockCmd)
    i.RCC_APB1PeriphResetCmd                 0x0800093c   Section        0  stm32f4xx_rcc.o(i.RCC_APB1PeriphResetCmd)
    i.RCC_APB2PeriphClockCmd                 0x08000954   Section        0  stm32f4xx_rcc.o(i.RCC_APB2PeriphClockCmd)
    i.RCC_APB2PeriphResetCmd                 0x0800096c   Section        0  stm32f4xx_rcc.o(i.RCC_APB2PeriphResetCmd)
    i.RCC_GetClocksFreq                      0x08000984   Section        0  stm32f4xx_rcc.o(i.RCC_GetClocksFreq)
    i.SPI_Cmd                                0x08000a18   Section        0  stm32f4xx_spi.o(i.SPI_Cmd)
    i.SPI_I2S_DeInit                         0x08000a2c   Section        0  stm32f4xx_spi.o(i.SPI_I2S_DeInit)
    i.SPI_I2S_GetFlagStatus                  0x08000a80   Section        0  stm32f4xx_spi.o(i.SPI_I2S_GetFlagStatus)
    i.SPI_I2S_ReceiveData                    0x08000a8e   Section        0  stm32f4xx_spi.o(i.SPI_I2S_ReceiveData)
    i.SPI_I2S_SendData                       0x08000a92   Section        0  stm32f4xx_spi.o(i.SPI_I2S_SendData)
    i.SPI_Init                               0x08000a96   Section        0  stm32f4xx_spi.o(i.SPI_Init)
    i.SetSysClock                            0x08000ad0   Section        0  system_stm32f4xx.o(i.SetSysClock)
    SetSysClock                              0x08000ad1   Thumb Code   168  system_stm32f4xx.o(i.SetSysClock)
    i.SystemInit                             0x08000b90   Section        0  system_stm32f4xx.o(i.SystemInit)
    i.USART_Cmd                              0x08000be0   Section        0  stm32f4xx_usart.o(i.USART_Cmd)
    i.USART_GetFlagStatus                    0x08000bf4   Section        0  stm32f4xx_usart.o(i.USART_GetFlagStatus)
    i.USART_Init                             0x08000c04   Section        0  stm32f4xx_usart.o(i.USART_Init)
    i.USART_SendData                         0x08000cbc   Section        0  stm32f4xx_usart.o(i.USART_SendData)
    i.UsageFault_Handler                     0x08000cc4   Section        0  stm32f4xx_it.o(i.UsageFault_Handler)
    i.Usart_2_Init                           0x08000cc8   Section        0  uart_driver.o(i.Usart_2_Init)
    Usart_2_Init                             0x08000cc9   Thumb Code   124  uart_driver.o(i.Usart_2_Init)
    i.Usart_3_Init                           0x08000d4c   Section        0  uart_driver.o(i.Usart_3_Init)
    Usart_3_Init                             0x08000d4d   Thumb Code   126  uart_driver.o(i.Usart_3_Init)
    i.__scatterload_copy                     0x08000dd8   Section       14  handlers.o(i.__scatterload_copy)
    i.__scatterload_null                     0x08000de6   Section        2  handlers.o(i.__scatterload_null)
    i.__scatterload_zeroinit                 0x08000de8   Section       14  handlers.o(i.__scatterload_zeroinit)
    i._init_box                              0x08000df6   Section        0  rt_membox.o(i._init_box)
    i.create_Acc_Update_task                 0x08000e3c   Section        0  acc_api.o(i.create_Acc_Update_task)
    i.create_LED_Control_Task                0x08000e64   Section        0  leds.o(i.create_LED_Control_Task)
    i.dbg_init                               0x08000e84   Section        0  hal_cm4.o(i.dbg_init)
    i.dbg_task_notify                        0x08000eb4   Section        0  hal_cm4.o(i.dbg_task_notify)
    i.dbg_task_switch                        0x08000ed4   Section        0  hal_cm4.o(i.dbg_task_switch)
    i.main                                   0x08000ee4   Section        0  main.o(i.main)
    i.os_error                               0x08000f20   Section        0  rtx_conf_cm.o(i.os_error)
    i.os_idle_demon                          0x08000f22   Section        0  rtx_conf_cm.o(i.os_idle_demon)
    i.os_tick_init                           0x08000f24   Section        0  rt_system.o(i.os_tick_init)
    i.os_tick_irqack                         0x08000f4c   Section        0  rt_system.o(i.os_tick_irqack)
    i.os_tmr_call                            0x08000f50   Section        0  rtx_conf_cm.o(i.os_tmr_call)
    i.put_log                                0x08000f60   Section        0  uart_api.o(i.put_log)
    i.rt_alloc_box                           0x08000f88   Section        0  rt_membox.o(i.rt_alloc_box)
    i.rt_block                               0x08000fa4   Section        0  rt_task.o(i.rt_block)
    i.rt_chk_robin                           0x08000fdc   Section        0  rtx_conf_cm.o(i.rt_chk_robin)
    i.rt_dec_dly                             0x08000fe0   Section        0  rt_list.o(i.rt_dec_dly)
    i.rt_dispatch                            0x08001054   Section        0  rt_task.o(i.rt_dispatch)
    i.rt_dly_wait                            0x08001098   Section        0  rt_time.o(i.rt_dly_wait)
    i.rt_evt_psh                             0x080010a0   Section        0  rt_event.o(i.rt_evt_psh)
    i.rt_free_box                            0x080010ec   Section        0  rt_membox.o(i.rt_free_box)
    i.rt_get_first                           0x0800110c   Section        0  rt_list.o(i.rt_get_first)
    i.rt_init_context                        0x08001134   Section        0  rt_task.o(i.rt_init_context)
    rt_init_context                          0x08001135   Thumb Code    64  rt_task.o(i.rt_init_context)
    i.rt_init_robin                          0x08001178   Section        0  rtx_conf_cm.o(i.rt_init_robin)
    i.rt_init_stack                          0x0800117c   Section        0  hal_cm4.o(i.rt_init_stack)
    i.rt_mbx_psh                             0x080011cc   Section        0  rt_mailbox.o(i.rt_mbx_psh)
    i.rt_pop_req                             0x0800128c   Section        0  rt_system.o(i.rt_pop_req)
    i.rt_put_dly                             0x08001304   Section        0  rt_list.o(i.rt_put_dly)
    i.rt_put_prio                            0x0800134c   Section        0  rt_list.o(i.rt_put_prio)
    i.rt_put_rdy_first                       0x08001384   Section        0  rt_list.o(i.rt_put_rdy_first)
    i.rt_rmv_dly                             0x08001398   Section        0  rt_list.o(i.rt_rmv_dly)
    i.rt_rmv_list                            0x080013c0   Section        0  rt_list.o(i.rt_rmv_list)
    i.rt_sem_psh                             0x080013f0   Section        0  rt_semaphore.o(i.rt_sem_psh)
    i.rt_stk_check                           0x08001424   Section        0  rt_system.o(i.rt_stk_check)
    i.rt_switch_req                          0x08001448   Section        0  rt_task.o(i.rt_switch_req)
    i.rt_sys_init                            0x08001470   Section        0  rt_task.o(i.rt_sys_init)
    i.rt_systick                             0x080015c8   Section        0  rt_system.o(i.rt_systick)
    i.rt_tmr_create                          0x08001604   Section        0  rt_timer.o(i.rt_tmr_create)
    i.rt_tmr_tick                            0x08001654   Section        0  rt_timer.o(i.rt_tmr_tick)
    i.rt_tsk_create                          0x08001694   Section        0  rt_task.o(i.rt_tsk_create)
    i.rt_tsk_delete                          0x08001728   Section        0  rt_task.o(i.rt_tsk_delete)
    .constdata                               0x080017e4   Section        2  rtx_conf_cm.o(.constdata)
    .constdata                               0x080017e8   Section        4  rtx_conf_cm.o(.constdata)
    .constdata                               0x080017ec   Section        4  rtx_conf_cm.o(.constdata)
    .constdata                               0x080017f0   Section        1  rtx_conf_cm.o(.constdata)
    .constdata                               0x080017f4   Section        8  rtx_conf_cm.o(.constdata)
    __tagsym$$used                           0x080017f4   Number         0  rtx_conf_cm.o(.constdata)
    __tagsym$$used                           0x080017f8   Number         0  rtx_conf_cm.o(.constdata)
    .constdata                               0x080017fc   Section        2  rtx_conf_cm.o(.constdata)
    .constdata                               0x08001800   Section        4  rtx_conf_cm.o(.constdata)
    .constdata                               0x08001804   Section        1  rtx_conf_cm.o(.constdata)
    .constdata                               0x08001806   Section        2  rtx_conf_cm.o(.constdata)
    .data                                    0x20000000   Section       16  stm32f4xx_rcc.o(.data)
    APBAHBPrescTable                         0x20000000   Data          16  stm32f4xx_rcc.o(.data)
    .data                                    0x20000010   Section        4  rtx_conf_cm.o(.data)
    .data                                    0x20000014   Section        4  acc_api.o(.data)
    .data                                    0x20000018   Section        4  acc_driver.o(.data)
    .data                                    0x2000001c   Section        8  leds.o(.data)
    .data                                    0x20000024   Section        8  rt_task.o(.data)
    .data                                    0x2000002c   Section        4  rt_time.o(.data)
    .data                                    0x20000030   Section        8  rt_timer.o(.data)
    .data                                    0x20000038   Section        1  hal_cm4.o(.data)
    .data                                    0x2000003c   Section        8  rt_system.o(.data)
    os_lock                                  0x2000003c   Data           1  rt_system.o(.data)
    os_psh_flag                              0x2000003d   Data           1  rt_system.o(.data)
    pend_flags                               0x2000003e   Data           1  rt_system.o(.data)
    .bss                                     0x20000044   Section      156  rtx_conf_cm.o(.bss)
    .bss                                     0x200000e0   Section     4112  rtx_conf_cm.o(.bss)
    .bss                                     0x200010f0   Section      132  rtx_conf_cm.o(.bss)
    .bss                                     0x20001174   Section       12  rtx_conf_cm.o(.bss)
    .bss                                     0x20001180   Section       20  rtx_conf_cm.o(.bss)
    .bss                                     0x20001198   Section      768  acc_api.o(.bss)
    stk_Acc_Update                           0x20001198   Data         768  acc_api.o(.bss)
    .bss                                     0x20001498   Section       48  rt_task.o(.bss)
    .bss                                     0x200014c8   Section       48  rt_list.o(.bss)
    STACK                                    0x200014f8   Section     1024  startup_stm32f4xx.o(STACK)

    Global Symbols

    Symbol Name                              Value     Ov Type        Size  Object(Section)

    BuildAttributes$$THM_ISAv4$E$P$D$K$B$S$7EM$VFPi3$EXTD16$VFPS$VFMA$PE$A:L22UL41UL21$X:L11$S22US41US21$IEEE1$IW$USESV6$~STKCKD$USESV7$~SHL$OTIME$ROPI$IEEEJ$EBA8$MICROLIB$REQ8$PRES8$EABIv2 0x00000000   Number         0  anon$$obj.o ABSOLUTE
    __ARM_use_no_argv                        0x00000000   Number         0  main.o ABSOLUTE
    _printf_a                                0x00000000   Number         0  stubs.o ABSOLUTE
    _printf_c                                0x00000000   Number         0  stubs.o ABSOLUTE
    _printf_charcount                        0x00000000   Number         0  stubs.o ABSOLUTE
    _printf_d                                0x00000000   Number         0  stubs.o ABSOLUTE
    _printf_e                                0x00000000   Number         0  stubs.o ABSOLUTE
    _printf_f                                0x00000000   Number         0  stubs.o ABSOLUTE
    _printf_flags                            0x00000000   Number         0  stubs.o ABSOLUTE
    _printf_fp_dec                           0x00000000   Number         0  stubs.o ABSOLUTE
    _printf_fp_hex                           0x00000000   Number         0  stubs.o ABSOLUTE
    _printf_g                                0x00000000   Number         0  stubs.o ABSOLUTE
    _printf_i                                0x00000000   Number         0  stubs.o ABSOLUTE
    _printf_int_dec                          0x00000000   Number         0  stubs.o ABSOLUTE
    _printf_l                                0x00000000   Number         0  stubs.o ABSOLUTE
    _printf_lc                               0x00000000   Number         0  stubs.o ABSOLUTE
    _printf_ll                               0x00000000   Number         0  stubs.o ABSOLUTE
    _printf_lld                              0x00000000   Number         0  stubs.o ABSOLUTE
    _printf_lli                              0x00000000   Number         0  stubs.o ABSOLUTE
    _printf_llo                              0x00000000   Number         0  stubs.o ABSOLUTE
    _printf_llu                              0x00000000   Number         0  stubs.o ABSOLUTE
    _printf_llx                              0x00000000   Number         0  stubs.o ABSOLUTE
    _printf_longlong_dec                     0x00000000   Number         0  stubs.o ABSOLUTE
    _printf_longlong_hex                     0x00000000   Number         0  stubs.o ABSOLUTE
    _printf_longlong_oct                     0x00000000   Number         0  stubs.o ABSOLUTE
    _printf_ls                               0x00000000   Number         0  stubs.o ABSOLUTE
    _printf_mbtowc                           0x00000000   Number         0  stubs.o ABSOLUTE
    _printf_n                                0x00000000   Number         0  stubs.o ABSOLUTE
    _printf_o                                0x00000000   Number         0  stubs.o ABSOLUTE
    _printf_p                                0x00000000   Number         0  stubs.o ABSOLUTE
    _printf_percent                          0x00000000   Number         0  stubs.o ABSOLUTE
    _printf_pre_padding                      0x00000000   Number         0  stubs.o ABSOLUTE
    _printf_return_value                     0x00000000   Number         0  stubs.o ABSOLUTE
    _printf_s                                0x00000000   Number         0  stubs.o ABSOLUTE
    _printf_sizespec                         0x00000000   Number         0  stubs.o ABSOLUTE
    _printf_str                              0x00000000   Number         0  stubs.o ABSOLUTE
    _printf_truncate_signed                  0x00000000   Number         0  stubs.o ABSOLUTE
    _printf_truncate_unsigned                0x00000000   Number         0  stubs.o ABSOLUTE
    _printf_u                                0x00000000   Number         0  stubs.o ABSOLUTE
    _printf_wc                               0x00000000   Number         0  stubs.o ABSOLUTE
    _printf_wctomb                           0x00000000   Number         0  stubs.o ABSOLUTE
    _printf_widthprec                        0x00000000   Number         0  stubs.o ABSOLUTE
    _printf_x                                0x00000000   Number         0  stubs.o ABSOLUTE
    __decompress                              - Undefined Weak Reference
    _clock_init                               - Undefined Weak Reference
    __Vectors_Size                           0x00000188   Number         0  startup_stm32f4xx.o ABSOLUTE
    __RL_RTX_VER                             0x00000460   Number         0  rt_system.o ABSOLUTE
    __Vectors                                0x08000000   Data           4  startup_stm32f4xx.o(RESET)
    __Vectors_End                            0x08000188   Data           0  startup_stm32f4xx.o(RESET)
    __main                                   0x08000189   Thumb Code     0  entry.o(.ARM.Collect$$$$00000000)
    _main_stk                                0x08000189   Thumb Code     0  entry2.o(.ARM.Collect$$$$00000001)
    _main_scatterload                        0x0800018d   Thumb Code     0  entry5.o(.ARM.Collect$$$$00000004)
    __main_after_scatterload                 0x08000191   Thumb Code     0  entry5.o(.ARM.Collect$$$$00000004)
    _main_clock                              0x08000191   Thumb Code     0  entry7b.o(.ARM.Collect$$$$00000008)
    _main_init                               0x08000191   Thumb Code     0  entry8.o(.ARM.Collect$$$$00000009)
    rt_set_PSP                               0x0800019d   Thumb Code     6  hal_cm4.o(.emb_text)
    rt_get_PSP                               0x080001a3   Thumb Code     6  hal_cm4.o(.emb_text)
    os_set_env                               0x080001a9   Thumb Code    24  hal_cm4.o(.emb_text)
    _alloc_box                               0x080001c5   Thumb Code    28  hal_cm4.o(.emb_text)
    _free_box                                0x080001e5   Thumb Code    28  hal_cm4.o(.emb_text)
    SVC_Handler                              0x08000205   Thumb Code   160  hal_cm4.o(.emb_text)
    PendSV_Handler                           0x080002b1   Thumb Code   112  hal_cm4.o(.emb_text)
    SysTick_Handler                          0x08000325   Thumb Code     8  hal_cm4.o(.emb_text)
    OS_Tick_Handler                          0x0800032d   Thumb Code    12  hal_cm4.o(.emb_text)
    Reset_Handler                            0x08000339   Thumb Code    18  startup_stm32f4xx.o(.text)
    ADC_IRQHandler                           0x0800035d   Thumb Code     0  startup_stm32f4xx.o(.text)
    CAN1_RX0_IRQHandler                      0x0800035d   Thumb Code     0  startup_stm32f4xx.o(.text)
    CAN1_RX1_IRQHandler                      0x0800035d   Thumb Code     0  startup_stm32f4xx.o(.text)
    CAN1_SCE_IRQHandler                      0x0800035d   Thumb Code     0  startup_stm32f4xx.o(.text)
    CAN1_TX_IRQHandler                       0x0800035d   Thumb Code     0  startup_stm32f4xx.o(.text)
    CAN2_RX0_IRQHandler                      0x0800035d   Thumb Code     0  startup_stm32f4xx.o(.text)
    CAN2_RX1_IRQHandler                      0x0800035d   Thumb Code     0  startup_stm32f4xx.o(.text)
    CAN2_SCE_IRQHandler                      0x0800035d   Thumb Code     0  startup_stm32f4xx.o(.text)
    CAN2_TX_IRQHandler                       0x0800035d   Thumb Code     0  startup_stm32f4xx.o(.text)
    CRYP_IRQHandler                          0x0800035d   Thumb Code     0  startup_stm32f4xx.o(.text)
    DCMI_IRQHandler                          0x0800035d   Thumb Code     0  startup_stm32f4xx.o(.text)
    DMA1_Stream0_IRQHandler                  0x0800035d   Thumb Code     0  startup_stm32f4xx.o(.text)
    DMA1_Stream1_IRQHandler                  0x0800035d   Thumb Code     0  startup_stm32f4xx.o(.text)
    DMA1_Stream2_IRQHandler                  0x0800035d   Thumb Code     0  startup_stm32f4xx.o(.text)
    DMA1_Stream3_IRQHandler                  0x0800035d   Thumb Code     0  startup_stm32f4xx.o(.text)
    DMA1_Stream4_IRQHandler                  0x0800035d   Thumb Code     0  startup_stm32f4xx.o(.text)
    DMA1_Stream5_IRQHandler                  0x0800035d   Thumb Code     0  startup_stm32f4xx.o(.text)
    DMA1_Stream6_IRQHandler                  0x0800035d   Thumb Code     0  startup_stm32f4xx.o(.text)
    DMA1_Stream7_IRQHandler                  0x0800035d   Thumb Code     0  startup_stm32f4xx.o(.text)
    DMA2_Stream0_IRQHandler                  0x0800035d   Thumb Code     0  startup_stm32f4xx.o(.text)
    DMA2_Stream1_IRQHandler                  0x0800035d   Thumb Code     0  startup_stm32f4xx.o(.text)
    DMA2_Stream2_IRQHandler                  0x0800035d   Thumb Code     0  startup_stm32f4xx.o(.text)
    DMA2_Stream3_IRQHandler                  0x0800035d   Thumb Code     0  startup_stm32f4xx.o(.text)
    DMA2_Stream4_IRQHandler                  0x0800035d   Thumb Code     0  startup_stm32f4xx.o(.text)
    DMA2_Stream5_IRQHandler                  0x0800035d   Thumb Code     0  startup_stm32f4xx.o(.text)
    DMA2_Stream6_IRQHandler                  0x0800035d   Thumb Code     0  startup_stm32f4xx.o(.text)
    DMA2_Stream7_IRQHandler                  0x0800035d   Thumb Code     0  startup_stm32f4xx.o(.text)
    ETH_IRQHandler                           0x0800035d   Thumb Code     0  startup_stm32f4xx.o(.text)
    ETH_WKUP_IRQHandler                      0x0800035d   Thumb Code     0  startup_stm32f4xx.o(.text)
    EXTI0_IRQHandler                         0x0800035d   Thumb Code     0  startup_stm32f4xx.o(.text)
    EXTI15_10_IRQHandler                     0x0800035d   Thumb Code     0  startup_stm32f4xx.o(.text)
    EXTI1_IRQHandler                         0x0800035d   Thumb Code     0  startup_stm32f4xx.o(.text)
    EXTI2_IRQHandler                         0x0800035d   Thumb Code     0  startup_stm32f4xx.o(.text)
    EXTI3_IRQHandler                         0x0800035d   Thumb Code     0  startup_stm32f4xx.o(.text)
    EXTI4_IRQHandler                         0x0800035d   Thumb Code     0  startup_stm32f4xx.o(.text)
    EXTI9_5_IRQHandler                       0x0800035d   Thumb Code     0  startup_stm32f4xx.o(.text)
    FLASH_IRQHandler                         0x0800035d   Thumb Code     0  startup_stm32f4xx.o(.text)
    FPU_IRQHandler                           0x0800035d   Thumb Code     0  startup_stm32f4xx.o(.text)
    FSMC_IRQHandler                          0x0800035d   Thumb Code     0  startup_stm32f4xx.o(.text)
    HASH_RNG_IRQHandler                      0x0800035d   Thumb Code     0  startup_stm32f4xx.o(.text)
    I2C1_ER_IRQHandler                       0x0800035d   Thumb Code     0  startup_stm32f4xx.o(.text)
    I2C1_EV_IRQHandler                       0x0800035d   Thumb Code     0  startup_stm32f4xx.o(.text)
    I2C2_ER_IRQHandler                       0x0800035d   Thumb Code     0  startup_stm32f4xx.o(.text)
    I2C2_EV_IRQHandler                       0x0800035d   Thumb Code     0  startup_stm32f4xx.o(.text)
    I2C3_ER_IRQHandler                       0x0800035d   Thumb Code     0  startup_stm32f4xx.o(.text)
    I2C3_EV_IRQHandler                       0x0800035d   Thumb Code     0  startup_stm32f4xx.o(.text)
    OTG_FS_IRQHandler                        0x0800035d   Thumb Code     0  startup_stm32f4xx.o(.text)
    OTG_FS_WKUP_IRQHandler                   0x0800035d   Thumb Code     0  startup_stm32f4xx.o(.text)
    OTG_HS_EP1_IN_IRQHandler                 0x0800035d   Thumb Code     0  startup_stm32f4xx.o(.text)
    OTG_HS_EP1_OUT_IRQHandler                0x0800035d   Thumb Code     0  startup_stm32f4xx.o(.text)
    OTG_HS_IRQHandler                        0x0800035d   Thumb Code     0  startup_stm32f4xx.o(.text)
    OTG_HS_WKUP_IRQHandler                   0x0800035d   Thumb Code     0  startup_stm32f4xx.o(.text)
    PVD_IRQHandler                           0x0800035d   Thumb Code     0  startup_stm32f4xx.o(.text)
    RCC_IRQHandler                           0x0800035d   Thumb Code     0  startup_stm32f4xx.o(.text)
    RTC_Alarm_IRQHandler                     0x0800035d   Thumb Code     0  startup_stm32f4xx.o(.text)
    RTC_WKUP_IRQHandler                      0x0800035d   Thumb Code     0  startup_stm32f4xx.o(.text)
    SDIO_IRQHandler                          0x0800035d   Thumb Code     0  startup_stm32f4xx.o(.text)
    SPI1_IRQHandler                          0x0800035d   Thumb Code     0  startup_stm32f4xx.o(.text)
    SPI2_IRQHandler                          0x0800035d   Thumb Code     0  startup_stm32f4xx.o(.text)
    SPI3_IRQHandler                          0x0800035d   Thumb Code     0  startup_stm32f4xx.o(.text)
    TAMP_STAMP_IRQHandler                    0x0800035d   Thumb Code     0  startup_stm32f4xx.o(.text)
    TIM1_BRK_TIM9_IRQHandler                 0x0800035d   Thumb Code     0  startup_stm32f4xx.o(.text)
    TIM1_CC_IRQHandler                       0x0800035d   Thumb Code     0  startup_stm32f4xx.o(.text)
    TIM1_TRG_COM_TIM11_IRQHandler            0x0800035d   Thumb Code     0  startup_stm32f4xx.o(.text)
    TIM1_UP_TIM10_IRQHandler                 0x0800035d   Thumb Code     0  startup_stm32f4xx.o(.text)
    TIM2_IRQHandler                          0x0800035d   Thumb Code     0  startup_stm32f4xx.o(.text)
    TIM3_IRQHandler                          0x0800035d   Thumb Code     0  startup_stm32f4xx.o(.text)
    TIM4_IRQHandler                          0x0800035d   Thumb Code     0  startup_stm32f4xx.o(.text)
    TIM5_IRQHandler                          0x0800035d   Thumb Code     0  startup_stm32f4xx.o(.text)
    TIM6_DAC_IRQHandler                      0x0800035d   Thumb Code     0  startup_stm32f4xx.o(.text)
    TIM7_IRQHandler                          0x0800035d   Thumb Code     0  startup_stm32f4xx.o(.text)
    TIM8_BRK_TIM12_IRQHandler                0x0800035d   Thumb Code     0  startup_stm32f4xx.o(.text)
    TIM8_CC_IRQHandler                       0x0800035d   Thumb Code     0  startup_stm32f4xx.o(.text)
    TIM8_TRG_COM_TIM14_IRQHandler            0x0800035d   Thumb Code     0  startup_stm32f4xx.o(.text)
    TIM8_UP_TIM13_IRQHandler                 0x0800035d   Thumb Code     0  startup_stm32f4xx.o(.text)
    UART4_IRQHandler                         0x0800035d   Thumb Code     0  startup_stm32f4xx.o(.text)
    UART5_IRQHandler                         0x0800035d   Thumb Code     0  startup_stm32f4xx.o(.text)
    USART1_IRQHandler                        0x0800035d   Thumb Code     0  startup_stm32f4xx.o(.text)
    USART2_IRQHandler                        0x0800035d   Thumb Code     0  startup_stm32f4xx.o(.text)
    USART3_IRQHandler                        0x0800035d   Thumb Code     0  startup_stm32f4xx.o(.text)
    USART6_IRQHandler                        0x0800035d   Thumb Code     0  startup_stm32f4xx.o(.text)
    WWDG_IRQHandler                          0x0800035d   Thumb Code     0  startup_stm32f4xx.o(.text)
    __scatterload                            0x0800036d   Thumb Code    28  init.o(.text)
    __scatterload_rt2                        0x0800036d   Thumb Code     0  init.o(.text)
    SVC_Count                                0x08000390   Data           4  SVC_Table.o(SVC_TABLE)
    Acc_Init                                 0x08000395   Thumb Code    44  acc_driver.o(i.Acc_Init)
    SVC_Table                                0x08000394   Data           0  SVC_Table.o(SVC_TABLE)
    Acc_Update                               0x080003c5   Thumb Code    24  acc_api.o(i.Acc_Update)
    BusFault_Handler                         0x08000405   Thumb Code     2  stm32f4xx_it.o(i.BusFault_Handler)
    DebugMon_Handler                         0x08000407   Thumb Code     2  stm32f4xx_it.o(i.DebugMon_Handler)
    GPIO_Init                                0x08000409   Thumb Code   120  stm32f4xx_gpio.o(i.GPIO_Init)
    GPIO_PinAFConfig                         0x08000481   Thumb Code    32  stm32f4xx_gpio.o(i.GPIO_PinAFConfig)
    GPIO_ResetBits                           0x080004a1   Thumb Code     4  stm32f4xx_gpio.o(i.GPIO_ResetBits)
    GPIO_SetBits                             0x080004a5   Thumb Code     4  stm32f4xx_gpio.o(i.GPIO_SetBits)
    HardFault_Handler                        0x080004a9   Thumb Code     2  stm32f4xx_it.o(i.HardFault_Handler)
    Init_System                              0x080004ad   Thumb Code    46  main.o(i.Init_System)
    Init_USARTS                              0x08000571   Thumb Code   112  uart_driver.o(i.Init_USARTS)
    LED_Init                                 0x080005e9   Thumb Code    48  leds.o(i.LED_Init)
    LED_TOGGLE                               0x0800061d   Thumb Code    60  leds.o(i.LED_TOGGLE)
    LIS302DL_Init                            0x08000689   Thumb Code    48  acc_driver.o(i.LIS302DL_Init)
    LIS302DL_Read                            0x080007a5   Thumb Code    70  acc_driver.o(i.LIS302DL_Read)
    LIS302DL_ReadACC                         0x080007f1   Thumb Code    94  acc_driver.o(i.LIS302DL_ReadACC)
    LIS302DL_TIMEOUT_UserCallback            0x080008b5   Thumb Code    12  acc_driver.o(i.LIS302DL_TIMEOUT_UserCallback)
    LIS302DL_Write                           0x080008c5   Thumb Code    64  acc_driver.o(i.LIS302DL_Write)
    MemManage_Handler                        0x08000909   Thumb Code     2  stm32f4xx_it.o(i.MemManage_Handler)
    NMI_Handler                              0x0800090b   Thumb Code     2  stm32f4xx_it.o(i.NMI_Handler)
    RCC_AHB1PeriphClockCmd                   0x0800090d   Thumb Code    18  stm32f4xx_rcc.o(i.RCC_AHB1PeriphClockCmd)
    RCC_APB1PeriphClockCmd                   0x08000925   Thumb Code    18  stm32f4xx_rcc.o(i.RCC_APB1PeriphClockCmd)
    RCC_APB1PeriphResetCmd                   0x0800093d   Thumb Code    18  stm32f4xx_rcc.o(i.RCC_APB1PeriphResetCmd)
    RCC_APB2PeriphClockCmd                   0x08000955   Thumb Code    18  stm32f4xx_rcc.o(i.RCC_APB2PeriphClockCmd)
    RCC_APB2PeriphResetCmd                   0x0800096d   Thumb Code    18  stm32f4xx_rcc.o(i.RCC_APB2PeriphResetCmd)
    RCC_GetClocksFreq                        0x08000985   Thumb Code   134  stm32f4xx_rcc.o(i.RCC_GetClocksFreq)
    SPI_Cmd                                  0x08000a19   Thumb Code    20  stm32f4xx_spi.o(i.SPI_Cmd)
    SPI_I2S_DeInit                           0x08000a2d   Thumb Code    72  stm32f4xx_spi.o(i.SPI_I2S_DeInit)
    SPI_I2S_GetFlagStatus                    0x08000a81   Thumb Code    14  stm32f4xx_spi.o(i.SPI_I2S_GetFlagStatus)
    SPI_I2S_ReceiveData                      0x08000a8f   Thumb Code     4  stm32f4xx_spi.o(i.SPI_I2S_ReceiveData)
    SPI_I2S_SendData                         0x08000a93   Thumb Code     4  stm32f4xx_spi.o(i.SPI_I2S_SendData)
    SPI_Init                                 0x08000a97   Thumb Code    56  stm32f4xx_spi.o(i.SPI_Init)
    SystemInit                               0x08000b91   Thumb Code    62  system_stm32f4xx.o(i.SystemInit)
    USART_Cmd                                0x08000be1   Thumb Code    20  stm32f4xx_usart.o(i.USART_Cmd)
    USART_GetFlagStatus                      0x08000bf5   Thumb Code    14  stm32f4xx_usart.o(i.USART_GetFlagStatus)
    USART_Init                               0x08000c05   Thumb Code   174  stm32f4xx_usart.o(i.USART_Init)
    USART_SendData                           0x08000cbd   Thumb Code     8  stm32f4xx_usart.o(i.USART_SendData)
    UsageFault_Handler                       0x08000cc5   Thumb Code     2  stm32f4xx_it.o(i.UsageFault_Handler)
    __scatterload_copy                       0x08000dd9   Thumb Code    14  handlers.o(i.__scatterload_copy)
    __scatterload_null                       0x08000de7   Thumb Code     2  handlers.o(i.__scatterload_null)
    __scatterload_zeroinit                   0x08000de9   Thumb Code    14  handlers.o(i.__scatterload_zeroinit)
    _init_box                                0x08000df7   Thumb Code    70  rt_membox.o(i._init_box)
    create_Acc_Update_task                   0x08000e3d   Thumb Code    20  acc_api.o(i.create_Acc_Update_task)
    create_LED_Control_Task                  0x08000e65   Thumb Code    20  leds.o(i.create_LED_Control_Task)
    dbg_init                                 0x08000e85   Thumb Code    34  hal_cm4.o(i.dbg_init)
    dbg_task_notify                          0x08000eb5   Thumb Code    32  hal_cm4.o(i.dbg_task_notify)
    dbg_task_switch                          0x08000ed5   Thumb Code    16  hal_cm4.o(i.dbg_task_switch)
    main                                     0x08000ee5   Thumb Code    46  main.o(i.main)
    os_error                                 0x08000f21   Thumb Code     2  rtx_conf_cm.o(i.os_error)
    os_idle_demon                            0x08000f23   Thumb Code     2  rtx_conf_cm.o(i.os_idle_demon)
    os_tick_init                             0x08000f25   Thumb Code    32  rt_system.o(i.os_tick_init)
    os_tick_irqack                           0x08000f4d   Thumb Code     2  rt_system.o(i.os_tick_irqack)
    os_tmr_call                              0x08000f51   Thumb Code    12  rtx_conf_cm.o(i.os_tmr_call)
    put_log                                  0x08000f61   Thumb Code    36  uart_api.o(i.put_log)
    rt_alloc_box                             0x08000f89   Thumb Code    26  rt_membox.o(i.rt_alloc_box)
    rt_block                                 0x08000fa5   Thumb Code    48  rt_task.o(i.rt_block)
    rt_chk_robin                             0x08000fdd   Thumb Code     2  rtx_conf_cm.o(i.rt_chk_robin)
    rt_dec_dly                               0x08000fe1   Thumb Code   106  rt_list.o(i.rt_dec_dly)
    rt_dispatch                              0x08001055   Thumb Code    60  rt_task.o(i.rt_dispatch)
    rt_dly_wait                              0x08001099   Thumb Code     6  rt_time.o(i.rt_dly_wait)
    rt_evt_psh                               0x080010a1   Thumb Code    72  rt_event.o(i.rt_evt_psh)
    rt_free_box                              0x080010ed   Thumb Code    32  rt_membox.o(i.rt_free_box)
    rt_get_first                             0x0800110d   Thumb Code    40  rt_list.o(i.rt_get_first)
    rt_init_robin                            0x08001179   Thumb Code     2  rtx_conf_cm.o(i.rt_init_robin)
    rt_init_stack                            0x0800117d   Thumb Code    70  hal_cm4.o(i.rt_init_stack)
    rt_mbx_psh                               0x080011cd   Thumb Code   188  rt_mailbox.o(i.rt_mbx_psh)
    rt_pop_req                               0x0800128d   Thumb Code   106  rt_system.o(i.rt_pop_req)
    rt_put_dly                               0x08001305   Thumb Code    68  rt_list.o(i.rt_put_dly)
    rt_put_prio                              0x0800134d   Thumb Code    54  rt_list.o(i.rt_put_prio)
    rt_put_rdy_first                         0x08001385   Thumb Code    14  rt_list.o(i.rt_put_rdy_first)
    rt_rmv_dly                               0x08001399   Thumb Code    40  rt_list.o(i.rt_rmv_dly)
    rt_rmv_list                              0x080013c1   Thumb Code    44  rt_list.o(i.rt_rmv_list)
    rt_sem_psh                               0x080013f1   Thumb Code    46  rt_semaphore.o(i.rt_sem_psh)
    rt_stk_check                             0x08001425   Thumb Code    28  rt_system.o(i.rt_stk_check)
    rt_switch_req                            0x08001449   Thumb Code    30  rt_task.o(i.rt_switch_req)
    rt_sys_init                              0x08001471   Thumb Code   266  rt_task.o(i.rt_sys_init)
    rt_systick                               0x080015c9   Thumb Code    48  rt_system.o(i.rt_systick)
    rt_tmr_create                            0x08001605   Thumb Code    70  rt_timer.o(i.rt_tmr_create)
    rt_tmr_tick                              0x08001655   Thumb Code    56  rt_timer.o(i.rt_tmr_tick)
    rt_tsk_create                            0x08001695   Thumb Code   126  rt_task.o(i.rt_tsk_create)
    rt_tsk_delete                            0x08001729   Thumb Code   162  rt_task.o(i.rt_tsk_delete)
    os_maxtaskrun                            0x080017e4   Data           2  rtx_conf_cm.o(.constdata)
    os_stackinfo                             0x080017e8   Data           4  rtx_conf_cm.o(.constdata)
    os_trv                                   0x080017ec   Data           4  rtx_conf_cm.o(.constdata)
    os_flags                                 0x080017f0   Data           1  rtx_conf_cm.o(.constdata)
    os_clockrate                             0x080017f4   Data           4  rtx_conf_cm.o(.constdata)
    os_timernum                              0x080017f8   Data           4  rtx_conf_cm.o(.constdata)
    mp_tcb_size                              0x080017fc   Data           2  rtx_conf_cm.o(.constdata)
    mp_stk_size                              0x08001800   Data           4  rtx_conf_cm.o(.constdata)
    os_fifo_size                             0x08001804   Data           1  rtx_conf_cm.o(.constdata)
    mp_tmr_size                              0x08001806   Data           2  rtx_conf_cm.o(.constdata)
    Region$$Table$$Base                      0x08001808   Number         0  anon$$obj.o(Region$$Table)
    Region$$Table$$Limit                     0x08001828   Number         0  anon$$obj.o(Region$$Table)
    m_tmr                                    0x20000010   Data           4  rtx_conf_cm.o(.data)
    t_Acc_Update                             0x20000014   Data           4  acc_api.o(.data)
    LIS302DLTimeout                          0x20000018   Data           4  acc_driver.o(.data)
    t_LED_TOGGLE                             0x2000001c   Data           4  leds.o(.data)
    tmr1                                     0x20000020   Data           4  leds.o(.data)
    os_tsk                                   0x20000024   Data           8  rt_task.o(.data)
    os_time                                  0x2000002c   Data           4  rt_time.o(.data)
    os_tmr                                   0x20000030   Data           8  rt_timer.o(.data)
    dbg_msg                                  0x20000038   Data           1  hal_cm4.o(.data)
    os_tick_irqn                             0x20000040   Data           4  rt_system.o(.data)
    mp_tcb                                   0x20000044   Data         156  rtx_conf_cm.o(.bss)
    mp_stk                                   0x200000e0   Data        4112  rtx_conf_cm.o(.bss)
    os_fifo                                  0x200010f0   Data         132  rtx_conf_cm.o(.bss)
    os_active_TCB                            0x20001174   Data          12  rtx_conf_cm.o(.bss)
    mp_tmr                                   0x20001180   Data          20  rtx_conf_cm.o(.bss)
    os_idle_TCB                              0x20001498   Data          48  rt_task.o(.bss)
    os_rdy                                   0x200014c8   Data          24  rt_list.o(.bss)
    os_dly                                   0x200014e0   Data          24  rt_list.o(.bss)
    __initial_sp                             0x200018f8   Data           0  startup_stm32f4xx.o(STACK)



==============================================================================

Memory Map of the image

  Image Entry point : 0x08000339

  Load Region LR_1 (Base: 0x08000000, Size: 0x0000186c, Max: 0xffffffff, ABSOLUTE)

    Execution Region ER_RO (Base: 0x08000000, Size: 0x00001828, Max: 0xffffffff, ABSOLUTE)

    Base Addr    Size         Type   Attr      Idx    E Section Name        Object

    0x08000000   0x00000188   Data   RO            8    RESET               startup_stm32f4xx.o
    0x08000188   0x00000000   Code   RO          405  * .ARM.Collect$$$$00000000  mc_w.l(entry.o)
    0x08000188   0x00000004   Code   RO          549    .ARM.Collect$$$$00000001  mc_w.l(entry2.o)
    0x0800018c   0x00000004   Code   RO          552    .ARM.Collect$$$$00000004  mc_w.l(entry5.o)
    0x08000190   0x00000000   Code   RO          554    .ARM.Collect$$$$00000008  mc_w.l(entry7b.o)
    0x08000190   0x00000008   Code   RO          555    .ARM.Collect$$$$00000009  mc_w.l(entry8.o)
    0x08000198   0x00000004   Code   RO          550    .ARM.Collect$$$$00002712  mc_w.l(entry2.o)
    0x0800019c   0x0000019c   Code   RO          347    .emb_text           RTX_CM4.LIB(hal_cm4.o)
    0x08000338   0x00000034   Code   RO            9  * .text               startup_stm32f4xx.o
    0x0800036c   0x00000024   Code   RO          574    .text               mc_w.l(init.o)
    0x08000390   0x00000004   Code   RO          380    SVC_TABLE           RTX_CM4.LIB(SVC_Table.o)
    0x08000394   0x00000030   Code   RO          207    i.Acc_Init          acc_driver.o
    0x080003c4   0x00000040   Code   RO          202    i.Acc_Update        acc_api.o
    0x08000404   0x00000002   Code   RO           11    i.BusFault_Handler  stm32f4xx_it.o
    0x08000406   0x00000002   Code   RO           12    i.DebugMon_Handler  stm32f4xx_it.o
    0x08000408   0x00000078   Code   RO           25    i.GPIO_Init         stm32f4xx_gpio.o
    0x08000480   0x00000020   Code   RO           26    i.GPIO_PinAFConfig  stm32f4xx_gpio.o
    0x080004a0   0x00000004   Code   RO           32    i.GPIO_ResetBits    stm32f4xx_gpio.o
    0x080004a4   0x00000004   Code   RO           33    i.GPIO_SetBits      stm32f4xx_gpio.o
    0x080004a8   0x00000002   Code   RO           13    i.HardFault_Handler  stm32f4xx_it.o
    0x080004aa   0x00000002   PAD
    0x080004ac   0x000000c4   Code   RO          177    i.Init_System       main.o
    0x08000570   0x00000078   Code   RO          233    i.Init_USARTS       uart_driver.o
    0x080005e8   0x00000034   Code   RO          223    i.LED_Init          leds.o
    0x0800061c   0x0000006c   Code   RO          224    i.LED_TOGGLE        leds.o
    0x08000688   0x00000030   Code   RO          211    i.LIS302DL_Init     acc_driver.o
    0x080006b8   0x000000ec   Code   RO          213    i.LIS302DL_LowLevel_Init  acc_driver.o
    0x080007a4   0x0000004c   Code   RO          215    i.LIS302DL_Read     acc_driver.o
    0x080007f0   0x0000005e   Code   RO          216    i.LIS302DL_ReadACC  acc_driver.o
    0x0800084e   0x00000002   PAD
    0x08000850   0x00000064   Code   RO          218    i.LIS302DL_SendByte  acc_driver.o
    0x080008b4   0x00000010   Code   RO          219    i.LIS302DL_TIMEOUT_UserCallback  acc_driver.o
    0x080008c4   0x00000044   Code   RO          220    i.LIS302DL_Write    acc_driver.o
    0x08000908   0x00000002   Code   RO           14    i.MemManage_Handler  stm32f4xx_it.o
    0x0800090a   0x00000002   Code   RO           15    i.NMI_Handler       stm32f4xx_it.o
    0x0800090c   0x00000018   Code   RO           39    i.RCC_AHB1PeriphClockCmd  stm32f4xx_rcc.o
    0x08000924   0x00000018   Code   RO           48    i.RCC_APB1PeriphClockCmd  stm32f4xx_rcc.o
    0x0800093c   0x00000018   Code   RO           50    i.RCC_APB1PeriphResetCmd  stm32f4xx_rcc.o
    0x08000954   0x00000018   Code   RO           51    i.RCC_APB2PeriphClockCmd  stm32f4xx_rcc.o
    0x0800096c   0x00000018   Code   RO           53    i.RCC_APB2PeriphResetCmd  stm32f4xx_rcc.o
    0x08000984   0x00000094   Code   RO           60    i.RCC_GetClocksFreq  stm32f4xx_rcc.o
    0x08000a18   0x00000014   Code   RO           91    i.SPI_Cmd           stm32f4xx_spi.o
    0x08000a2c   0x00000054   Code   RO           98    i.SPI_I2S_DeInit    stm32f4xx_spi.o
    0x08000a80   0x0000000e   Code   RO           99    i.SPI_I2S_GetFlagStatus  stm32f4xx_spi.o
    0x08000a8e   0x00000004   Code   RO          102    i.SPI_I2S_ReceiveData  stm32f4xx_spi.o
    0x08000a92   0x00000004   Code   RO          103    i.SPI_I2S_SendData  stm32f4xx_spi.o
    0x08000a96   0x00000038   Code   RO          104    i.SPI_Init          stm32f4xx_spi.o
    0x08000ace   0x00000002   PAD
    0x08000ad0   0x000000c0   Code   RO            2    i.SetSysClock       system_stm32f4xx.o
    0x08000b90   0x00000050   Code   RO            4    i.SystemInit        system_stm32f4xx.o
    0x08000be0   0x00000014   Code   RO          115    i.USART_Cmd         stm32f4xx_usart.o
    0x08000bf4   0x0000000e   Code   RO          118    i.USART_GetFlagStatus  stm32f4xx_usart.o
    0x08000c02   0x00000002   PAD
    0x08000c04   0x000000b8   Code   RO          122    i.USART_Init        stm32f4xx_usart.o
    0x08000cbc   0x00000008   Code   RO          132    i.USART_SendData    stm32f4xx_usart.o
    0x08000cc4   0x00000002   Code   RO           16    i.UsageFault_Handler  stm32f4xx_it.o
    0x08000cc6   0x00000002   PAD
    0x08000cc8   0x00000084   Code   RO          234    i.Usart_2_Init      uart_driver.o
    0x08000d4c   0x0000008c   Code   RO          235    i.Usart_3_Init      uart_driver.o
    0x08000dd8   0x0000000e   Code   RO          604    i.__scatterload_copy  mc_w.l(handlers.o)
    0x08000de6   0x00000002   Code   RO          605    i.__scatterload_null  mc_w.l(handlers.o)
    0x08000de8   0x0000000e   Code   RO          606    i.__scatterload_zeroinit  mc_w.l(handlers.o)
    0x08000df6   0x00000046   Code   RO          377    i._init_box         RTX_CM4.LIB(rt_membox.o)
    0x08000e3c   0x00000028   Code   RO          203    i.create_Acc_Update_task  acc_api.o
    0x08000e64   0x00000020   Code   RO          225    i.create_LED_Control_Task  leds.o
    0x08000e84   0x00000030   Code   RO          348    i.dbg_init          RTX_CM4.LIB(hal_cm4.o)
    0x08000eb4   0x00000020   Code   RO          349    i.dbg_task_notify   RTX_CM4.LIB(hal_cm4.o)
    0x08000ed4   0x00000010   Code   RO          350    i.dbg_task_switch   RTX_CM4.LIB(hal_cm4.o)
    0x08000ee4   0x0000003c   Code   RO          178    i.main              main.o
    0x08000f20   0x00000002   Code   RO          180    i.os_error          rtx_conf_cm.o
    0x08000f22   0x00000002   Code   RO          181    i.os_idle_demon     rtx_conf_cm.o
    0x08000f24   0x00000028   Code   RO          354    i.os_tick_init      RTX_CM4.LIB(rt_system.o)
    0x08000f4c   0x00000002   Code   RO          355    i.os_tick_irqack    RTX_CM4.LIB(rt_system.o)
    0x08000f4e   0x00000002   PAD
    0x08000f50   0x00000010   Code   RO          182    i.os_tmr_call       rtx_conf_cm.o
    0x08000f60   0x00000028   Code   RO          228    i.put_log           uart_api.o
    0x08000f88   0x0000001a   Code   RO          378    i.rt_alloc_box      RTX_CM4.LIB(rt_membox.o)
    0x08000fa2   0x00000002   PAD
    0x08000fa4   0x00000038   Code   RO          326    i.rt_block          RTX_CM4.LIB(rt_task.o)
    0x08000fdc   0x00000002   Code   RO          183    i.rt_chk_robin      rtx_conf_cm.o
    0x08000fde   0x00000002   PAD
    0x08000fe0   0x00000074   Code   RO          365    i.rt_dec_dly        RTX_CM4.LIB(rt_list.o)
    0x08001054   0x00000044   Code   RO          327    i.rt_dispatch       RTX_CM4.LIB(rt_task.o)
    0x08001098   0x00000006   Code   RO          338    i.rt_dly_wait       RTX_CM4.LIB(rt_time.o)
    0x0800109e   0x00000002   PAD
    0x080010a0   0x0000004c   Code   RO          384    i.rt_evt_psh        RTX_CM4.LIB(rt_event.o)
    0x080010ec   0x00000020   Code   RO          379    i.rt_free_box       RTX_CM4.LIB(rt_membox.o)
    0x0800110c   0x00000028   Code   RO          366    i.rt_get_first      RTX_CM4.LIB(rt_list.o)
    0x08001134   0x00000044   Code   RO          328    i.rt_init_context   RTX_CM4.LIB(rt_task.o)
    0x08001178   0x00000002   Code   RO          184    i.rt_init_robin     rtx_conf_cm.o
    0x0800117a   0x00000002   PAD
    0x0800117c   0x00000050   Code   RO          351    i.rt_init_stack     RTX_CM4.LIB(hal_cm4.o)
    0x080011cc   0x000000c0   Code   RO          391    i.rt_mbx_psh        RTX_CM4.LIB(rt_mailbox.o)
    0x0800128c   0x00000078   Code   RO          356    i.rt_pop_req        RTX_CM4.LIB(rt_system.o)
    0x08001304   0x00000048   Code   RO          369    i.rt_put_dly        RTX_CM4.LIB(rt_list.o)
    0x0800134c   0x00000036   Code   RO          370    i.rt_put_prio       RTX_CM4.LIB(rt_list.o)
    0x08001382   0x00000002   PAD
    0x08001384   0x00000014   Code   RO          371    i.rt_put_rdy_first  RTX_CM4.LIB(rt_list.o)
    0x08001398   0x00000028   Code   RO          373    i.rt_rmv_dly        RTX_CM4.LIB(rt_list.o)
    0x080013c0   0x00000030   Code   RO          374    i.rt_rmv_list       RTX_CM4.LIB(rt_list.o)
    0x080013f0   0x00000034   Code   RO          396    i.rt_sem_psh        RTX_CM4.LIB(rt_semaphore.o)
    0x08001424   0x00000024   Code   RO          359    i.rt_stk_check      RTX_CM4.LIB(rt_system.o)
    0x08001448   0x00000028   Code   RO          329    i.rt_switch_req     RTX_CM4.LIB(rt_task.o)
    0x08001470   0x00000158   Code   RO          330    i.rt_sys_init       RTX_CM4.LIB(rt_task.o)
    0x080015c8   0x0000003c   Code   RO          361    i.rt_systick        RTX_CM4.LIB(rt_system.o)
    0x08001604   0x00000050   Code   RO          343    i.rt_tmr_create     RTX_CM4.LIB(rt_timer.o)
    0x08001654   0x00000040   Code   RO          345    i.rt_tmr_tick       RTX_CM4.LIB(rt_timer.o)
    0x08001694   0x00000094   Code   RO          331    i.rt_tsk_create     RTX_CM4.LIB(rt_task.o)
    0x08001728   0x000000bc   Code   RO          332    i.rt_tsk_delete     RTX_CM4.LIB(rt_task.o)
    0x080017e4   0x00000002   Data   RO          190    .constdata          rtx_conf_cm.o
    0x080017e6   0x00000002   PAD
    0x080017e8   0x00000004   Data   RO          191    .constdata          rtx_conf_cm.o
    0x080017ec   0x00000004   Data   RO          193    .constdata          rtx_conf_cm.o
    0x080017f0   0x00000001   Data   RO          194    .constdata          rtx_conf_cm.o
    0x080017f1   0x00000003   PAD
    0x080017f4   0x00000008   Data   RO          195    .constdata          rtx_conf_cm.o
    0x080017fc   0x00000002   Data   RO          196    .constdata          rtx_conf_cm.o
    0x080017fe   0x00000002   PAD
    0x08001800   0x00000004   Data   RO          197    .constdata          rtx_conf_cm.o
    0x08001804   0x00000001   Data   RO          198    .constdata          rtx_conf_cm.o
    0x08001805   0x00000001   PAD
    0x08001806   0x00000002   Data   RO          199    .constdata          rtx_conf_cm.o
    0x08001808   0x00000020   Data   RO          602    Region$$Table       anon$$obj.o


    Execution Region ER_RW (Base: 0x20000000, Size: 0x00000044, Max: 0xffffffff, ABSOLUTE)

    Base Addr    Size         Type   Attr      Idx    E Section Name        Object

    0x20000000   0x00000010   Data   RW           83    .data               stm32f4xx_rcc.o
    0x20000010   0x00000004   Data   RW          200    .data               rtx_conf_cm.o
    0x20000014   0x00000004   Data   RW          205    .data               acc_api.o
    0x20000018   0x00000004   Data   RW          221    .data               acc_driver.o
    0x2000001c   0x00000008   Data   RW          226    .data               leds.o
    0x20000024   0x00000008   Data   RW          337    .data               RTX_CM4.LIB(rt_task.o)
    0x2000002c   0x00000004   Data   RW          342    .data               RTX_CM4.LIB(rt_time.o)
    0x20000030   0x00000008   Data   RW          346    .data               RTX_CM4.LIB(rt_timer.o)
    0x20000038   0x00000001   Data   RW          352    .data               RTX_CM4.LIB(hal_cm4.o)
    0x20000039   0x00000003   PAD
    0x2000003c   0x00000008   Data   RW          364    .data               RTX_CM4.LIB(rt_system.o)


    Execution Region ER_ZI (Base: 0x20000044, Size: 0x000018b4, Max: 0xffffffff, ABSOLUTE)

    Base Addr    Size         Type   Attr      Idx    E Section Name        Object

    0x20000044   0x0000009c   Zero   RW          185    .bss                rtx_conf_cm.o
    0x200000e0   0x00001010   Zero   RW          186    .bss                rtx_conf_cm.o
    0x200010f0   0x00000084   Zero   RW          187    .bss                rtx_conf_cm.o
    0x20001174   0x0000000c   Zero   RW          188    .bss                rtx_conf_cm.o
    0x20001180   0x00000014   Zero   RW          189    .bss                rtx_conf_cm.o
    0x20001194   0x00000004   PAD
    0x20001198   0x00000300   Zero   RW          204    .bss                acc_api.o
    0x20001498   0x00000030   Zero   RW          336    .bss                RTX_CM4.LIB(rt_task.o)
    0x200014c8   0x00000030   Zero   RW          375    .bss                RTX_CM4.LIB(rt_list.o)
    0x200014f8   0x00000400   Zero   RW            6    STACK               startup_stm32f4xx.o


==============================================================================

Image component sizes


      Code (inc. data)   RO Data    RW Data    ZI Data      Debug   Object Name

       104         60          0          4        768          0   acc_api.o
       686         40          0          4          0          0   acc_driver.o
       192         64          0          8          0          0   leds.o
       256        164          0          0          0          0   main.o
        24          4         28          4       4432          0   rtx_conf_cm.o
        52         14        392          0       1024          0   startup_stm32f4xx.o
       160          0          0          0          0          0   stm32f4xx_gpio.o
        12          0          0          0          0          0   stm32f4xx_it.o
       268         44          0         16          0          0   stm32f4xx_rcc.o
       182         12          0          0          0          0   stm32f4xx_spi.o
       226         10          0          0          0          0   stm32f4xx_usart.o
       272         42          0          0          0          0   system_stm32f4xx.o
        40          4          0          0          0          0   uart_api.o
       392         30          0          0          0          0   uart_driver.o

    ----------------------------------------------------------------------
      2880        488        460         36       6228          0   Object Totals
         0          0         32          0          0          0   (incl. Generated)
        14          0          8          0          4          0   (incl. Padding)

    ----------------------------------------------------------------------

      Code (inc. data)   RO Data    RW Data    ZI Data      Debug   Library Member Name

         4          4          0          0          0          0   SVC_Table.o
       588         52          0          1          0          0   hal_cm4.o
        76          4          0          0          0          0   rt_event.o
       390         24          0          0         48          0   rt_list.o
       192          4          0          0          0          0   rt_mailbox.o
       128          0          0          0          0          0   rt_membox.o
        52          6          0          0          0          0   rt_semaphore.o
       258         42          0          8          0          0   rt_system.o
       912        156          0          8         48          0   rt_task.o
         6          0          0          4          0          0   rt_time.o
       144         18          0          8          0          0   rt_timer.o
         0          0          0          0          0          0   entry.o
         8          4          0          0          0          0   entry2.o
         4          0          0          0          0          0   entry5.o
         0          0          0          0          0          0   entry7b.o
         8          4          0          0          0          0   entry8.o
        30          0          0          0          0          0   handlers.o
        36          8          0          0          0          0   init.o

    ----------------------------------------------------------------------
      2844        326          0         32         96          0   Library Totals
         8          0          0          3          0          0   (incl. Padding)

    ----------------------------------------------------------------------

      Code (inc. data)   RO Data    RW Data    ZI Data      Debug   Library Name

      2750        310          0         29         96          0   RTX_CM4.LIB
        86         16          0          0          0          0   mc_w.l

    ----------------------------------------------------------------------
      2844        326          0         32         96          0   Library Totals

    ----------------------------------------------------------------------

==============================================================================


      Code (inc. data)   RO Data    RW Data    ZI Data      Debug   

      5724        814        460         68       6324          0   Grand Totals
      5724        814        460         68       6324          0   ELF Image Totals
      5724        814        460         68          0          0   ROM Totals

==============================================================================

    Total RO  Size (Code + RO Data)                 6184 (   6.04kB)
    Total RW  Size (RW Data + ZI Data)              6392 (   6.24kB)
    Total ROM Size (Code + RO Data + RW Data)       6252 (   6.11kB)

==============================================================================

