<html>
<body>
<pre>
<h1>µVision Build Log</h1>
<h2>Project:</h2>
D:\MCU\Projects\2012\STM32F4 Disco Begin\Fleet.v.00.00.03\project\fleet.uvproj
Project File Date:  12/14/2012

<h2>Output:</h2>
Build target 'FLEET'
compiling system_stm32f4xx.c...
compiling stm32f4xx_it.c...
..\sources\stm32f4xx_it.c(29): error:  #5: cannot open source input file "usb_core.h": No such file or directory
compiling misc.c...
compiling stm32f4xx_gpio.c...
compiling stm32f4xx_rcc.c...
Project build/rebuild aborted.
Target not created
Build target 'FLEET'
compiling stm32f4xx_it.c...
compiling stm32f4xx_spi.c...
compiling stm32f4xx_usart.c...
compiling stm32f4xx_exti.c...
compiling stm32f4xx_syscfg.c...
compiling stm32f4xx_dma.c...
compiling main.c...
..\sources\main.c(6): error:  #5: cannot open source input file "usbd_hid_core.h": No such file or directory
compiling RTX_Conf_CM.c...
Project build/rebuild aborted.
Target not created
Build target 'FLEET'
compiling main.c...
..\sources\main.c(6): error:  #5: cannot open source input file "usbd_hid_core.h": No such file or directory
compiling acc_api.c...
compiling acc_driver.c...
compiling leds.c...
..\sources\leds.c(8): error:  #5: cannot open source input file "usbd_hid_core.h": No such file or directory
compiling uart_api.c...
compiling uart_driver.c...
Target not created
Build target 'FLEET'
compiling main.c...
compiling leds.c...
..\sources\leds.c(8): error:  #5: cannot open source input file "usbd_hid_core.h": No such file or directory
Target not created
Build target 'FLEET'
compiling leds.c...
..\sources\leds.c(26): warning:  #177-D: variable "buf" was declared but never referenced
linking...
Program Size: Code=5464 RO-data=460 RW-data=68 ZI-data=6324  
FromELF: creating hex file...
"fleet.axf" - 0 Error(s), 1 Warning(s).
Build target 'FLEET'
compiling leds.c...
linking...
Program Size: Code=5464 RO-data=460 RW-data=68 ZI-data=6324  
FromELF: creating hex file...
"fleet.axf" - 0 Error(s), 0 Warning(s).
Build target 'FLEET'
compiling main.c...
compiling acc_api.c...
compiling leds.c...
compiling uart_api.c...
compiling uart_driver.c...
linking...
Program Size: Code=5620 RO-data=460 RW-data=68 ZI-data=6324  
FromELF: creating hex file...
"fleet.axf" - 0 Error(s), 0 Warning(s).
Build target 'FLEET'
compiling uart_driver.c...
..\sources\uart_driver.c(25): warning:  #177-D: function "Usart_1_Init" was declared but never referenced
linking...
Program Size: Code=5620 RO-data=460 RW-data=68 ZI-data=6324  
FromELF: creating hex file...
"fleet.axf" - 0 Error(s), 1 Warning(s).
Build target 'FLEET'
compiling uart_driver.c...
linking...
Program Size: Code=5748 RO-data=460 RW-data=68 ZI-data=6324  
FromELF: creating hex file...
"fleet.axf" - 0 Error(s), 0 Warning(s).
Build target 'FLEET'
compiling uart_driver.c...
linking...
Program Size: Code=5724 RO-data=460 RW-data=68 ZI-data=6324  
FromELF: creating hex file...
"fleet.axf" - 0 Error(s), 0 Warning(s).
Build target 'FLEET'
compiling uart_driver.c...
linking...
Program Size: Code=5724 RO-data=460 RW-data=68 ZI-data=6324  
FromELF: creating hex file...
"fleet.axf" - 0 Error(s), 0 Warning(s).
Build target 'FLEET'
compiling uart_driver.c...
linking...
Program Size: Code=5724 RO-data=460 RW-data=68 ZI-data=6324  
FromELF: creating hex file...
"fleet.axf" - 0 Error(s), 0 Warning(s).
Build target 'FLEET'
linking...
Program Size: Code=5724 RO-data=460 RW-data=68 ZI-data=6324  
FromELF: creating hex file...
"fleet.axf" - 0 Error(s), 0 Warning(s).
Build target 'FLEET'
linking...
Program Size: Code=5724 RO-data=460 RW-data=68 ZI-data=6324  
FromELF: creating hex file...
"fleet.axf" - 0 Error(s), 0 Warning(s).
Build target 'FLEET'
compiling uart_api.c...
linking...
fleet.axf: Error: L6218E: Undefined symbol put_data (referred from main.o).
Target not created
Build target 'FLEET'
compiling main.c...
..\sources\main.c(24): warning:  #223-D: function "put_data" declared implicitly
compiling acc_api.c...
..\sources\acc_api.c(29): warning:  #223-D: function "put_data" declared implicitly
compiling leds.c...
..\sources\leds.c(27): warning:  #223-D: function "put_data" declared implicitly
compiling uart_api.c...
compiling uart_driver.c...
linking...
fleet.axf: Error: L6218E: Undefined symbol put_data (referred from main.o).
Target not created
Build target 'FLEET'
compiling main.c...
..\sources\main.c(30): warning:  #223-D: function "put_data" declared implicitly
linking...
fleet.axf: Error: L6218E: Undefined symbol put_data (referred from main.o).
Target not created
Build target 'FLEET'
compiling main.c...
..\sources\main.c(35): warning:  #223-D: function "put_data" declared implicitly
linking...
fleet.axf: Error: L6218E: Undefined symbol put_data (referred from main.o).
Target not created
Build target 'FLEET'
compiling main.c...
linking...
fleet.axf: Error: L6218E: Undefined symbol put_data (referred from acc_api.o).
Target not created
Build target 'FLEET'
compiling acc_api.c...
..\sources\acc_api.c(29): warning:  #223-D: function "put_data" declared implicitly
linking...
fleet.axf: Error: L6218E: Undefined symbol put_data (referred from acc_api.o).
Target not created
Build target 'FLEET'
compiling acc_api.c...
linking...
fleet.axf: Error: L6218E: Undefined symbol put_data (referred from leds.o).
Target not created
Build target 'FLEET'
compiling leds.c...
linking...
Program Size: Code=5724 RO-data=460 RW-data=68 ZI-data=6324  
FromELF: creating hex file...
"fleet.axf" - 0 Error(s), 0 Warning(s).
Build target 'FLEET'
compiling system_stm32f4xx.c...
compiling stm32f4xx_it.c...
compiling misc.c...
compiling stm32f4xx_gpio.c...
compiling stm32f4xx_rcc.c...
compiling stm32f4xx_spi.c...
compiling stm32f4xx_usart.c...
compiling stm32f4xx_exti.c...
compiling stm32f4xx_syscfg.c...
compiling stm32f4xx_dma.c...
compiling main.c...
compiling RTX_Conf_CM.c...
compiling acc_api.c...
compiling acc_driver.c...
compiling leds.c...
compiling uart_api.c...
compiling uart_driver.c...
compiling phone_api.c...
..\sources\Modem\phone_api.c(33): error:  #5: cannot open source input file "AVRSMS_com.h": No such file or directory
compiling phone_com.c...
..\sources\Modem\phone_com.c(32): error:  #5: cannot open source input file "usart_api.h": No such file or directory
compiling phone_sms_sending.c...
..\headers\GPS\nmea_api.h(2): error:  #84: invalid combination of type specifiers
..\sources\Modem\phone_sms_sending.c(103): warning:  #223-D: function "print_to_serial_3" declared implicitly
..\sources\Modem\phone_sms_sending.c(123): warning:  #223-D: function "snprintf" declared implicitly
..\sources\Modem\phone_sms_sending.c(123): error:  #20: identifier "message_3" is undefined
..\sources\Modem\phone_sms_sending.c(123): error:  #20: identifier "MESSAGESIZE" is undefined
..\sources\Modem\phone_sms_sending.c(126): error:  #20: identifier "RXBuffer" is undefined
..\sources\Modem\phone_sms_sending.c(209): warning:  #223-D: function "print_to_serial_3" declared implicitly
..\sources\Modem\phone_sms_sending.c(218): warning:  #223-D: function "print_to_gsm" declared implicitly
..\sources\Modem\phone_sms_sending.c(261): warning:  #223-D: function "print_to_serial_3" declared implicitly
..\sources\Modem\phone_sms_sending.c(274): warning:  #223-D: function "snprintf" declared implicitly
..\sources\Modem\phone_sms_sending.c(275): warning:  #223-D: function "print_to_gsm" declared implicitly
..\sources\Modem\phone_sms_sending.c(289): warning:  #223-D: function "snprintf" declared implicitly
..\sources\Modem\phone_sms_sending.c(289): error:  #20: identifier "message_3" is undefined
..\sources\Modem\phone_sms_sending.c(289): error:  #20: identifier "MESSAGESIZE" is undefined
..\sources\Modem\phone_sms_sending.c(294): warning:  #223-D: function "snprintf" declared implicitly
..\sources\Modem\phone_sms_sending.c(294): error:  #20: identifier "message_3" is undefined
..\sources\Modem\phone_sms_sending.c(294): error:  #20: identifier "MESSAGESIZE" is undefined
..\sources\Modem\phone_sms_sending.c(342): warning:  #223-D: function "snprintf" declared implicitly
..\sources\Modem\phone_sms_sending.c(342): error:  #20: identifier "message_3" is undefined
..\sources\Modem\phone_sms_sending.c(342): error:  #20: identifier "MESSAGESIZE" is undefined
..\sources\Modem\phone_sms_sending.c(343): warning:  #223-D: function "print_to_serial_3" declared implicitly
..\sources\Modem\phone_sms_sending.c(468): warning:  #223-D: function "print_to_serial_3" declared implicitly
..\sources\Modem\phone_sms_sending.c(470): warning:  #223-D: function "print_to_gsm" declared implicitly
..\sources\Modem\phone_sms_sending.c(505): warning:  #223-D: function "snprintf" declared implicitly
..\sources\Modem\phone_sms_sending.c(505): error:  #20: identifier "message_3" is undefined
..\sources\Modem\phone_sms_sending.c(505): error:  #20: identifier "MESSAGESIZE" is undefined
..\sources\Modem\phone_sms_sending.c(506): warning:  #223-D: function "print_to_serial_3" declared implicitly
..\sources\Modem\phone_sms_sending.c(537): warning:  #223-D: function "print_to_serial_3" declared implicitly
..\sources\Modem\phone_sms_sending.c(545): error:  #20: identifier "time_data" is undefined
..\sources\Modem\phone_sms_sending.c(550): warning:  #223-D: function "snprintf" declared implicitly
..\sources\Modem\phone_sms_sending.c(554): error:  #20: identifier "alarm_mode" is undefined
..\sources\Modem\phone_sms_sending.c(554): error:  #20: identifier "ALARM_OFF" is undefined
..\sources\Modem\phone_sms_sending.c(565): warning:  #223-D: function "print_to_serial_3" declared implicitly
..\sources\Modem\phone_sms_sending.c(568): warning:  #223-D: function "snprintf" declared implicitly
..\sources\Modem\phone_sms_sending.c(568): error:  #20: identifier "message_3" is undefined
..\sources\Modem\phone_sms_sending.c(568): error:  #20: identifier "MESSAGESIZE" is undefined
..\sources\Modem\phone_sms_sending.c(573): warning:  #223-D: function "snprintf" declared implicitly
..\sources\Modem\phone_sms_sending.c(573): error:  #20: identifier "message_3" is undefined
..\sources\Modem\phone_sms_sending.c(573): error:  #20: identifier "MESSAGESIZE" is undefined
..\sources\Modem\phone_sms_sending.c(578): error:  #20: identifier "time_data" is undefined
..\sources\Modem\phone_sms_sending.c(602): error:  #20: identifier "alarm_mode" is undefined
..\sources\Modem\phone_sms_sending.c(602): error:  #20: identifier "ALARM_ON" is undefined
..\sources\Modem\phone_sms_sending.c(608): warning:  #223-D: function "print_to_serial_3" declared implicitly
..\sources\Modem\phone_sms_sending.c(611): warning:  #223-D: function "snprintf" declared implicitly
..\sources\Modem\phone_sms_sending.c(611): error:  #20: identifier "message_3" is undefined
..\sources\Modem\phone_sms_sending.c(611): error:  #20: identifier "MESSAGESIZE" is undefined
..\sources\Modem\phone_sms_sending.c(616): warning:  #223-D: function "snprintf" declared implicitly
..\sources\Modem\phone_sms_sending.c(616): error:  #20: identifier "message_3" is undefined
..\sources\Modem\phone_sms_sending.c(616): error:  #20: identifier "MESSAGESIZE" is undefined
..\sources\Modem\phone_sms_sending.c(631): warning:  #223-D: function "print_to_serial_3" declared implicitly
..\sources\Modem\phone_sms_sending.c(634): warning:  #223-D: function "snprintf" declared implicitly
..\sources\Modem\phone_sms_sending.c(634): error:  #20: identifier "message_3" is undefined
..\sources\Modem\phone_sms_sending.c(634): error:  #20: identifier "MESSAGESIZE" is undefined
..\sources\Modem\phone_sms_sending.c(639): warning:  #223-D: function "snprintf" declared implicitly
..\sources\Modem\phone_sms_sending.c(639): error:  #20: identifier "message_3" is undefined
..\sources\Modem\phone_sms_sending.c(639): error:  #20: identifier "MESSAGESIZE" is undefined
compiling phone_tools.c...
compiling phone_zip.c...
compiling nmea_api.c...
..\headers\GPS\nmea_api.h(2): error:  #84: invalid combination of type specifiers
..\sources\GPS\nmea_api.c(21): error:  #5: cannot open source input file "usart.h": No such file or directory
compiling nmea_data.c...
..\sources\GPS\nmea_data.c(18): error:  #5: cannot open source input file "usart_api.h": No such file or directory
Target not created
Build target 'FLEET'
compiling phone_api.c...
..\sources\Modem\phone_api.c(79): warning:  #223-D: function "print_to_gsm" declared implicitly
..\sources\Modem\phone_api.c(124): warning:  #223-D: function "snprintf" declared implicitly
..\sources\Modem\phone_api.c(124): error:  #20: identifier "message_3" is undefined
..\sources\Modem\phone_api.c(124): error:  #20: identifier "MESSAGESIZE" is undefined
..\sources\Modem\phone_api.c(125): warning:  #223-D: function "print_to_serial_3" declared implicitly
..\sources\Modem\phone_api.c(133): warning:  #223-D: function "print_to_gsm_c" declared implicitly
..\sources\Modem\phone_api.c(134): warning:  #223-D: function "print_to_gsm" declared implicitly
..\sources\Modem\phone_api.c(182): warning:  #223-D: function "snprintf" declared implicitly
..\sources\Modem\phone_api.c(182): error:  #20: identifier "message_3" is undefined
..\sources\Modem\phone_api.c(182): error:  #20: identifier "MESSAGESIZE" is undefined
..\sources\Modem\phone_api.c(183): warning:  #223-D: function "print_to_serial_3" declared implicitly
..\sources\Modem\phone_api.c(191): warning:  #223-D: function "print_to_gsm_c" declared implicitly
..\sources\Modem\phone_api.c(192): warning:  #223-D: function "print_to_gsm" declared implicitly
compiling phone_com.c...
..\sources\Modem\phone_com.c(32): error:  #5: cannot open source input file "usart_api.h": No such file or directory
compiling phone_sms_sending.c...
..\headers\GPS\nmea_api.h(2): error:  #84: invalid combination of type specifiers
..\sources\Modem\phone_sms_sending.c(103): warning:  #223-D: function "print_to_serial_3" declared implicitly
..\sources\Modem\phone_sms_sending.c(123): warning:  #223-D: function "snprintf" declared implicitly
..\sources\Modem\phone_sms_sending.c(123): error:  #20: identifier "message_3" is undefined
..\sources\Modem\phone_sms_sending.c(123): error:  #20: identifier "MESSAGESIZE" is undefined
..\sources\Modem\phone_sms_sending.c(126): error:  #20: identifier "RXBuffer" is undefined
..\sources\Modem\phone_sms_sending.c(209): warning:  #223-D: function "print_to_serial_3" declared implicitly
..\sources\Modem\phone_sms_sending.c(218): warning:  #223-D: function "print_to_gsm" declared implicitly
..\sources\Modem\phone_sms_sending.c(261): warning:  #223-D: function "print_to_serial_3" declared implicitly
..\sources\Modem\phone_sms_sending.c(274): warning:  #223-D: function "snprintf" declared implicitly
..\sources\Modem\phone_sms_sending.c(275): warning:  #223-D: function "print_to_gsm" declared implicitly
..\sources\Modem\phone_sms_sending.c(289): warning:  #223-D: function "snprintf" declared implicitly
..\sources\Modem\phone_sms_sending.c(289): error:  #20: identifier "message_3" is undefined
..\sources\Modem\phone_sms_sending.c(289): error:  #20: identifier "MESSAGESIZE" is undefined
..\sources\Modem\phone_sms_sending.c(294): warning:  #223-D: function "snprintf" declared implicitly
..\sources\Modem\phone_sms_sending.c(294): error:  #20: identifier "message_3" is undefined
..\sources\Modem\phone_sms_sending.c(294): error:  #20: identifier "MESSAGESIZE" is undefined
..\sources\Modem\phone_sms_sending.c(342): warning:  #223-D: function "snprintf" declared implicitly
..\sources\Modem\phone_sms_sending.c(342): error:  #20: identifier "message_3" is undefined
..\sources\Modem\phone_sms_sending.c(342): error:  #20: identifier "MESSAGESIZE" is undefined
..\sources\Modem\phone_sms_sending.c(343): warning:  #223-D: function "print_to_serial_3" declared implicitly
..\sources\Modem\phone_sms_sending.c(468): warning:  #223-D: function "print_to_serial_3" declared implicitly
..\sources\Modem\phone_sms_sending.c(470): warning:  #223-D: function "print_to_gsm" declared implicitly
..\sources\Modem\phone_sms_sending.c(505): warning:  #223-D: function "snprintf" declared implicitly
..\sources\Modem\phone_sms_sending.c(505): error:  #20: identifier "message_3" is undefined
..\sources\Modem\phone_sms_sending.c(505): error:  #20: identifier "MESSAGESIZE" is undefined
..\sources\Modem\phone_sms_sending.c(506): warning:  #223-D: function "print_to_serial_3" declared implicitly
..\sources\Modem\phone_sms_sending.c(537): warning:  #223-D: function "print_to_serial_3" declared implicitly
..\sources\Modem\phone_sms_sending.c(545): error:  #20: identifier "time_data" is undefined
..\sources\Modem\phone_sms_sending.c(550): warning:  #223-D: function "snprintf" declared implicitly
..\sources\Modem\phone_sms_sending.c(554): error:  #20: identifier "alarm_mode" is undefined
..\sources\Modem\phone_sms_sending.c(554): error:  #20: identifier "ALARM_OFF" is undefined
..\sources\Modem\phone_sms_sending.c(565): warning:  #223-D: function "print_to_serial_3" declared implicitly
..\sources\Modem\phone_sms_sending.c(568): warning:  #223-D: function "snprintf" declared implicitly
..\sources\Modem\phone_sms_sending.c(568): error:  #20: identifier "message_3" is undefined
..\sources\Modem\phone_sms_sending.c(568): error:  #20: identifier "MESSAGESIZE" is undefined
..\sources\Modem\phone_sms_sending.c(573): warning:  #223-D: function "snprintf" declared implicitly
..\sources\Modem\phone_sms_sending.c(573): error:  #20: identifier "message_3" is undefined
..\sources\Modem\phone_sms_sending.c(573): error:  #20: identifier "MESSAGESIZE" is undefined
..\sources\Modem\phone_sms_sending.c(578): error:  #20: identifier "time_data" is undefined
..\sources\Modem\phone_sms_sending.c(602): error:  #20: identifier "alarm_mode" is undefined
..\sources\Modem\phone_sms_sending.c(602): error:  #20: identifier "ALARM_ON" is undefined
..\sources\Modem\phone_sms_sending.c(608): warning:  #223-D: function "print_to_serial_3" declared implicitly
..\sources\Modem\phone_sms_sending.c(611): warning:  #223-D: function "snprintf" declared implicitly
..\sources\Modem\phone_sms_sending.c(611): error:  #20: identifier "message_3" is undefined
..\sources\Modem\phone_sms_sending.c(611): error:  #20: identifier "MESSAGESIZE" is undefined
..\sources\Modem\phone_sms_sending.c(616): warning:  #223-D: function "snprintf" declared implicitly
..\sources\Modem\phone_sms_sending.c(616): error:  #20: identifier "message_3" is undefined
..\sources\Modem\phone_sms_sending.c(616): error:  #20: identifier "MESSAGESIZE" is undefined
..\sources\Modem\phone_sms_sending.c(631): warning:  #223-D: function "print_to_serial_3" declared implicitly
..\sources\Modem\phone_sms_sending.c(634): warning:  #223-D: function "snprintf" declared implicitly
..\sources\Modem\phone_sms_sending.c(634): error:  #20: identifier "message_3" is undefined
..\sources\Modem\phone_sms_sending.c(634): error:  #20: identifier "MESSAGESIZE" is undefined
..\sources\Modem\phone_sms_sending.c(639): warning:  #223-D: function "snprintf" declared implicitly
..\sources\Modem\phone_sms_sending.c(639): error:  #20: identifier "message_3" is undefined
..\sources\Modem\phone_sms_sending.c(639): error:  #20: identifier "MESSAGESIZE" is undefined
compiling nmea_api.c...
..\headers\GPS\nmea_api.h(2): error:  #84: invalid combination of type specifiers
..\sources\GPS\nmea_api.c(21): error:  #5: cannot open source input file "usart.h": No such file or directory
compiling nmea_data.c...
..\sources\GPS\nmea_data.c(18): error:  #5: cannot open source input file "usart_api.h": No such file or directory
Target not created
Build target 'FLEET'
compiling main.c...
compiling acc_api.c...
compiling leds.c...
compiling uart_api.c...
..\sources\uart_api.c(36): warning:  #223-D: function "memset" declared implicitly
compiling uart_driver.c...
compiling phone_api.c...
..\sources\Modem\phone_api.c(81): warning:  #223-D: function "print_to_gsm" declared implicitly
..\sources\Modem\phone_api.c(124): warning:  #223-D: function "snprintf" declared implicitly
..\sources\Modem\phone_api.c(124): error:  #20: identifier "message_3" is undefined
..\sources\Modem\phone_api.c(124): error:  #20: identifier "MESSAGESIZE" is undefined
..\sources\Modem\phone_api.c(125): warning:  #223-D: function "print_to_serial_3" declared implicitly
..\sources\Modem\phone_api.c(133): warning:  #223-D: function "print_to_gsm_c" declared implicitly
..\sources\Modem\phone_api.c(134): warning:  #223-D: function "print_to_gsm" declared implicitly
..\sources\Modem\phone_api.c(182): warning:  #223-D: function "snprintf" declared implicitly
..\sources\Modem\phone_api.c(182): error:  #20: identifier "message_3" is undefined
..\sources\Modem\phone_api.c(182): error:  #20: identifier "MESSAGESIZE" is undefined
..\sources\Modem\phone_api.c(183): warning:  #223-D: function "print_to_serial_3" declared implicitly
..\sources\Modem\phone_api.c(191): warning:  #223-D: function "print_to_gsm_c" declared implicitly
..\sources\Modem\phone_api.c(192): warning:  #223-D: function "print_to_gsm" declared implicitly
compiling phone_com.c...
..\sources\Modem\phone_com.c(32): error:  #5: cannot open source input file "usart_api.h": No such file or directory
compiling phone_sms_sending.c...
..\headers\GPS\nmea_api.h(2): error:  #84: invalid combination of type specifiers
..\sources\Modem\phone_sms_sending.c(103): warning:  #223-D: function "print_to_serial_3" declared implicitly
..\sources\Modem\phone_sms_sending.c(123): warning:  #223-D: function "snprintf" declared implicitly
..\sources\Modem\phone_sms_sending.c(123): error:  #20: identifier "message_3" is undefined
..\sources\Modem\phone_sms_sending.c(123): error:  #20: identifier "MESSAGESIZE" is undefined
..\sources\Modem\phone_sms_sending.c(126): error:  #20: identifier "RXBuffer" is undefined
..\sources\Modem\phone_sms_sending.c(209): warning:  #223-D: function "print_to_serial_3" declared implicitly
..\sources\Modem\phone_sms_sending.c(218): warning:  #223-D: function "print_to_gsm" declared implicitly
..\sources\Modem\phone_sms_sending.c(261): warning:  #223-D: function "print_to_serial_3" declared implicitly
..\sources\Modem\phone_sms_sending.c(274): warning:  #223-D: function "snprintf" declared implicitly
..\sources\Modem\phone_sms_sending.c(275): warning:  #223-D: function "print_to_gsm" declared implicitly
..\sources\Modem\phone_sms_sending.c(289): warning:  #223-D: function "snprintf" declared implicitly
..\sources\Modem\phone_sms_sending.c(289): error:  #20: identifier "message_3" is undefined
..\sources\Modem\phone_sms_sending.c(289): error:  #20: identifier "MESSAGESIZE" is undefined
..\sources\Modem\phone_sms_sending.c(294): warning:  #223-D: function "snprintf" declared implicitly
..\sources\Modem\phone_sms_sending.c(294): error:  #20: identifier "message_3" is undefined
..\sources\Modem\phone_sms_sending.c(294): error:  #20: identifier "MESSAGESIZE" is undefined
..\sources\Modem\phone_sms_sending.c(342): warning:  #223-D: function "snprintf" declared implicitly
..\sources\Modem\phone_sms_sending.c(342): error:  #20: identifier "message_3" is undefined
..\sources\Modem\phone_sms_sending.c(342): error:  #20: identifier "MESSAGESIZE" is undefined
..\sources\Modem\phone_sms_sending.c(343): warning:  #223-D: function "print_to_serial_3" declared implicitly
..\sources\Modem\phone_sms_sending.c(468): warning:  #223-D: function "print_to_serial_3" declared implicitly
..\sources\Modem\phone_sms_sending.c(470): warning:  #223-D: function "print_to_gsm" declared implicitly
..\sources\Modem\phone_sms_sending.c(505): warning:  #223-D: function "snprintf" declared implicitly
..\sources\Modem\phone_sms_sending.c(505): error:  #20: identifier "message_3" is undefined
..\sources\Modem\phone_sms_sending.c(505): error:  #20: identifier "MESSAGESIZE" is undefined
..\sources\Modem\phone_sms_sending.c(506): warning:  #223-D: function "print_to_serial_3" declared implicitly
..\sources\Modem\phone_sms_sending.c(537): warning:  #223-D: function "print_to_serial_3" declared implicitly
..\sources\Modem\phone_sms_sending.c(545): error:  #20: identifier "time_data" is undefined
..\sources\Modem\phone_sms_sending.c(550): warning:  #223-D: function "snprintf" declared implicitly
..\sources\Modem\phone_sms_sending.c(554): error:  #20: identifier "alarm_mode" is undefined
..\sources\Modem\phone_sms_sending.c(554): error:  #20: identifier "ALARM_OFF" is undefined
..\sources\Modem\phone_sms_sending.c(565): warning:  #223-D: function "print_to_serial_3" declared implicitly
..\sources\Modem\phone_sms_sending.c(568): warning:  #223-D: function "snprintf" declared implicitly
..\sources\Modem\phone_sms_sending.c(568): error:  #20: identifier "message_3" is undefined
..\sources\Modem\phone_sms_sending.c(568): error:  #20: identifier "MESSAGESIZE" is undefined
..\sources\Modem\phone_sms_sending.c(573): warning:  #223-D: function "snprintf" declared implicitly
..\sources\Modem\phone_sms_sending.c(573): error:  #20: identifier "message_3" is undefined
..\sources\Modem\phone_sms_sending.c(573): error:  #20: identifier "MESSAGESIZE" is undefined
..\sources\Modem\phone_sms_sending.c(578): error:  #20: identifier "time_data" is undefined
..\sources\Modem\phone_sms_sending.c(602): error:  #20: identifier "alarm_mode" is undefined
..\sources\Modem\phone_sms_sending.c(602): error:  #20: identifier "ALARM_ON" is undefined
..\sources\Modem\phone_sms_sending.c(608): warning:  #223-D: function "print_to_serial_3" declared implicitly
..\sources\Modem\phone_sms_sending.c(611): warning:  #223-D: function "snprintf" declared implicitly
..\sources\Modem\phone_sms_sending.c(611): error:  #20: identifier "message_3" is undefined
..\sources\Modem\phone_sms_sending.c(611): error:  #20: identifier "MESSAGESIZE" is undefined
..\sources\Modem\phone_sms_sending.c(616): warning:  #223-D: function "snprintf" declared implicitly
..\sources\Modem\phone_sms_sending.c(616): error:  #20: identifier "message_3" is undefined
..\sources\Modem\phone_sms_sending.c(616): error:  #20: identifier "MESSAGESIZE" is undefined
..\sources\Modem\phone_sms_sending.c(631): warning:  #223-D: function "print_to_serial_3" declared implicitly
..\sources\Modem\phone_sms_sending.c(634): warning:  #223-D: function "snprintf" declared implicitly
..\sources\Modem\phone_sms_sending.c(634): error:  #20: identifier "message_3" is undefined
..\sources\Modem\phone_sms_sending.c(634): error:  #20: identifier "MESSAGESIZE" is undefined
..\sources\Modem\phone_sms_sending.c(639): warning:  #223-D: function "snprintf" declared implicitly
..\sources\Modem\phone_sms_sending.c(639): error:  #20: identifier "message_3" is undefined
..\sources\Modem\phone_sms_sending.c(639): error:  #20: identifier "MESSAGESIZE" is undefined
compiling nmea_api.c...
..\headers\GPS\nmea_api.h(2): error:  #84: invalid combination of type specifiers
..\sources\GPS\nmea_api.c(21): error:  #5: cannot open source input file "usart.h": No such file or directory
compiling nmea_data.c...
..\sources\GPS\nmea_data.c(18): error:  #5: cannot open source input file "usart_api.h": No such file or directory
Target not created
Build target 'FLEET'
compiling uart_api.c...
compiling phone_api.c...
..\sources\Modem\phone_api.c(81): warning:  #223-D: function "print_to_gsm" declared implicitly
..\sources\Modem\phone_api.c(124): warning:  #223-D: function "snprintf" declared implicitly
..\sources\Modem\phone_api.c(124): error:  #20: identifier "message_3" is undefined
..\sources\Modem\phone_api.c(124): error:  #20: identifier "MESSAGESIZE" is undefined
..\sources\Modem\phone_api.c(125): warning:  #223-D: function "print_to_serial_3" declared implicitly
..\sources\Modem\phone_api.c(133): warning:  #223-D: function "print_to_gsm_c" declared implicitly
..\sources\Modem\phone_api.c(134): warning:  #223-D: function "print_to_gsm" declared implicitly
..\sources\Modem\phone_api.c(182): warning:  #223-D: function "snprintf" declared implicitly
..\sources\Modem\phone_api.c(182): error:  #20: identifier "message_3" is undefined
..\sources\Modem\phone_api.c(182): error:  #20: identifier "MESSAGESIZE" is undefined
..\sources\Modem\phone_api.c(183): warning:  #223-D: function "print_to_serial_3" declared implicitly
..\sources\Modem\phone_api.c(191): warning:  #167-D: argument of type "const unsigned char *" is incompatible with parameter of type "const char *"
..\sources\Modem\phone_api.c(192): warning:  #167-D: argument of type "unsigned char *" is incompatible with parameter of type "const char *"
..\sources\Modem\phone_api.c(198): warning:  #167-D: argument of type "const unsigned char *" is incompatible with parameter of type "const char *"
..\sources\Modem\phone_api.c(199): warning:  #167-D: argument of type "const unsigned char *" is incompatible with parameter of type "const char *"
..\sources\Modem\phone_api.c(200): warning:  #167-D: argument of type "const unsigned char *" is incompatible with parameter of type "const char *"
..\sources\Modem\phone_api.c(201): warning:  #167-D: argument of type "unsigned char *" is incompatible with parameter of type "const char *"
..\sources\Modem\phone_api.c(202): warning:  #167-D: argument of type "const unsigned char *" is incompatible with parameter of type "const char *"
..\sources\Modem\phone_api.c(203): warning:  #167-D: argument of type "unsigned char *" is incompatible with parameter of type "const char *"
..\sources\Modem\phone_api.c(204): warning:  #167-D: argument of type "unsigned char *" is incompatible with parameter of type "const char *"
compiling phone_com.c...
..\sources\Modem\phone_com.c(32): error:  #5: cannot open source input file "usart_api.h": No such file or directory
compiling phone_sms_sending.c...
..\headers\GPS\nmea_api.h(2): error:  #84: invalid combination of type specifiers
..\sources\Modem\phone_sms_sending.c(103): warning:  #223-D: function "print_to_serial_3" declared implicitly
..\sources\Modem\phone_sms_sending.c(123): warning:  #223-D: function "snprintf" declared implicitly
..\sources\Modem\phone_sms_sending.c(123): error:  #20: identifier "message_3" is undefined
..\sources\Modem\phone_sms_sending.c(123): error:  #20: identifier "MESSAGESIZE" is undefined
..\sources\Modem\phone_sms_sending.c(126): error:  #20: identifier "RXBuffer" is undefined
..\sources\Modem\phone_sms_sending.c(209): warning:  #223-D: function "print_to_serial_3" declared implicitly
..\sources\Modem\phone_sms_sending.c(218): warning:  #223-D: function "print_to_gsm" declared implicitly
..\sources\Modem\phone_sms_sending.c(261): warning:  #223-D: function "print_to_serial_3" declared implicitly
..\sources\Modem\phone_sms_sending.c(274): warning:  #223-D: function "snprintf" declared implicitly
..\sources\Modem\phone_sms_sending.c(275): warning:  #223-D: function "print_to_gsm" declared implicitly
..\sources\Modem\phone_sms_sending.c(289): warning:  #223-D: function "snprintf" declared implicitly
..\sources\Modem\phone_sms_sending.c(289): error:  #20: identifier "message_3" is undefined
..\sources\Modem\phone_sms_sending.c(289): error:  #20: identifier "MESSAGESIZE" is undefined
..\sources\Modem\phone_sms_sending.c(294): warning:  #223-D: function "snprintf" declared implicitly
..\sources\Modem\phone_sms_sending.c(294): error:  #20: identifier "message_3" is undefined
..\sources\Modem\phone_sms_sending.c(294): error:  #20: identifier "MESSAGESIZE" is undefined
..\sources\Modem\phone_sms_sending.c(342): warning:  #223-D: function "snprintf" declared implicitly
..\sources\Modem\phone_sms_sending.c(342): error:  #20: identifier "message_3" is undefined
..\sources\Modem\phone_sms_sending.c(342): error:  #20: identifier "MESSAGESIZE" is undefined
..\sources\Modem\phone_sms_sending.c(343): warning:  #223-D: function "print_to_serial_3" declared implicitly
..\sources\Modem\phone_sms_sending.c(468): warning:  #223-D: function "print_to_serial_3" declared implicitly
..\sources\Modem\phone_sms_sending.c(470): warning:  #223-D: function "print_to_gsm" declared implicitly
..\sources\Modem\phone_sms_sending.c(505): warning:  #223-D: function "snprintf" declared implicitly
..\sources\Modem\phone_sms_sending.c(505): error:  #20: identifier "message_3" is undefined
..\sources\Modem\phone_sms_sending.c(505): error:  #20: identifier "MESSAGESIZE" is undefined
..\sources\Modem\phone_sms_sending.c(506): warning:  #223-D: function "print_to_serial_3" declared implicitly
..\sources\Modem\phone_sms_sending.c(537): warning:  #223-D: function "print_to_serial_3" declared implicitly
..\sources\Modem\phone_sms_sending.c(545): error:  #20: identifier "time_data" is undefined
..\sources\Modem\phone_sms_sending.c(550): warning:  #223-D: function "snprintf" declared implicitly
..\sources\Modem\phone_sms_sending.c(554): error:  #20: identifier "alarm_mode" is undefined
..\sources\Modem\phone_sms_sending.c(554): error:  #20: identifier "ALARM_OFF" is undefined
..\sources\Modem\phone_sms_sending.c(565): warning:  #223-D: function "print_to_serial_3" declared implicitly
..\sources\Modem\phone_sms_sending.c(568): warning:  #223-D: function "snprintf" declared implicitly
..\sources\Modem\phone_sms_sending.c(568): error:  #20: identifier "message_3" is undefined
..\sources\Modem\phone_sms_sending.c(568): error:  #20: identifier "MESSAGESIZE" is undefined
..\sources\Modem\phone_sms_sending.c(573): warning:  #223-D: function "snprintf" declared implicitly
..\sources\Modem\phone_sms_sending.c(573): error:  #20: identifier "message_3" is undefined
..\sources\Modem\phone_sms_sending.c(573): error:  #20: identifier "MESSAGESIZE" is undefined
..\sources\Modem\phone_sms_sending.c(578): error:  #20: identifier "time_data" is undefined
..\sources\Modem\phone_sms_sending.c(602): error:  #20: identifier "alarm_mode" is undefined
..\sources\Modem\phone_sms_sending.c(602): error:  #20: identifier "ALARM_ON" is undefined
..\sources\Modem\phone_sms_sending.c(608): warning:  #223-D: function "print_to_serial_3" declared implicitly
..\sources\Modem\phone_sms_sending.c(611): warning:  #223-D: function "snprintf" declared implicitly
..\sources\Modem\phone_sms_sending.c(611): error:  #20: identifier "message_3" is undefined
..\sources\Modem\phone_sms_sending.c(611): error:  #20: identifier "MESSAGESIZE" is undefined
..\sources\Modem\phone_sms_sending.c(616): warning:  #223-D: function "snprintf" declared implicitly
..\sources\Modem\phone_sms_sending.c(616): error:  #20: identifier "message_3" is undefined
..\sources\Modem\phone_sms_sending.c(616): error:  #20: identifier "MESSAGESIZE" is undefined
..\sources\Modem\phone_sms_sending.c(631): warning:  #223-D: function "print_to_serial_3" declared implicitly
..\sources\Modem\phone_sms_sending.c(634): warning:  #223-D: function "snprintf" declared implicitly
..\sources\Modem\phone_sms_sending.c(634): error:  #20: identifier "message_3" is undefined
..\sources\Modem\phone_sms_sending.c(634): error:  #20: identifier "MESSAGESIZE" is undefined
..\sources\Modem\phone_sms_sending.c(639): warning:  #223-D: function "snprintf" declared implicitly
..\sources\Modem\phone_sms_sending.c(639): error:  #20: identifier "message_3" is undefined
..\sources\Modem\phone_sms_sending.c(639): error:  #20: identifier "MESSAGESIZE" is undefined
compiling nmea_api.c...
..\headers\GPS\nmea_api.h(2): error:  #84: invalid combination of type specifiers
..\sources\GPS\nmea_api.c(21): error:  #5: cannot open source input file "usart.h": No such file or directory
compiling nmea_data.c...
..\sources\GPS\nmea_data.c(18): error:  #5: cannot open source input file "usart_api.h": No such file or directory
Target not created
Build target 'FLEET'
compiling phone_api.c...
..\sources\Modem\phone_api.c(125): error:  #20: identifier "message_3" is undefined
..\sources\Modem\phone_api.c(125): error:  #20: identifier "MESSAGESIZE" is undefined
..\sources\Modem\phone_api.c(126): warning:  #223-D: function "print_to_serial_3" declared implicitly
..\sources\Modem\phone_api.c(134): warning:  #223-D: function "print_to_gsm_c" declared implicitly
..\sources\Modem\phone_api.c(135): warning:  #223-D: function "print_to_gsm" declared implicitly
..\sources\Modem\phone_api.c(183): error:  #20: identifier "message_3" is undefined
..\sources\Modem\phone_api.c(183): error:  #20: identifier "MESSAGESIZE" is undefined
..\sources\Modem\phone_api.c(184): warning:  #223-D: function "print_to_serial_3" declared implicitly
..\sources\Modem\phone_api.c(192): warning:  #167-D: argument of type "const unsigned char *" is incompatible with parameter of type "const char *"
..\sources\Modem\phone_api.c(193): warning:  #167-D: argument of type "unsigned char *" is incompatible with parameter of type "const char *"
..\sources\Modem\phone_api.c(199): warning:  #167-D: argument of type "const unsigned char *" is incompatible with parameter of type "const char *"
..\sources\Modem\phone_api.c(200): warning:  #167-D: argument of type "const unsigned char *" is incompatible with parameter of type "const char *"
..\sources\Modem\phone_api.c(201): warning:  #167-D: argument of type "const unsigned char *" is incompatible with parameter of type "const char *"
..\sources\Modem\phone_api.c(202): warning:  #167-D: argument of type "unsigned char *" is incompatible with parameter of type "const char *"
..\sources\Modem\phone_api.c(203): warning:  #167-D: argument of type "const unsigned char *" is incompatible with parameter of type "const char *"
..\sources\Modem\phone_api.c(204): warning:  #167-D: argument of type "unsigned char *" is incompatible with parameter of type "const char *"
..\sources\Modem\phone_api.c(205): warning:  #167-D: argument of type "unsigned char *" is incompatible with parameter of type "const char *"
compiling phone_com.c...
..\sources\Modem\phone_com.c(32): error:  #5: cannot open source input file "usart_api.h": No such file or directory
compiling phone_sms_sending.c...
..\headers\GPS\nmea_api.h(2): error:  #84: invalid combination of type specifiers
..\sources\Modem\phone_sms_sending.c(103): warning:  #223-D: function "print_to_serial_3" declared implicitly
..\sources\Modem\phone_sms_sending.c(123): warning:  #223-D: function "snprintf" declared implicitly
..\sources\Modem\phone_sms_sending.c(123): error:  #20: identifier "message_3" is undefined
..\sources\Modem\phone_sms_sending.c(123): error:  #20: identifier "MESSAGESIZE" is undefined
..\sources\Modem\phone_sms_sending.c(126): error:  #20: identifier "RXBuffer" is undefined
..\sources\Modem\phone_sms_sending.c(209): warning:  #223-D: function "print_to_serial_3" declared implicitly
..\sources\Modem\phone_sms_sending.c(218): warning:  #223-D: function "print_to_gsm" declared implicitly
..\sources\Modem\phone_sms_sending.c(261): warning:  #223-D: function "print_to_serial_3" declared implicitly
..\sources\Modem\phone_sms_sending.c(274): warning:  #223-D: function "snprintf" declared implicitly
..\sources\Modem\phone_sms_sending.c(275): warning:  #223-D: function "print_to_gsm" declared implicitly
..\sources\Modem\phone_sms_sending.c(289): warning:  #223-D: function "snprintf" declared implicitly
..\sources\Modem\phone_sms_sending.c(289): error:  #20: identifier "message_3" is undefined
..\sources\Modem\phone_sms_sending.c(289): error:  #20: identifier "MESSAGESIZE" is undefined
..\sources\Modem\phone_sms_sending.c(294): warning:  #223-D: function "snprintf" declared implicitly
..\sources\Modem\phone_sms_sending.c(294): error:  #20: identifier "message_3" is undefined
..\sources\Modem\phone_sms_sending.c(294): error:  #20: identifier "MESSAGESIZE" is undefined
..\sources\Modem\phone_sms_sending.c(342): warning:  #223-D: function "snprintf" declared implicitly
..\sources\Modem\phone_sms_sending.c(342): error:  #20: identifier "message_3" is undefined
..\sources\Modem\phone_sms_sending.c(342): error:  #20: identifier "MESSAGESIZE" is undefined
..\sources\Modem\phone_sms_sending.c(343): warning:  #223-D: function "print_to_serial_3" declared implicitly
..\sources\Modem\phone_sms_sending.c(468): warning:  #223-D: function "print_to_serial_3" declared implicitly
..\sources\Modem\phone_sms_sending.c(470): warning:  #223-D: function "print_to_gsm" declared implicitly
..\sources\Modem\phone_sms_sending.c(505): warning:  #223-D: function "snprintf" declared implicitly
..\sources\Modem\phone_sms_sending.c(505): error:  #20: identifier "message_3" is undefined
..\sources\Modem\phone_sms_sending.c(505): error:  #20: identifier "MESSAGESIZE" is undefined
..\sources\Modem\phone_sms_sending.c(506): warning:  #223-D: function "print_to_serial_3" declared implicitly
..\sources\Modem\phone_sms_sending.c(537): warning:  #223-D: function "print_to_serial_3" declared implicitly
..\sources\Modem\phone_sms_sending.c(545): error:  #20: identifier "time_data" is undefined
..\sources\Modem\phone_sms_sending.c(550): warning:  #223-D: function "snprintf" declared implicitly
..\sources\Modem\phone_sms_sending.c(554): error:  #20: identifier "alarm_mode" is undefined
..\sources\Modem\phone_sms_sending.c(554): error:  #20: identifier "ALARM_OFF" is undefined
..\sources\Modem\phone_sms_sending.c(565): warning:  #223-D: function "print_to_serial_3" declared implicitly
..\sources\Modem\phone_sms_sending.c(568): warning:  #223-D: function "snprintf" declared implicitly
..\sources\Modem\phone_sms_sending.c(568): error:  #20: identifier "message_3" is undefined
..\sources\Modem\phone_sms_sending.c(568): error:  #20: identifier "MESSAGESIZE" is undefined
..\sources\Modem\phone_sms_sending.c(573): warning:  #223-D: function "snprintf" declared implicitly
..\sources\Modem\phone_sms_sending.c(573): error:  #20: identifier "message_3" is undefined
..\sources\Modem\phone_sms_sending.c(573): error:  #20: identifier "MESSAGESIZE" is undefined
..\sources\Modem\phone_sms_sending.c(578): error:  #20: identifier "time_data" is undefined
..\sources\Modem\phone_sms_sending.c(602): error:  #20: identifier "alarm_mode" is undefined
..\sources\Modem\phone_sms_sending.c(602): error:  #20: identifier "ALARM_ON" is undefined
..\sources\Modem\phone_sms_sending.c(608): warning:  #223-D: function "print_to_serial_3" declared implicitly
..\sources\Modem\phone_sms_sending.c(611): warning:  #223-D: function "snprintf" declared implicitly
..\sources\Modem\phone_sms_sending.c(611): error:  #20: identifier "message_3" is undefined
..\sources\Modem\phone_sms_sending.c(611): error:  #20: identifier "MESSAGESIZE" is undefined
..\sources\Modem\phone_sms_sending.c(616): warning:  #223-D: function "snprintf" declared implicitly
..\sources\Modem\phone_sms_sending.c(616): error:  #20: identifier "message_3" is undefined
..\sources\Modem\phone_sms_sending.c(616): error:  #20: identifier "MESSAGESIZE" is undefined
..\sources\Modem\phone_sms_sending.c(631): warning:  #223-D: function "print_to_serial_3" declared implicitly
..\sources\Modem\phone_sms_sending.c(634): warning:  #223-D: function "snprintf" declared implicitly
..\sources\Modem\phone_sms_sending.c(634): error:  #20: identifier "message_3" is undefined
..\sources\Modem\phone_sms_sending.c(634): error:  #20: identifier "MESSAGESIZE" is undefined
..\sources\Modem\phone_sms_sending.c(639): warning:  #223-D: function "snprintf" declared implicitly
..\sources\Modem\phone_sms_sending.c(639): error:  #20: identifier "message_3" is undefined
..\sources\Modem\phone_sms_sending.c(639): error:  #20: identifier "MESSAGESIZE" is undefined
compiling nmea_api.c...
..\headers\GPS\nmea_api.h(2): error:  #84: invalid combination of type specifiers
..\sources\GPS\nmea_api.c(21): error:  #5: cannot open source input file "usart.h": No such file or directory
compiling nmea_data.c...
..\sources\GPS\nmea_data.c(18): error:  #5: cannot open source input file "usart_api.h": No such file or directory
Target not created
Build target 'FLEET'
compiling phone_api.c...
..\sources\Modem\phone_api.c(126): warning:  #223-D: function "print_to_serial_3" declared implicitly
..\sources\Modem\phone_api.c(128): error:  #20: identifier "message_3" is undefined
..\sources\Modem\phone_api.c(134): warning:  #223-D: function "print_to_gsm_c" declared implicitly
..\sources\Modem\phone_api.c(135): warning:  #223-D: function "print_to_gsm" declared implicitly
..\sources\Modem\phone_api.c(184): warning:  #223-D: function "print_to_serial_3" declared implicitly
..\sources\Modem\phone_api.c(192): warning:  #167-D: argument of type "const unsigned char *" is incompatible with parameter of type "const char *"
..\sources\Modem\phone_api.c(193): warning:  #167-D: argument of type "unsigned char *" is incompatible with parameter of type "const char *"
..\sources\Modem\phone_api.c(199): warning:  #167-D: argument of type "const unsigned char *" is incompatible with parameter of type "const char *"
..\sources\Modem\phone_api.c(200): warning:  #167-D: argument of type "const unsigned char *" is incompatible with parameter of type "const char *"
..\sources\Modem\phone_api.c(201): warning:  #167-D: argument of type "const unsigned char *" is incompatible with parameter of type "const char *"
..\sources\Modem\phone_api.c(202): warning:  #167-D: argument of type "unsigned char *" is incompatible with parameter of type "const char *"
..\sources\Modem\phone_api.c(203): warning:  #167-D: argument of type "const unsigned char *" is incompatible with parameter of type "const char *"
..\sources\Modem\phone_api.c(204): warning:  #167-D: argument of type "unsigned char *" is incompatible with parameter of type "const char *"
..\sources\Modem\phone_api.c(205): warning:  #167-D: argument of type "unsigned char *" is incompatible with parameter of type "const char *"
compiling phone_com.c...
..\sources\Modem\phone_com.c(32): error:  #5: cannot open source input file "usart_api.h": No such file or directory
compiling phone_sms_sending.c...
..\headers\GPS\nmea_api.h(2): error:  #84: invalid combination of type specifiers
..\sources\Modem\phone_sms_sending.c(103): warning:  #223-D: function "print_to_serial_3" declared implicitly
..\sources\Modem\phone_sms_sending.c(123): warning:  #223-D: function "snprintf" declared implicitly
..\sources\Modem\phone_sms_sending.c(123): error:  #20: identifier "message_3" is undefined
..\sources\Modem\phone_sms_sending.c(123): error:  #20: identifier "MESSAGESIZE" is undefined
..\sources\Modem\phone_sms_sending.c(126): error:  #20: identifier "RXBuffer" is undefined
..\sources\Modem\phone_sms_sending.c(209): warning:  #223-D: function "print_to_serial_3" declared implicitly
..\sources\Modem\phone_sms_sending.c(218): warning:  #223-D: function "print_to_gsm" declared implicitly
..\sources\Modem\phone_sms_sending.c(261): warning:  #223-D: function "print_to_serial_3" declared implicitly
..\sources\Modem\phone_sms_sending.c(274): warning:  #223-D: function "snprintf" declared implicitly
..\sources\Modem\phone_sms_sending.c(275): warning:  #223-D: function "print_to_gsm" declared implicitly
..\sources\Modem\phone_sms_sending.c(289): warning:  #223-D: function "snprintf" declared implicitly
..\sources\Modem\phone_sms_sending.c(289): error:  #20: identifier "message_3" is undefined
..\sources\Modem\phone_sms_sending.c(289): error:  #20: identifier "MESSAGESIZE" is undefined
..\sources\Modem\phone_sms_sending.c(294): warning:  #223-D: function "snprintf" declared implicitly
..\sources\Modem\phone_sms_sending.c(294): error:  #20: identifier "message_3" is undefined
..\sources\Modem\phone_sms_sending.c(294): error:  #20: identifier "MESSAGESIZE" is undefined
..\sources\Modem\phone_sms_sending.c(342): warning:  #223-D: function "snprintf" declared implicitly
..\sources\Modem\phone_sms_sending.c(342): error:  #20: identifier "message_3" is undefined
..\sources\Modem\phone_sms_sending.c(342): error:  #20: identifier "MESSAGESIZE" is undefined
..\sources\Modem\phone_sms_sending.c(343): warning:  #223-D: function "print_to_serial_3" declared implicitly
..\sources\Modem\phone_sms_sending.c(468): warning:  #223-D: function "print_to_serial_3" declared implicitly
..\sources\Modem\phone_sms_sending.c(470): warning:  #223-D: function "print_to_gsm" declared implicitly
..\sources\Modem\phone_sms_sending.c(505): warning:  #223-D: function "snprintf" declared implicitly
..\sources\Modem\phone_sms_sending.c(505): error:  #20: identifier "message_3" is undefined
..\sources\Modem\phone_sms_sending.c(505): error:  #20: identifier "MESSAGESIZE" is undefined
..\sources\Modem\phone_sms_sending.c(506): warning:  #223-D: function "print_to_serial_3" declared implicitly
..\sources\Modem\phone_sms_sending.c(537): warning:  #223-D: function "print_to_serial_3" declared implicitly
..\sources\Modem\phone_sms_sending.c(545): error:  #20: identifier "time_data" is undefined
..\sources\Modem\phone_sms_sending.c(550): warning:  #223-D: function "snprintf" declared implicitly
..\sources\Modem\phone_sms_sending.c(554): error:  #20: identifier "alarm_mode" is undefined
..\sources\Modem\phone_sms_sending.c(554): error:  #20: identifier "ALARM_OFF" is undefined
..\sources\Modem\phone_sms_sending.c(565): warning:  #223-D: function "print_to_serial_3" declared implicitly
..\sources\Modem\phone_sms_sending.c(568): warning:  #223-D: function "snprintf" declared implicitly
..\sources\Modem\phone_sms_sending.c(568): error:  #20: identifier "message_3" is undefined
..\sources\Modem\phone_sms_sending.c(568): error:  #20: identifier "MESSAGESIZE" is undefined
..\sources\Modem\phone_sms_sending.c(573): warning:  #223-D: function "snprintf" declared implicitly
..\sources\Modem\phone_sms_sending.c(573): error:  #20: identifier "message_3" is undefined
..\sources\Modem\phone_sms_sending.c(573): error:  #20: identifier "MESSAGESIZE" is undefined
..\sources\Modem\phone_sms_sending.c(578): error:  #20: identifier "time_data" is undefined
..\sources\Modem\phone_sms_sending.c(602): error:  #20: identifier "alarm_mode" is undefined
..\sources\Modem\phone_sms_sending.c(602): error:  #20: identifier "ALARM_ON" is undefined
..\sources\Modem\phone_sms_sending.c(608): warning:  #223-D: function "print_to_serial_3" declared implicitly
..\sources\Modem\phone_sms_sending.c(611): warning:  #223-D: function "snprintf" declared implicitly
..\sources\Modem\phone_sms_sending.c(611): error:  #20: identifier "message_3" is undefined
..\sources\Modem\phone_sms_sending.c(611): error:  #20: identifier "MESSAGESIZE" is undefined
..\sources\Modem\phone_sms_sending.c(616): warning:  #223-D: function "snprintf" declared implicitly
..\sources\Modem\phone_sms_sending.c(616): error:  #20: identifier "message_3" is undefined
..\sources\Modem\phone_sms_sending.c(616): error:  #20: identifier "MESSAGESIZE" is undefined
..\sources\Modem\phone_sms_sending.c(631): warning:  #223-D: function "print_to_serial_3" declared implicitly
..\sources\Modem\phone_sms_sending.c(634): warning:  #223-D: function "snprintf" declared implicitly
..\sources\Modem\phone_sms_sending.c(634): error:  #20: identifier "message_3" is undefined
..\sources\Modem\phone_sms_sending.c(634): error:  #20: identifier "MESSAGESIZE" is undefined
..\sources\Modem\phone_sms_sending.c(639): warning:  #223-D: function "snprintf" declared implicitly
..\sources\Modem\phone_sms_sending.c(639): error:  #20: identifier "message_3" is undefined
..\sources\Modem\phone_sms_sending.c(639): error:  #20: identifier "MESSAGESIZE" is undefined
compiling nmea_api.c...
..\headers\GPS\nmea_api.h(2): error:  #84: invalid combination of type specifiers
..\sources\GPS\nmea_api.c(21): error:  #5: cannot open source input file "usart.h": No such file or directory
compiling nmea_data.c...
..\sources\GPS\nmea_data.c(18): error:  #5: cannot open source input file "usart_api.h": No such file or directory
Target not created
Build target 'FLEET'
compiling phone_api.c...
..\sources\Modem\phone_api.c(126): warning:  #223-D: function "print_to_serial_3" declared implicitly
..\sources\Modem\phone_api.c(128): error:  #20: identifier "message_3" is undefined
..\sources\Modem\phone_api.c(134): warning:  #223-D: function "print_to_gsm_c" declared implicitly
..\sources\Modem\phone_api.c(135): warning:  #223-D: function "print_to_gsm" declared implicitly
..\sources\Modem\phone_api.c(184): warning:  #223-D: function "print_to_serial_3" declared implicitly
..\sources\Modem\phone_api.c(192): warning:  #167-D: argument of type "const unsigned char *" is incompatible with parameter of type "const char *"
..\sources\Modem\phone_api.c(193): warning:  #167-D: argument of type "unsigned char *" is incompatible with parameter of type "const char *"
..\sources\Modem\phone_api.c(199): warning:  #167-D: argument of type "const unsigned char *" is incompatible with parameter of type "const char *"
..\sources\Modem\phone_api.c(200): warning:  #167-D: argument of type "const unsigned char *" is incompatible with parameter of type "const char *"
..\sources\Modem\phone_api.c(201): warning:  #167-D: argument of type "const unsigned char *" is incompatible with parameter of type "const char *"
..\sources\Modem\phone_api.c(202): warning:  #167-D: argument of type "unsigned char *" is incompatible with parameter of type "const char *"
..\sources\Modem\phone_api.c(203): warning:  #167-D: argument of type "const unsigned char *" is incompatible with parameter of type "const char *"
..\sources\Modem\phone_api.c(204): warning:  #167-D: argument of type "unsigned char *" is incompatible with parameter of type "const char *"
..\sources\Modem\phone_api.c(205): warning:  #167-D: argument of type "unsigned char *" is incompatible with parameter of type "const char *"
compiling phone_com.c...
..\sources\Modem\phone_com.c(32): error:  #5: cannot open source input file "usart_api.h": No such file or directory
compiling phone_sms_sending.c...
..\headers\GPS\nmea_api.h(2): error:  #84: invalid combination of type specifiers
..\sources\Modem\phone_sms_sending.c(103): warning:  #223-D: function "print_to_serial_3" declared implicitly
..\sources\Modem\phone_sms_sending.c(123): warning:  #223-D: function "snprintf" declared implicitly
..\sources\Modem\phone_sms_sending.c(123): error:  #20: identifier "message_3" is undefined
..\sources\Modem\phone_sms_sending.c(123): error:  #20: identifier "MESSAGESIZE" is undefined
..\sources\Modem\phone_sms_sending.c(126): error:  #20: identifier "RXBuffer" is undefined
..\sources\Modem\phone_sms_sending.c(209): warning:  #223-D: function "print_to_serial_3" declared implicitly
..\sources\Modem\phone_sms_sending.c(218): warning:  #223-D: function "print_to_gsm" declared implicitly
..\sources\Modem\phone_sms_sending.c(261): warning:  #223-D: function "print_to_serial_3" declared implicitly
..\sources\Modem\phone_sms_sending.c(274): warning:  #223-D: function "snprintf" declared implicitly
..\sources\Modem\phone_sms_sending.c(275): warning:  #223-D: function "print_to_gsm" declared implicitly
..\sources\Modem\phone_sms_sending.c(289): warning:  #223-D: function "snprintf" declared implicitly
..\sources\Modem\phone_sms_sending.c(289): error:  #20: identifier "message_3" is undefined
..\sources\Modem\phone_sms_sending.c(289): error:  #20: identifier "MESSAGESIZE" is undefined
..\sources\Modem\phone_sms_sending.c(294): warning:  #223-D: function "snprintf" declared implicitly
..\sources\Modem\phone_sms_sending.c(294): error:  #20: identifier "message_3" is undefined
..\sources\Modem\phone_sms_sending.c(294): error:  #20: identifier "MESSAGESIZE" is undefined
..\sources\Modem\phone_sms_sending.c(342): warning:  #223-D: function "snprintf" declared implicitly
..\sources\Modem\phone_sms_sending.c(342): error:  #20: identifier "message_3" is undefined
..\sources\Modem\phone_sms_sending.c(342): error:  #20: identifier "MESSAGESIZE" is undefined
..\sources\Modem\phone_sms_sending.c(343): warning:  #223-D: function "print_to_serial_3" declared implicitly
..\sources\Modem\phone_sms_sending.c(468): warning:  #223-D: function "print_to_serial_3" declared implicitly
..\sources\Modem\phone_sms_sending.c(470): warning:  #223-D: function "print_to_gsm" declared implicitly
..\sources\Modem\phone_sms_sending.c(505): warning:  #223-D: function "snprintf" declared implicitly
..\sources\Modem\phone_sms_sending.c(505): error:  #20: identifier "message_3" is undefined
..\sources\Modem\phone_sms_sending.c(505): error:  #20: identifier "MESSAGESIZE" is undefined
..\sources\Modem\phone_sms_sending.c(506): warning:  #223-D: function "print_to_serial_3" declared implicitly
..\sources\Modem\phone_sms_sending.c(537): warning:  #223-D: function "print_to_serial_3" declared implicitly
..\sources\Modem\phone_sms_sending.c(545): error:  #20: identifier "time_data" is undefined
..\sources\Modem\phone_sms_sending.c(550): warning:  #223-D: function "snprintf" declared implicitly
..\sources\Modem\phone_sms_sending.c(554): error:  #20: identifier "alarm_mode" is undefined
..\sources\Modem\phone_sms_sending.c(554): error:  #20: identifier "ALARM_OFF" is undefined
..\sources\Modem\phone_sms_sending.c(565): warning:  #223-D: function "print_to_serial_3" declared implicitly
..\sources\Modem\phone_sms_sending.c(568): warning:  #223-D: function "snprintf" declared implicitly
..\sources\Modem\phone_sms_sending.c(568): error:  #20: identifier "message_3" is undefined
..\sources\Modem\phone_sms_sending.c(568): error:  #20: identifier "MESSAGESIZE" is undefined
..\sources\Modem\phone_sms_sending.c(573): warning:  #223-D: function "snprintf" declared implicitly
..\sources\Modem\phone_sms_sending.c(573): error:  #20: identifier "message_3" is undefined
..\sources\Modem\phone_sms_sending.c(573): error:  #20: identifier "MESSAGESIZE" is undefined
..\sources\Modem\phone_sms_sending.c(578): error:  #20: identifier "time_data" is undefined
..\sources\Modem\phone_sms_sending.c(602): error:  #20: identifier "alarm_mode" is undefined
..\sources\Modem\phone_sms_sending.c(602): error:  #20: identifier "ALARM_ON" is undefined
..\sources\Modem\phone_sms_sending.c(608): warning:  #223-D: function "print_to_serial_3" declared implicitly
..\sources\Modem\phone_sms_sending.c(611): warning:  #223-D: function "snprintf" declared implicitly
..\sources\Modem\phone_sms_sending.c(611): error:  #20: identifier "message_3" is undefined
..\sources\Modem\phone_sms_sending.c(611): error:  #20: identifier "MESSAGESIZE" is undefined
..\sources\Modem\phone_sms_sending.c(616): warning:  #223-D: function "snprintf" declared implicitly
..\sources\Modem\phone_sms_sending.c(616): error:  #20: identifier "message_3" is undefined
..\sources\Modem\phone_sms_sending.c(616): error:  #20: identifier "MESSAGESIZE" is undefined
..\sources\Modem\phone_sms_sending.c(631): warning:  #223-D: function "print_to_serial_3" declared implicitly
..\sources\Modem\phone_sms_sending.c(634): warning:  #223-D: function "snprintf" declared implicitly
..\sources\Modem\phone_sms_sending.c(634): error:  #20: identifier "message_3" is undefined
..\sources\Modem\phone_sms_sending.c(634): error:  #20: identifier "MESSAGESIZE" is undefined
..\sources\Modem\phone_sms_sending.c(639): warning:  #223-D: function "snprintf" declared implicitly
..\sources\Modem\phone_sms_sending.c(639): error:  #20: identifier "message_3" is undefined
..\sources\Modem\phone_sms_sending.c(639): error:  #20: identifier "MESSAGESIZE" is undefined
compiling nmea_api.c...
..\headers\GPS\nmea_api.h(2): error:  #84: invalid combination of type specifiers
..\sources\GPS\nmea_api.c(21): error:  #5: cannot open source input file "usart.h": No such file or directory
compiling nmea_data.c...
..\sources\GPS\nmea_data.c(18): error:  #5: cannot open source input file "usart_api.h": No such file or directory
Target not created
Build target 'FLEET'
compiling phone_api.c...
..\sources\Modem\phone_api.c(128): error:  #20: identifier "message_3" is undefined
..\sources\Modem\phone_api.c(134): warning:  #223-D: function "print_to_gsm_c" declared implicitly
..\sources\Modem\phone_api.c(135): warning:  #223-D: function "print_to_gsm" declared implicitly
..\sources\Modem\phone_api.c(192): warning:  #167-D: argument of type "const unsigned char *" is incompatible with parameter of type "const char *"
..\sources\Modem\phone_api.c(193): warning:  #167-D: argument of type "unsigned char *" is incompatible with parameter of type "const char *"
..\sources\Modem\phone_api.c(199): warning:  #167-D: argument of type "const unsigned char *" is incompatible with parameter of type "const char *"
..\sources\Modem\phone_api.c(200): warning:  #167-D: argument of type "const unsigned char *" is incompatible with parameter of type "const char *"
..\sources\Modem\phone_api.c(201): warning:  #167-D: argument of type "const unsigned char *" is incompatible with parameter of type "const char *"
..\sources\Modem\phone_api.c(202): warning:  #167-D: argument of type "unsigned char *" is incompatible with parameter of type "const char *"
..\sources\Modem\phone_api.c(203): warning:  #167-D: argument of type "const unsigned char *" is incompatible with parameter of type "const char *"
..\sources\Modem\phone_api.c(204): warning:  #167-D: argument of type "unsigned char *" is incompatible with parameter of type "const char *"
..\sources\Modem\phone_api.c(205): warning:  #167-D: argument of type "unsigned char *" is incompatible with parameter of type "const char *"
compiling phone_com.c...
..\sources\Modem\phone_com.c(32): error:  #5: cannot open source input file "usart_api.h": No such file or directory
compiling phone_sms_sending.c...
..\headers\GPS\nmea_api.h(2): error:  #84: invalid combination of type specifiers
..\sources\Modem\phone_sms_sending.c(123): warning:  #223-D: function "snprintf" declared implicitly
..\sources\Modem\phone_sms_sending.c(123): error:  #20: identifier "message_3" is undefined
..\sources\Modem\phone_sms_sending.c(123): error:  #20: identifier "MESSAGESIZE" is undefined
..\sources\Modem\phone_sms_sending.c(126): error:  #20: identifier "RXBuffer" is undefined
..\sources\Modem\phone_sms_sending.c(218): warning:  #223-D: function "print_to_gsm" declared implicitly
..\sources\Modem\phone_sms_sending.c(274): warning:  #223-D: function "snprintf" declared implicitly
..\sources\Modem\phone_sms_sending.c(275): warning:  #223-D: function "print_to_gsm" declared implicitly
..\sources\Modem\phone_sms_sending.c(289): warning:  #223-D: function "snprintf" declared implicitly
..\sources\Modem\phone_sms_sending.c(289): error:  #20: identifier "message_3" is undefined
..\sources\Modem\phone_sms_sending.c(289): error:  #20: identifier "MESSAGESIZE" is undefined
..\sources\Modem\phone_sms_sending.c(294): warning:  #223-D: function "snprintf" declared implicitly
..\sources\Modem\phone_sms_sending.c(294): error:  #20: identifier "message_3" is undefined
..\sources\Modem\phone_sms_sending.c(294): error:  #20: identifier "MESSAGESIZE" is undefined
..\sources\Modem\phone_sms_sending.c(342): warning:  #223-D: function "snprintf" declared implicitly
..\sources\Modem\phone_sms_sending.c(342): error:  #20: identifier "message_3" is undefined
..\sources\Modem\phone_sms_sending.c(342): error:  #20: identifier "MESSAGESIZE" is undefined
..\sources\Modem\phone_sms_sending.c(470): warning:  #223-D: function "print_to_gsm" declared implicitly
..\sources\Modem\phone_sms_sending.c(505): warning:  #223-D: function "snprintf" declared implicitly
..\sources\Modem\phone_sms_sending.c(505): error:  #20: identifier "message_3" is undefined
..\sources\Modem\phone_sms_sending.c(505): error:  #20: identifier "MESSAGESIZE" is undefined
..\sources\Modem\phone_sms_sending.c(545): error:  #20: identifier "time_data" is undefined
..\sources\Modem\phone_sms_sending.c(550): warning:  #223-D: function "snprintf" declared implicitly
..\sources\Modem\phone_sms_sending.c(554): error:  #20: identifier "alarm_mode" is undefined
..\sources\Modem\phone_sms_sending.c(554): error:  #20: identifier "ALARM_OFF" is undefined
..\sources\Modem\phone_sms_sending.c(568): warning:  #223-D: function "snprintf" declared implicitly
..\sources\Modem\phone_sms_sending.c(568): error:  #20: identifier "message_3" is undefined
..\sources\Modem\phone_sms_sending.c(568): error:  #20: identifier "MESSAGESIZE" is undefined
..\sources\Modem\phone_sms_sending.c(573): warning:  #223-D: function "snprintf" declared implicitly
..\sources\Modem\phone_sms_sending.c(573): error:  #20: identifier "message_3" is undefined
..\sources\Modem\phone_sms_sending.c(573): error:  #20: identifier "MESSAGESIZE" is undefined
..\sources\Modem\phone_sms_sending.c(578): error:  #20: identifier "time_data" is undefined
..\sources\Modem\phone_sms_sending.c(602): error:  #20: identifier "alarm_mode" is undefined
..\sources\Modem\phone_sms_sending.c(602): error:  #20: identifier "ALARM_ON" is undefined
..\sources\Modem\phone_sms_sending.c(611): warning:  #223-D: function "snprintf" declared implicitly
..\sources\Modem\phone_sms_sending.c(611): error:  #20: identifier "message_3" is undefined
..\sources\Modem\phone_sms_sending.c(611): error:  #20: identifier "MESSAGESIZE" is undefined
..\sources\Modem\phone_sms_sending.c(616): warning:  #223-D: function "snprintf" declared implicitly
..\sources\Modem\phone_sms_sending.c(616): error:  #20: identifier "message_3" is undefined
..\sources\Modem\phone_sms_sending.c(616): error:  #20: identifier "MESSAGESIZE" is undefined
..\sources\Modem\phone_sms_sending.c(634): warning:  #223-D: function "snprintf" declared implicitly
..\sources\Modem\phone_sms_sending.c(634): error:  #20: identifier "message_3" is undefined
..\sources\Modem\phone_sms_sending.c(634): error:  #20: identifier "MESSAGESIZE" is undefined
..\sources\Modem\phone_sms_sending.c(639): warning:  #223-D: function "snprintf" declared implicitly
..\sources\Modem\phone_sms_sending.c(639): error:  #20: identifier "message_3" is undefined
..\sources\Modem\phone_sms_sending.c(639): error:  #20: identifier "MESSAGESIZE" is undefined
compiling nmea_api.c...
..\headers\GPS\nmea_api.h(2): error:  #84: invalid combination of type specifiers
..\sources\GPS\nmea_api.c(21): error:  #5: cannot open source input file "usart.h": No such file or directory
compiling nmea_data.c...
..\sources\GPS\nmea_data.c(18): error:  #5: cannot open source input file "usart_api.h": No such file or directory
Target not created
Build target 'FLEET'
compiling phone_api.c...
..\sources\Modem\phone_api.c(134): warning:  #223-D: function "print_to_gsm_c" declared implicitly
..\sources\Modem\phone_api.c(135): warning:  #223-D: function "print_to_gsm" declared implicitly
..\sources\Modem\phone_api.c(192): warning:  #167-D: argument of type "const unsigned char *" is incompatible with parameter of type "const char *"
..\sources\Modem\phone_api.c(193): warning:  #167-D: argument of type "unsigned char *" is incompatible with parameter of type "const char *"
..\sources\Modem\phone_api.c(199): warning:  #167-D: argument of type "const unsigned char *" is incompatible with parameter of type "const char *"
..\sources\Modem\phone_api.c(200): warning:  #167-D: argument of type "const unsigned char *" is incompatible with parameter of type "const char *"
..\sources\Modem\phone_api.c(201): warning:  #167-D: argument of type "const unsigned char *" is incompatible with parameter of type "const char *"
..\sources\Modem\phone_api.c(202): warning:  #167-D: argument of type "unsigned char *" is incompatible with parameter of type "const char *"
..\sources\Modem\phone_api.c(203): warning:  #167-D: argument of type "const unsigned char *" is incompatible with parameter of type "const char *"
..\sources\Modem\phone_api.c(204): warning:  #167-D: argument of type "unsigned char *" is incompatible with parameter of type "const char *"
..\sources\Modem\phone_api.c(205): warning:  #167-D: argument of type "unsigned char *" is incompatible with parameter of type "const char *"
compiling phone_com.c...
..\sources\Modem\phone_com.c(32): error:  #5: cannot open source input file "usart_api.h": No such file or directory
compiling phone_sms_sending.c...
..\headers\GPS\nmea_api.h(2): error:  #84: invalid combination of type specifiers
..\sources\Modem\phone_sms_sending.c(123): warning:  #223-D: function "snprintf" declared implicitly
..\sources\Modem\phone_sms_sending.c(123): error:  #20: identifier "MESSAGESIZE" is undefined
..\sources\Modem\phone_sms_sending.c(126): error:  #20: identifier "RXBuffer" is undefined
..\sources\Modem\phone_sms_sending.c(218): warning:  #223-D: function "print_to_gsm" declared implicitly
..\sources\Modem\phone_sms_sending.c(274): warning:  #223-D: function "snprintf" declared implicitly
..\sources\Modem\phone_sms_sending.c(275): warning:  #223-D: function "print_to_gsm" declared implicitly
..\sources\Modem\phone_sms_sending.c(289): warning:  #223-D: function "snprintf" declared implicitly
..\sources\Modem\phone_sms_sending.c(289): error:  #20: identifier "MESSAGESIZE" is undefined
..\sources\Modem\phone_sms_sending.c(294): warning:  #223-D: function "snprintf" declared implicitly
..\sources\Modem\phone_sms_sending.c(294): error:  #20: identifier "MESSAGESIZE" is undefined
..\sources\Modem\phone_sms_sending.c(342): warning:  #223-D: function "snprintf" declared implicitly
..\sources\Modem\phone_sms_sending.c(342): error:  #20: identifier "MESSAGESIZE" is undefined
..\sources\Modem\phone_sms_sending.c(470): warning:  #223-D: function "print_to_gsm" declared implicitly
..\sources\Modem\phone_sms_sending.c(505): warning:  #223-D: function "snprintf" declared implicitly
..\sources\Modem\phone_sms_sending.c(505): error:  #20: identifier "MESSAGESIZE" is undefined
..\sources\Modem\phone_sms_sending.c(545): error:  #20: identifier "time_data" is undefined
..\sources\Modem\phone_sms_sending.c(550): warning:  #223-D: function "snprintf" declared implicitly
..\sources\Modem\phone_sms_sending.c(554): error:  #20: identifier "alarm_mode" is undefined
..\sources\Modem\phone_sms_sending.c(554): error:  #20: identifier "ALARM_OFF" is undefined
..\sources\Modem\phone_sms_sending.c(568): warning:  #223-D: function "snprintf" declared implicitly
..\sources\Modem\phone_sms_sending.c(568): error:  #20: identifier "MESSAGESIZE" is undefined
..\sources\Modem\phone_sms_sending.c(573): warning:  #223-D: function "snprintf" declared implicitly
..\sources\Modem\phone_sms_sending.c(573): error:  #20: identifier "MESSAGESIZE" is undefined
..\sources\Modem\phone_sms_sending.c(578): error:  #20: identifier "time_data" is undefined
..\sources\Modem\phone_sms_sending.c(602): error:  #20: identifier "alarm_mode" is undefined
..\sources\Modem\phone_sms_sending.c(602): error:  #20: identifier "ALARM_ON" is undefined
..\sources\Modem\phone_sms_sending.c(611): warning:  #223-D: function "snprintf" declared implicitly
..\sources\Modem\phone_sms_sending.c(611): error:  #20: identifier "MESSAGESIZE" is undefined
..\sources\Modem\phone_sms_sending.c(616): warning:  #223-D: function "snprintf" declared implicitly
..\sources\Modem\phone_sms_sending.c(616): error:  #20: identifier "MESSAGESIZE" is undefined
..\sources\Modem\phone_sms_sending.c(634): warning:  #223-D: function "snprintf" declared implicitly
..\sources\Modem\phone_sms_sending.c(634): error:  #20: identifier "MESSAGESIZE" is undefined
..\sources\Modem\phone_sms_sending.c(639): warning:  #223-D: function "snprintf" declared implicitly
..\sources\Modem\phone_sms_sending.c(639): error:  #20: identifier "MESSAGESIZE" is undefined
..\sources\Modem\phone_sms_sending.c(660): warning:  #223-D: function "snprintf" declared implicitly
..\sources\Modem\phone_sms_sending.c(660): error:  #20: identifier "MESSAGESIZE" is undefined
..\sources\Modem\phone_sms_sending.c(665): warning:  #223-D: function "snprintf" declared implicitly
..\sources\Modem\phone_sms_sending.c(665): error:  #20: identifier "MESSAGESIZE" is undefined
..\sources\Modem\phone_sms_sending.c(695): error:  #20: identifier "alarm_mode" is undefined
..\sources\Modem\phone_sms_sending.c(695): error:  #20: identifier "ALARM_ON" is undefined
..\sources\Modem\phone_sms_sending.c(697): warning:  #223-D: function "snprintf" declared implicitly
..\sources\Modem\phone_sms_sending.c(705): error:  #20: identifier "alarm_mode" is undefined
..\sources\Modem\phone_sms_sending.c(705): error:  #20: identifier "ALARM_OFF" is undefined
..\sources\Modem\phone_sms_sending.c(707): warning:  #223-D: function "snprintf" declared implicitly
..\sources\Modem\phone_sms_sending.c(743): warning:  #223-D: function "snprintf" declared implicitly
..\sources\Modem\phone_sms_sending.c(743): error:  #20: identifier "MESSAGESIZE" is undefined
..\sources\Modem\phone_sms_sending.c(759): error:  #20: identifier "time_data" is undefined
..\sources\Modem\phone_sms_sending.c(773): warning:  #223-D: function "snprintf" declared implicitly
..\sources\Modem\phone_sms_sending.c(791): error:  #20: identifier "overspeed_limit_par" is undefined
..\sources\Modem\phone_sms_sending.c(795): error:  #20: identifier "overspeed_limit_par" is undefined
..\sources\Modem\phone_sms_sending.c(799): warning:  #223-D: function "snprintf" declared implicitly
..\sources\Modem\phone_sms_sending.c(799): error:  #20: identifier "MESSAGESIZE" is undefined
compiling nmea_api.c...
..\headers\GPS\nmea_api.h(2): error:  #84: invalid combination of type specifiers
..\sources\GPS\nmea_api.c(21): error:  #5: cannot open source input file "usart.h": No such file or directory
compiling nmea_data.c...
..\sources\GPS\nmea_data.c(18): error:  #5: cannot open source input file "usart_api.h": No such file or directory
Target not created
Build target 'FLEET'
compiling phone_api.c...
..\sources\Modem\phone_api.c(134): warning:  #167-D: argument of type "const unsigned char *" is incompatible with parameter of type "const char *"
..\sources\Modem\phone_api.c(135): warning:  #167-D: argument of type "unsigned char *" is incompatible with parameter of type "const char *"
..\sources\Modem\phone_api.c(141): warning:  #167-D: argument of type "const unsigned char *" is incompatible with parameter of type "const char *"
..\sources\Modem\phone_api.c(142): warning:  #167-D: argument of type "unsigned char *" is incompatible with parameter of type "const char *"
..\sources\Modem\phone_api.c(143): warning:  #167-D: argument of type "unsigned char *" is incompatible with parameter of type "const char *"
..\sources\Modem\phone_api.c(192): warning:  #167-D: argument of type "const unsigned char *" is incompatible with parameter of type "const char *"
..\sources\Modem\phone_api.c(193): warning:  #167-D: argument of type "unsigned char *" is incompatible with parameter of type "const char *"
..\sources\Modem\phone_api.c(199): warning:  #167-D: argument of type "const unsigned char *" is incompatible with parameter of type "const char *"
..\sources\Modem\phone_api.c(200): warning:  #167-D: argument of type "const unsigned char *" is incompatible with parameter of type "const char *"
..\sources\Modem\phone_api.c(201): warning:  #167-D: argument of type "const unsigned char *" is incompatible with parameter of type "const char *"
..\sources\Modem\phone_api.c(202): warning:  #167-D: argument of type "unsigned char *" is incompatible with parameter of type "const char *"
..\sources\Modem\phone_api.c(203): warning:  #167-D: argument of type "const unsigned char *" is incompatible with parameter of type "const char *"
..\sources\Modem\phone_api.c(204): warning:  #167-D: argument of type "unsigned char *" is incompatible with parameter of type "const char *"
..\sources\Modem\phone_api.c(205): warning:  #167-D: argument of type "unsigned char *" is incompatible with parameter of type "const char *"
compiling phone_com.c...
..\sources\Modem\phone_com.c(32): error:  #5: cannot open source input file "usart_api.h": No such file or directory
compiling phone_sms_sending.c...
..\headers\GPS\nmea_api.h(2): error:  #84: invalid combination of type specifiers
..\sources\Modem\phone_sms_sending.c(123): warning:  #223-D: function "snprintf" declared implicitly
..\sources\Modem\phone_sms_sending.c(123): error:  #20: identifier "MESSAGESIZE" is undefined
..\sources\Modem\phone_sms_sending.c(126): error:  #20: identifier "RXBuffer" is undefined
..\sources\Modem\phone_sms_sending.c(274): warning:  #223-D: function "snprintf" declared implicitly
..\sources\Modem\phone_sms_sending.c(275): warning:  #167-D: argument of type "unsigned char *" is incompatible with parameter of type "const char *"
..\sources\Modem\phone_sms_sending.c(289): warning:  #223-D: function "snprintf" declared implicitly
..\sources\Modem\phone_sms_sending.c(289): error:  #20: identifier "MESSAGESIZE" is undefined
..\sources\Modem\phone_sms_sending.c(294): warning:  #223-D: function "snprintf" declared implicitly
..\sources\Modem\phone_sms_sending.c(294): error:  #20: identifier "MESSAGESIZE" is undefined
..\sources\Modem\phone_sms_sending.c(342): warning:  #223-D: function "snprintf" declared implicitly
..\sources\Modem\phone_sms_sending.c(342): error:  #20: identifier "MESSAGESIZE" is undefined
..\sources\Modem\phone_sms_sending.c(505): warning:  #223-D: function "snprintf" declared implicitly
..\sources\Modem\phone_sms_sending.c(505): error:  #20: identifier "MESSAGESIZE" is undefined
..\sources\Modem\phone_sms_sending.c(545): error:  #20: identifier "time_data" is undefined
..\sources\Modem\phone_sms_sending.c(550): warning:  #223-D: function "snprintf" declared implicitly
..\sources\Modem\phone_sms_sending.c(554): error:  #20: identifier "alarm_mode" is undefined
..\sources\Modem\phone_sms_sending.c(554): error:  #20: identifier "ALARM_OFF" is undefined
..\sources\Modem\phone_sms_sending.c(568): warning:  #223-D: function "snprintf" declared implicitly
..\sources\Modem\phone_sms_sending.c(568): error:  #20: identifier "MESSAGESIZE" is undefined
..\sources\Modem\phone_sms_sending.c(573): warning:  #223-D: function "snprintf" declared implicitly
..\sources\Modem\phone_sms_sending.c(573): error:  #20: identifier "MESSAGESIZE" is undefined
..\sources\Modem\phone_sms_sending.c(578): error:  #20: identifier "time_data" is undefined
..\sources\Modem\phone_sms_sending.c(602): error:  #20: identifier "alarm_mode" is undefined
..\sources\Modem\phone_sms_sending.c(602): error:  #20: identifier "ALARM_ON" is undefined
..\sources\Modem\phone_sms_sending.c(611): warning:  #223-D: function "snprintf" declared implicitly
..\sources\Modem\phone_sms_sending.c(611): error:  #20: identifier "MESSAGESIZE" is undefined
..\sources\Modem\phone_sms_sending.c(616): warning:  #223-D: function "snprintf" declared implicitly
..\sources\Modem\phone_sms_sending.c(616): error:  #20: identifier "MESSAGESIZE" is undefined
..\sources\Modem\phone_sms_sending.c(634): warning:  #223-D: function "snprintf" declared implicitly
..\sources\Modem\phone_sms_sending.c(634): error:  #20: identifier "MESSAGESIZE" is undefined
..\sources\Modem\phone_sms_sending.c(639): warning:  #223-D: function "snprintf" declared implicitly
..\sources\Modem\phone_sms_sending.c(639): error:  #20: identifier "MESSAGESIZE" is undefined
..\sources\Modem\phone_sms_sending.c(660): warning:  #223-D: function "snprintf" declared implicitly
..\sources\Modem\phone_sms_sending.c(660): error:  #20: identifier "MESSAGESIZE" is undefined
..\sources\Modem\phone_sms_sending.c(665): warning:  #223-D: function "snprintf" declared implicitly
..\sources\Modem\phone_sms_sending.c(665): error:  #20: identifier "MESSAGESIZE" is undefined
..\sources\Modem\phone_sms_sending.c(695): error:  #20: identifier "alarm_mode" is undefined
..\sources\Modem\phone_sms_sending.c(695): error:  #20: identifier "ALARM_ON" is undefined
..\sources\Modem\phone_sms_sending.c(697): warning:  #223-D: function "snprintf" declared implicitly
..\sources\Modem\phone_sms_sending.c(705): error:  #20: identifier "alarm_mode" is undefined
..\sources\Modem\phone_sms_sending.c(705): error:  #20: identifier "ALARM_OFF" is undefined
..\sources\Modem\phone_sms_sending.c(707): warning:  #223-D: function "snprintf" declared implicitly
..\sources\Modem\phone_sms_sending.c(743): warning:  #223-D: function "snprintf" declared implicitly
..\sources\Modem\phone_sms_sending.c(743): error:  #20: identifier "MESSAGESIZE" is undefined
..\sources\Modem\phone_sms_sending.c(759): error:  #20: identifier "time_data" is undefined
[...]
..\sources\Modem\phone_sms_sending.c(666): error:  #20: identifier "MESSAGESIZE" is undefined
..\sources\Modem\phone_sms_sending.c(686): warning:  #513-D: a value of type "char *" cannot be assigned to an entity of type "unsigned char *"
..\sources\Modem\phone_sms_sending.c(696): error:  #20: identifier "alarm_mode" is undefined
..\sources\Modem\phone_sms_sending.c(696): error:  #20: identifier "ALARM_ON" is undefined
..\sources\Modem\phone_sms_sending.c(706): error:  #20: identifier "alarm_mode" is undefined
..\sources\Modem\phone_sms_sending.c(706): error:  #20: identifier "ALARM_OFF" is undefined
..\sources\Modem\phone_sms_sending.c(744): error:  #20: identifier "MESSAGESIZE" is undefined
..\sources\Modem\phone_sms_sending.c(760): error:  #20: identifier "time_data" is undefined
..\sources\Modem\phone_sms_sending.c(792): error:  #20: identifier "overspeed_limit_par" is undefined
..\sources\Modem\phone_sms_sending.c(796): error:  #20: identifier "overspeed_limit_par" is undefined
..\sources\Modem\phone_sms_sending.c(800): error:  #20: identifier "MESSAGESIZE" is undefined
..\sources\Modem\phone_sms_sending.c(800): error:  #20: identifier "overspeed_limit_par" is undefined
compiling phone_zip.c...
..\sources\Modem\phone_zip.c(40): error:  #147-D: declaration is incompatible with "int ZIP_compress(unsigned char *, unsigned char *, unsigned char *)" (declared at line 30 of "..\headers\Modem\phone_zip.h")
compiling nmea_api.c...
..\sources\GPS\nmea_api.c(21): error:  #5: cannot open source input file "usart.h": No such file or directory
compiling nmea_data.c...
..\headers\GPS\nmea_api.h(19): error:  #20: identifier "bool" is undefined
..\sources\GPS\nmea_data.c(18): error:  #5: cannot open source input file "usart_api.h": No such file or directory
Target not created
Build target 'FLEET'
compiling phone_sms_sending.c...
..\sources\Modem\phone_sms_sending.c(127): error:  #20: identifier "RXBuffer" is undefined
..\sources\Modem\phone_sms_sending.c(276): warning:  #167-D: argument of type "unsigned char *" is incompatible with parameter of type "const char *"
..\sources\Modem\phone_sms_sending.c(546): error:  #20: identifier "time_data" is undefined
..\sources\Modem\phone_sms_sending.c(555): error:  #20: identifier "alarm_mode" is undefined
..\sources\Modem\phone_sms_sending.c(555): error:  #20: identifier "ALARM_OFF" is undefined
..\sources\Modem\phone_sms_sending.c(579): error:  #20: identifier "time_data" is undefined
..\sources\Modem\phone_sms_sending.c(603): error:  #20: identifier "alarm_mode" is undefined
..\sources\Modem\phone_sms_sending.c(603): error:  #20: identifier "ALARM_ON" is undefined
..\sources\Modem\phone_sms_sending.c(686): warning:  #513-D: a value of type "char *" cannot be assigned to an entity of type "unsigned char *"
..\sources\Modem\phone_sms_sending.c(696): error:  #20: identifier "alarm_mode" is undefined
..\sources\Modem\phone_sms_sending.c(696): error:  #20: identifier "ALARM_ON" is undefined
..\sources\Modem\phone_sms_sending.c(706): error:  #20: identifier "alarm_mode" is undefined
..\sources\Modem\phone_sms_sending.c(706): error:  #20: identifier "ALARM_OFF" is undefined
..\sources\Modem\phone_sms_sending.c(760): error:  #20: identifier "time_data" is undefined
..\sources\Modem\phone_sms_sending.c(792): error:  #20: identifier "overspeed_limit_par" is undefined
..\sources\Modem\phone_sms_sending.c(796): error:  #20: identifier "overspeed_limit_par" is undefined
..\sources\Modem\phone_sms_sending.c(800): error:  #20: identifier "overspeed_limit_par" is undefined
compiling phone_zip.c...
..\sources\Modem\phone_zip.c(40): error:  #147-D: declaration is incompatible with "int ZIP_compress(unsigned char *, unsigned char *, unsigned char *)" (declared at line 30 of "..\headers\Modem\phone_zip.h")
compiling nmea_api.c...
..\sources\GPS\nmea_api.c(21): error:  #5: cannot open source input file "usart.h": No such file or directory
compiling nmea_data.c...
..\headers\GPS\nmea_api.h(19): error:  #20: identifier "bool" is undefined
..\sources\GPS\nmea_data.c(18): error:  #5: cannot open source input file "usart_api.h": No such file or directory
Target not created
Build target 'FLEET'
compiling phone_sms_sending.c...
..\sources\Modem\phone_sms_sending.c(36): error:  #147: declaration is incompatible with "char modem_packet[512]" (declared at line 5 of "..\headers\uart.h")
..\sources\Modem\phone_sms_sending.c(127): error:  #20: identifier "RXBuffer" is undefined
..\sources\Modem\phone_sms_sending.c(276): warning:  #167-D: argument of type "unsigned char *" is incompatible with parameter of type "const char *"
..\sources\Modem\phone_sms_sending.c(546): error:  #20: identifier "time_data" is undefined
..\sources\Modem\phone_sms_sending.c(555): error:  #20: identifier "alarm_mode" is undefined
..\sources\Modem\phone_sms_sending.c(555): error:  #20: identifier "ALARM_OFF" is undefined
..\sources\Modem\phone_sms_sending.c(579): error:  #20: identifier "time_data" is undefined
..\sources\Modem\phone_sms_sending.c(603): error:  #20: identifier "alarm_mode" is undefined
..\sources\Modem\phone_sms_sending.c(603): error:  #20: identifier "ALARM_ON" is undefined
..\sources\Modem\phone_sms_sending.c(686): warning:  #513-D: a value of type "char *" cannot be assigned to an entity of type "unsigned char *"
..\sources\Modem\phone_sms_sending.c(696): error:  #20: identifier "alarm_mode" is undefined
..\sources\Modem\phone_sms_sending.c(696): error:  #20: identifier "ALARM_ON" is undefined
..\sources\Modem\phone_sms_sending.c(706): error:  #20: identifier "alarm_mode" is undefined
..\sources\Modem\phone_sms_sending.c(706): error:  #20: identifier "ALARM_OFF" is undefined
..\sources\Modem\phone_sms_sending.c(760): error:  #20: identifier "time_data" is undefined
..\sources\Modem\phone_sms_sending.c(792): error:  #20: identifier "overspeed_limit_par" is undefined
..\sources\Modem\phone_sms_sending.c(796): error:  #20: identifier "overspeed_limit_par" is undefined
..\sources\Modem\phone_sms_sending.c(800): error:  #20: identifier "overspeed_limit_par" is undefined
compiling phone_zip.c...
..\sources\Modem\phone_zip.c(40): error:  #147-D: declaration is incompatible with "int ZIP_compress(unsigned char *, unsigned char *, unsigned char *)" (declared at line 30 of "..\headers\Modem\phone_zip.h")
compiling nmea_api.c...
..\sources\GPS\nmea_api.c(21): error:  #5: cannot open source input file "usart.h": No such file or directory
compiling nmea_data.c...
..\headers\GPS\nmea_api.h(19): error:  #20: identifier "bool" is undefined
..\sources\GPS\nmea_data.c(18): error:  #5: cannot open source input file "usart_api.h": No such file or directory
Target not created
Build target 'FLEET'
compiling phone_sms_sending.c...
..\sources\Modem\phone_sms_sending.c(127): error:  #20: identifier "RXBuffer" is undefined
..\sources\Modem\phone_sms_sending.c(546): error:  #20: identifier "time_data" is undefined
..\sources\Modem\phone_sms_sending.c(555): error:  #20: identifier "alarm_mode" is undefined
..\sources\Modem\phone_sms_sending.c(555): error:  #20: identifier "ALARM_OFF" is undefined
..\sources\Modem\phone_sms_sending.c(579): error:  #20: identifier "time_data" is undefined
..\sources\Modem\phone_sms_sending.c(603): error:  #20: identifier "alarm_mode" is undefined
..\sources\Modem\phone_sms_sending.c(603): error:  #20: identifier "ALARM_ON" is undefined
..\sources\Modem\phone_sms_sending.c(686): warning:  #513-D: a value of type "char *" cannot be assigned to an entity of type "unsigned char *"
..\sources\Modem\phone_sms_sending.c(696): error:  #20: identifier "alarm_mode" is undefined
..\sources\Modem\phone_sms_sending.c(696): error:  #20: identifier "ALARM_ON" is undefined
..\sources\Modem\phone_sms_sending.c(706): error:  #20: identifier "alarm_mode" is undefined
..\sources\Modem\phone_sms_sending.c(706): error:  #20: identifier "ALARM_OFF" is undefined
..\sources\Modem\phone_sms_sending.c(760): error:  #20: identifier "time_data" is undefined
..\sources\Modem\phone_sms_sending.c(792): error:  #20: identifier "overspeed_limit_par" is undefined
..\sources\Modem\phone_sms_sending.c(796): error:  #20: identifier "overspeed_limit_par" is undefined
..\sources\Modem\phone_sms_sending.c(800): error:  #20: identifier "overspeed_limit_par" is undefined
compiling phone_zip.c...
..\sources\Modem\phone_zip.c(40): error:  #147-D: declaration is incompatible with "int ZIP_compress(unsigned char *, unsigned char *, unsigned char *)" (declared at line 30 of "..\headers\Modem\phone_zip.h")
compiling nmea_api.c...
..\sources\GPS\nmea_api.c(21): error:  #5: cannot open source input file "usart.h": No such file or directory
compiling nmea_data.c...
..\headers\GPS\nmea_api.h(19): error:  #20: identifier "bool" is undefined
..\sources\GPS\nmea_data.c(18): error:  #5: cannot open source input file "usart_api.h": No such file or directory
Target not created
Build target 'FLEET'
compiling phone_sms_sending.c...
..\sources\Modem\phone_sms_sending.c(98): warning:  #177-D: variable "log_cnt" was declared but never referenced
..\sources\Modem\phone_sms_sending.c(100): warning:  #177-D: variable "str_pnt" was declared but never referenced
..\sources\Modem\phone_sms_sending.c(102): warning:  #177-D: variable "sms_retry_counter" was declared but never referenced
..\sources\Modem\phone_sms_sending.c(504): error:  #20: identifier "time_data" is undefined
..\sources\Modem\phone_sms_sending.c(513): error:  #20: identifier "alarm_mode" is undefined
..\sources\Modem\phone_sms_sending.c(513): error:  #20: identifier "ALARM_OFF" is undefined
..\sources\Modem\phone_sms_sending.c(537): error:  #20: identifier "time_data" is undefined
..\sources\Modem\phone_sms_sending.c(561): error:  #20: identifier "alarm_mode" is undefined
..\sources\Modem\phone_sms_sending.c(561): error:  #20: identifier "ALARM_ON" is undefined
..\sources\Modem\phone_sms_sending.c(644): warning:  #513-D: a value of type "char *" cannot be assigned to an entity of type "unsigned char *"
..\sources\Modem\phone_sms_sending.c(654): error:  #20: identifier "alarm_mode" is undefined
..\sources\Modem\phone_sms_sending.c(654): error:  #20: identifier "ALARM_ON" is undefined
..\sources\Modem\phone_sms_sending.c(664): error:  #20: identifier "alarm_mode" is undefined
..\sources\Modem\phone_sms_sending.c(664): error:  #20: identifier "ALARM_OFF" is undefined
..\sources\Modem\phone_sms_sending.c(718): error:  #20: identifier "time_data" is undefined
..\sources\Modem\phone_sms_sending.c(750): error:  #20: identifier "overspeed_limit_par" is undefined
..\sources\Modem\phone_sms_sending.c(754): error:  #20: identifier "overspeed_limit_par" is undefined
..\sources\Modem\phone_sms_sending.c(758): error:  #20: identifier "overspeed_limit_par" is undefined
compiling phone_zip.c...
..\sources\Modem\phone_zip.c(40): error:  #147-D: declaration is incompatible with "int ZIP_compress(unsigned char *, unsigned char *, unsigned char *)" (declared at line 30 of "..\headers\Modem\phone_zip.h")
compiling nmea_api.c...
..\sources\GPS\nmea_api.c(21): error:  #5: cannot open source input file "usart.h": No such file or directory
compiling nmea_data.c...
..\headers\GPS\nmea_api.h(19): error:  #20: identifier "bool" is undefined
..\sources\GPS\nmea_data.c(18): error:  #5: cannot open source input file "usart_api.h": No such file or directory
Target not created
Build target 'FLEET'
compiling phone_sms_sending.c...
..\sources\Modem\phone_sms_sending.c(339): error:  #20: identifier "time_data" is undefined
..\sources\Modem\phone_sms_sending.c(371): error:  #20: identifier "overspeed_limit_par" is undefined
..\sources\Modem\phone_sms_sending.c(375): error:  #20: identifier "overspeed_limit_par" is undefined
..\sources\Modem\phone_sms_sending.c(379): error:  #20: identifier "overspeed_limit_par" is undefined
..\sources\Modem\phone_sms_sending.c(50): warning:  #177-D: variable "sms_index" was declared but never referenced
..\sources\Modem\phone_sms_sending.c(97): warning:  #177-D: function "Update_PDU_Struct" was declared but never referenced
..\sources\Modem\phone_sms_sending.c(238): warning:  #177-D: function "config_modem" was declared but never referenced
..\sources\Modem\phone_sms_sending.c(337): warning:  #177-D: function "reset_working_time" was declared but never referenced
compiling phone_zip.c...
..\sources\Modem\phone_zip.c(40): error:  #147-D: declaration is incompatible with "int ZIP_compress(unsigned char *, unsigned char *, unsigned char *)" (declared at line 30 of "..\headers\Modem\phone_zip.h")
compiling nmea_api.c...
..\sources\GPS\nmea_api.c(21): error:  #5: cannot open source input file "usart.h": No such file or directory
compiling nmea_data.c...
..\headers\GPS\nmea_api.h(19): error:  #20: identifier "bool" is undefined
..\sources\GPS\nmea_data.c(18): error:  #5: cannot open source input file "usart_api.h": No such file or directory
Target not created
Build target 'FLEET'
compiling phone_sms_sending.c...
..\sources\Modem\phone_sms_sending.c(306): error:  #20: identifier "time_data" is undefined
..\sources\Modem\phone_sms_sending.c(64): warning:  #177-D: function "Update_PDU_Struct" was declared but never referenced
..\sources\Modem\phone_sms_sending.c(205): warning:  #177-D: function "config_modem" was declared but never referenced
..\sources\Modem\phone_sms_sending.c(304): warning:  #177-D: function "reset_working_time" was declared but never referenced
compiling phone_zip.c...
..\sources\Modem\phone_zip.c(40): error:  #147-D: declaration is incompatible with "int ZIP_compress(unsigned char *, unsigned char *, unsigned char *)" (declared at line 30 of "..\headers\Modem\phone_zip.h")
compiling nmea_api.c...
..\sources\GPS\nmea_api.c(21): error:  #5: cannot open source input file "usart.h": No such file or directory
compiling nmea_data.c...
..\headers\GPS\nmea_api.h(19): error:  #20: identifier "bool" is undefined
..\sources\GPS\nmea_data.c(18): error:  #5: cannot open source input file "usart_api.h": No such file or directory
Target not created
Build target 'FLEET'
compiling phone_api.c...
compiling phone_sms_sending.c...
..\sources\Modem\phone_sms_sending.c(64): warning:  #177-D: function "Update_PDU_Struct" was declared but never referenced
..\sources\Modem\phone_sms_sending.c(205): warning:  #177-D: function "config_modem" was declared but never referenced
..\sources\Modem\phone_sms_sending.c(304): warning:  #177-D: function "reset_working_time" was declared but never referenced
compiling phone_zip.c...
..\sources\Modem\phone_zip.c(40): error:  #147-D: declaration is incompatible with "int ZIP_compress(unsigned char *, unsigned char *, unsigned char *)" (declared at line 30 of "..\headers\Modem\phone_zip.h")
compiling nmea_api.c...
..\sources\GPS\nmea_api.c(21): error:  #5: cannot open source input file "usart.h": No such file or directory
compiling nmea_data.c...
..\headers\GPS\nmea_api.h(19): error:  #20: identifier "bool" is undefined
..\sources\GPS\nmea_data.c(18): error:  #5: cannot open source input file "usart_api.h": No such file or directory
Target not created
Build target 'FLEET'
compiling phone_zip.c...
compiling nmea_api.c...
..\sources\GPS\nmea_api.c(21): error:  #5: cannot open source input file "usart.h": No such file or directory
compiling nmea_data.c...
..\headers\GPS\nmea_api.h(19): error:  #20: identifier "bool" is undefined
..\sources\GPS\nmea_data.c(18): error:  #5: cannot open source input file "usart_api.h": No such file or directory
Target not created
Build target 'FLEET'
compiling nmea_api.c...
..\sources\GPS\nmea_api.c(250): warning:  #223-D: function "print_to_serial_3" declared implicitly
compiling nmea_data.c...
..\headers\GPS\nmea_api.h(19): error:  #20: identifier "bool" is undefined
..\sources\GPS\nmea_data.c(18): error:  #5: cannot open source input file "usart_api.h": No such file or directory
Target not created
Build target 'FLEET'
compiling nmea_api.c...
compiling nmea_data.c...
..\headers\GPS\nmea_api.h(19): error:  #20: identifier "bool" is undefined
..\sources\GPS\nmea_data.c(18): error:  #5: cannot open source input file "usart_api.h": No such file or directory
Target not created
Build target 'FLEET'
compiling phone_sms_sending.c...
..\headers\GPS\nmea_api.h(2): error:  #84: invalid combination of type specifiers
..\sources\Modem\phone_sms_sending.c(64): warning:  #177-D: function "Update_PDU_Struct" was declared but never referenced
..\sources\Modem\phone_sms_sending.c(205): warning:  #177-D: function "config_modem" was declared but never referenced
..\sources\Modem\phone_sms_sending.c(304): warning:  #177-D: function "reset_working_time" was declared but never referenced
compiling nmea_api.c...
..\headers\GPS\nmea_api.h(2): error:  #84: invalid combination of type specifiers
compiling nmea_data.c...
..\sources\GPS\nmea_data.c(18): error:  #5: cannot open source input file "usart_api.h": No such file or directory
Target not created
Build target 'FLEET'
compiling phone_sms_sending.c...
..\sources\Modem\phone_sms_sending.c(64): warning:  #177-D: function "Update_PDU_Struct" was declared but never referenced
..\sources\Modem\phone_sms_sending.c(205): warning:  #177-D: function "config_modem" was declared but never referenced
..\sources\Modem\phone_sms_sending.c(304): warning:  #177-D: function "reset_working_time" was declared but never referenced
compiling nmea_api.c...
compiling nmea_data.c...
..\sources\GPS\nmea_data.c(18): error:  #5: cannot open source input file "usart_api.h": No such file or directory
Target not created
Build target 'FLEET'
compiling nmea_data.c...
linking...
fleet.axf: Error: L6200E: Symbol modem_packet multiply defined (by acc_api.o and main.o).
fleet.axf: Error: L6200E: Symbol modem_packet multiply defined (by leds.o and main.o).
fleet.axf: Error: L6200E: Symbol modem_packet multiply defined (by uart_api.o and main.o).
fleet.axf: Error: L6200E: Symbol modem_packet multiply defined (by uart_driver.o and main.o).
fleet.axf: Error: L6200E: Symbol modem_packet multiply defined (by phone_api.o and main.o).
fleet.axf: Error: L6200E: Symbol modem_packet multiply defined (by phone_com.o and main.o).
fleet.axf: Error: L6200E: Symbol modem_packet multiply defined (by phone_sms_sending.o and main.o).
fleet.axf: Error: L6200E: Symbol modem_packet multiply defined (by nmea_api.o and main.o).
fleet.axf: Error: L6200E: Symbol modem_packet multiply defined (by nmea_data.o and main.o).
Target not created
Build target 'FLEET'
compiling main.c...
compiling acc_api.c...
compiling leds.c...
compiling uart_api.c...
compiling uart_driver.c...
compiling phone_api.c...
compiling phone_com.c...
compiling phone_sms_sending.c...
..\sources\Modem\phone_sms_sending.c(64): warning:  #177-D: function "Update_PDU_Struct" was declared but never referenced
..\sources\Modem\phone_sms_sending.c(205): warning:  #177-D: function "config_modem" was declared but never referenced
..\sources\Modem\phone_sms_sending.c(304): warning:  #177-D: function "reset_working_time" was declared but never referenced
compiling nmea_api.c...
compiling nmea_data.c...
linking...
Program Size: Code=5724 RO-data=460 RW-data=68 ZI-data=6324  
FromELF: creating hex file...
"fleet.axf" - 0 Error(s), 3 Warning(s).
Build target 'FLEET'
compiling phone_sms_sending.c...
..\sources\Modem\phone_sms_sending.c(64): warning:  #177-D: function "Update_PDU_Struct" was declared but never referenced
..\sources\Modem\phone_sms_sending.c(205): warning:  #177-D: function "config_modem" was declared but never referenced
..\sources\Modem\phone_sms_sending.c(304): warning:  #177-D: function "reset_working_time" was declared but never referenced
linking...
Program Size: Code=5724 RO-data=460 RW-data=68 ZI-data=6324  
FromELF: creating hex file...
"fleet.axf" - 0 Error(s), 3 Warning(s).
Build target 'FLEET'
linking...
Program Size: Code=5724 RO-data=460 RW-data=68 ZI-data=6324  
FromELF: creating hex file...
"fleet.axf" - 0 Error(s), 0 Warning(s).
